
panic: test timed out after 10m0s
running tests:
        Test (10m0s)
        Test/testStreamingDelete (10m0s)

goroutine 112133 [running]:
testing.(*M).startAlarm.func1()
        C:/Program Files/Go/src/testing/testing.go:2259 +0x259
created by time.goFunc
        C:/Program Files/Go/src/time/sleep.go:176 +0x45

goroutine 1 [chan receive, 10 minutes]:
testing.(*T).Run(0xc0003d4b60, {0x14147ec51, 0x4}, 0x1414eed20)
        C:/Program Files/Go/src/testing/testing.go:1649 +0x871
testing.runTests.func1(0x0?)
        C:/Program Files/Go/src/testing/testing.go:2054 +0x85
testing.tRunner(0xc0003d4b60, 0xc000269af8)
        C:/Program Files/Go/src/testing/testing.go:1595 +0x262
testing.runTests(0xc000492000?, {0x1411d1820, 0x1, 0x1}, {0x1c?, 0x1e?, 0x141e969a0?})
        C:/Program Files/Go/src/testing/testing.go:2052 +0x8ae
testing.(*M).Run(0xc000492000)
        C:/Program Files/Go/src/testing/testing.go:1925 +0xcd8
main.main()
        _testmain.go:47 +0x2be

goroutine 20 [chan receive, 9 minutes]:
testing.tRunner.func1()
        C:/Program Files/Go/src/testing/testing.go:1561 +0x9ac
testing.tRunner(0xc0003d4d00, 0x1414eed20)
        C:/Program Files/Go/src/testing/testing.go:1601 +0x295
created by testing.(*T).Run in goroutine 1
        C:/Program Files/Go/src/testing/testing.go:1648 +0x846

goroutine 3269 [select, 9 minutes]:
google.golang.org/grpc/test/bufconn.(*Listener).DialContext(0xc000596400, {0x1416a7f20, 0x141eed400})
        C:/Users/Andres/go/pkg/mod/google.golang.org/grpc@v1.60.1/test/bufconn/bufconn.go:98 +0x265
github.com/andrescosta/goico/pkg/service.(*BufConn).Tranport.func1({0x140078d39?, 0x14007cdf1?}, {0x14007ce29?, 0xc00210d618?}, {0x1401a6125?, 0x0?})
        C:/Users/Andres/projects/go/goico/pkg/service/conn.go:119 +0x3d
net/http.(*Transport).dial(0xc001c13a40, {0x1416a81c0, 0xc00223d6c0}, {0x14147e8e2, 0x3}, {0xc001bba856, 0xa})
        C:/Program Files/Go/src/net/http/transport.go:1183 +0xf0
net/http.(*Transport).dialConn(0xc001c13a40, {0x1416a81c0, 0xc00223d6c0}, {{}, 0x0, {0xc00068f7e8, 0x4}, {0xc001bba856, 0xa}, 0x0})
        C:/Program Files/Go/src/net/http/transport.go:1625 +0xdc5
net/http.(*Transport).dialConnFor(0xc0017901a0?, 0xc000014d10)
        C:/Program Files/Go/src/net/http/transport.go:1467 +0x12a
created by net/http.(*Transport).queueForDial in goroutine 1707
        C:/Program Files/Go/src/net/http/transport.go:1436 +0x16b

goroutine 24 [select, 9 minutes]:
github.com/andrescosta/goico/pkg/test.WaitFor[...]({0x1416a7f20?, 0x141eed400}, 0xc00173c660)
        C:/Users/Andres/projects/go/goico/pkg/test/servicegroup.go:166 +0xbb
github.com/andrescosta/goico/pkg/test.WaitForClosed[...](...)
        C:/Users/Andres/projects/go/goico/pkg/test/servicegroup.go:161
github.com/andrescosta/jobico/internal/test.(*client).waitForCacheEvents(0xc0007fe640)
        C:/Users/Andres/projects/go/jobico/internal/test/client.go:368 +0x71
github.com/andrescosta/jobico/internal/test.testStreamingDelete(0xc0003d5a00)
        C:/Users/Andres/projects/go/jobico/internal/test/e2e_test.go:270 +0x5f9
github.com/andrescosta/jobico/internal/test.Test.func1(0x0?)
        C:/Users/Andres/projects/go/jobico/internal/test/e2e_test.go:177 +0x3f
testing.tRunner(0xc0003d5a00, 0xc0003b0e60)
        C:/Program Files/Go/src/testing/testing.go:1595 +0x262
created by testing.(*T).Run in goroutine 20
        C:/Program Files/Go/src/testing/testing.go:1648 +0x846

goroutine 66 [select, 10 minutes]:
google.golang.org/grpc/internal/grpcsync.(*CallbackSerializer).run(0xc00070c1b0, {0x1416a8150, 0xc000436050})
        C:/Users/Andres/go/pkg/mod/google.golang.org/grpc@v1.60.1/internal/grpcsync/callback_serializer.go:76 +0x1e9
created by google.golang.org/grpc/internal/grpcsync.NewCallbackSerializer in goroutine 24
        C:/Users/Andres/go/pkg/mod/google.golang.org/grpc@v1.60.1/internal/grpcsync/callback_serializer.go:52 +0x20e

goroutine 82 [select, 10 minutes]:
google.golang.org/grpc/internal/grpcsync.(*CallbackSerializer).run(0xc000606060, {0x1416a8150, 0xc0005240f0})
        C:/Users/Andres/go/pkg/mod/google.golang.org/grpc@v1.60.1/internal/grpcsync/callback_serializer.go:76 +0x1e9
created by google.golang.org/grpc/internal/grpcsync.NewCallbackSerializer in goroutine 24
        C:/Users/Andres/go/pkg/mod/google.golang.org/grpc@v1.60.1/internal/grpcsync/callback_serializer.go:52 +0x20e

goroutine 83 [select, 9 minutes]:
google.golang.org/grpc/internal/grpcsync.(*CallbackSerializer).run(0xc000606090, {0x1416a8150, 0xc000524140})
        C:/Users/Andres/go/pkg/mod/google.golang.org/grpc@v1.60.1/internal/grpcsync/callback_serializer.go:76 +0x1e9
created by google.golang.org/grpc/internal/grpcsync.NewCallbackSerializer in goroutine 24
        C:/Users/Andres/go/pkg/mod/google.golang.org/grpc@v1.60.1/internal/grpcsync/callback_serializer.go:52 +0x20e

goroutine 3447 [select, 9 minutes]:
google.golang.org/grpc/test/bufconn.(*Listener).DialContext(0xc000596400, {0x1416a7f20, 0x141eed400})
        C:/Users/Andres/go/pkg/mod/google.golang.org/grpc@v1.60.1/test/bufconn/bufconn.go:98 +0x265
github.com/andrescosta/goico/pkg/service.(*BufConn).Tranport.func1({0x140078d39?, 0x14007cdf1?}, {0x14007ce29?, 0xc001c61618?}, {0x1401a6125?, 0x0?})
        C:/Users/Andres/projects/go/goico/pkg/service/conn.go:119 +0x3d
net/http.(*Transport).dial(0xc001d03540, {0x1416a81c0, 0xc001cd01c0}, {0x14147e8e2, 0x3}, {0xc001cc2886, 0xa})
        C:/Program Files/Go/src/net/http/transport.go:1183 +0xf0
net/http.(*Transport).dialConn(0xc001d03540, {0x1416a81c0, 0xc001cd01c0}, {{}, 0x0, {0xc001c76540, 0x4}, {0xc001cc2886, 0xa}, 0x0})
        C:/Program Files/Go/src/net/http/transport.go:1625 +0xdc5
net/http.(*Transport).dialConnFor(0xa4e300?, 0xc0002e1ad0)
        C:/Program Files/Go/src/net/http/transport.go:1467 +0x12a
created by net/http.(*Transport).queueForDial in goroutine 1707
        C:/Program Files/Go/src/net/http/transport.go:1436 +0x16b

goroutine 3241 [select, 9 minutes]:
google.golang.org/grpc/test/bufconn.(*Listener).DialContext(0xc000596400, {0x1416a7f20, 0x141eed400})
        C:/Users/Andres/go/pkg/mod/google.golang.org/grpc@v1.60.1/test/bufconn/bufconn.go:98 +0x265
github.com/andrescosta/goico/pkg/service.(*BufConn).Tranport.func1({0x140078d39?, 0x14007cdf1?}, {0x14007ce29?, 0xc000287618?}, {0x1401a6125?, 0x0?})
        C:/Users/Andres/projects/go/goico/pkg/service/conn.go:119 +0x3d
net/http.(*Transport).dial(0xc0020f7680, {0x1416a81c0, 0xc00176a0e0}, {0x14147e8e2, 0x3}, {0xc001ddc9d6, 0xa})
        C:/Program Files/Go/src/net/http/transport.go:1183 +0xf0
net/http.(*Transport).dialConn(0xc0020f7680, {0x1416a81c0, 0xc00176a0e0}, {{}, 0x0, {0xc0006133b0, 0x4}, {0xc001ddc9d6, 0xa}, 0x0})
        C:/Program Files/Go/src/net/http/transport.go:1625 +0xdc5
net/http.(*Transport).dialConnFor(0xc0017901a0?, 0xc000e933f0)
        C:/Program Files/Go/src/net/http/transport.go:1467 +0x12a
created by net/http.(*Transport).queueForDial in goroutine 1707
        C:/Program Files/Go/src/net/http/transport.go:1436 +0x16b

goroutine 3574 [select, 9 minutes]:
google.golang.org/grpc/test/bufconn.(*Listener).DialContext(0xc000596400, {0x1416a7f20, 0x141eed400})
        C:/Users/Andres/go/pkg/mod/google.golang.org/grpc@v1.60.1/test/bufconn/bufconn.go:98 +0x265
github.com/andrescosta/goico/pkg/service.(*BufConn).Tranport.func1({0x140078d39?, 0x14007cdf1?}, {0x14007ce29?, 0xc002853618?}, {0x1401a6125?, 0x0?})
        C:/Users/Andres/projects/go/goico/pkg/service/conn.go:119 +0x3d
net/http.(*Transport).dial(0xc001d03e00, {0x1416a81c0, 0xc001cd0770}, {0x14147e8e2, 0x3}, {0xc001cc2fc6, 0xa})
        C:/Program Files/Go/src/net/http/transport.go:1183 +0xf0
net/http.(*Transport).dialConn(0xc001d03e00, {0x1416a81c0, 0xc001cd0770}, {{}, 0x0, {0xc001c76900, 0x4}, {0xc001cc2fc6, 0xa}, 0x0})
        C:/Program Files/Go/src/net/http/transport.go:1625 +0xdc5
net/http.(*Transport).dialConnFor(0xc0017901a0?, 0xc0002e1c30)
        C:/Program Files/Go/src/net/http/transport.go:1467 +0x12a
created by net/http.(*Transport).queueForDial in goroutine 1707
        C:/Program Files/Go/src/net/http/transport.go:1436 +0x16b

goroutine 2863 [select, 9 minutes]:
google.golang.org/grpc/test/bufconn.(*Listener).DialContext(0xc00051c520, {0x1416a7f20, 0x141eed400})
        C:/Users/Andres/go/pkg/mod/google.golang.org/grpc@v1.60.1/test/bufconn/bufconn.go:98 +0x265
github.com/andrescosta/goico/pkg/service.(*BufConn).Tranport.func1({0x140078d39?, 0x14007cdf1?}, {0x14007ce29?, 0xc0005d3618?}, {0x1401a6125?, 0x0?})
        C:/Users/Andres/projects/go/goico/pkg/service/conn.go:119 +0x3d
net/http.(*Transport).dial(0xc0003c5540, {0x1416a81c0, 0xc000db0b60}, {0x14147e8e2, 0x3}, {0xc0019761a6, 0xa})
        C:/Program Files/Go/src/net/http/transport.go:1183 +0xf0
net/http.(*Transport).dialConn(0xc0003c5540, {0x1416a81c0, 0xc000db0b60}, {{}, 0x0, {0xc0000d9a40, 0x4}, {0xc0019761a6, 0xa}, 0x0})
        C:/Program Files/Go/src/net/http/transport.go:1625 +0xdc5
net/http.(*Transport).dialConnFor(0xacba00?, 0xc0013e3e40)
        C:/Program Files/Go/src/net/http/transport.go:1467 +0x12a
created by net/http.(*Transport).queueForDial in goroutine 1924
        C:/Program Files/Go/src/net/http/transport.go:1436 +0x16b

goroutine 2480 [select, 9 minutes]:
google.golang.org/grpc/test/bufconn.(*Listener).DialContext(0xc000596400, {0x1416a7f20, 0x141eed400})
        C:/Users/Andres/go/pkg/mod/google.golang.org/grpc@v1.60.1/test/bufconn/bufconn.go:98 +0x265
github.com/andrescosta/goico/pkg/service.(*BufConn).Tranport.func1({0x140078d39?, 0x14007cdf1?}, {0x14007ce29?, 0xc001e5b618?}, {0x1401a6125?, 0x0?})
        C:/Users/Andres/projects/go/goico/pkg/service/conn.go:119 +0x3d
net/http.(*Transport).dial(0xc00039e280, {0x1416a81c0, 0xc001d16310}, {0x14147e8e2, 0x3}, {0xc0017aa026, 0xa})
        C:/Program Files/Go/src/net/http/transport.go:1183 +0xf0
net/http.(*Transport).dialConn(0xc00039e280, {0x1416a81c0, 0xc001d16310}, {{}, 0x0, {0xc00035a0a8, 0x4}, {0xc0017aa026, 0xa}, 0x0})
        C:/Program Files/Go/src/net/http/transport.go:1625 +0xdc5
net/http.(*Transport).dialConnFor(0xa0a800?, 0xc000f20c60)
        C:/Program Files/Go/src/net/http/transport.go:1467 +0x12a
created by net/http.(*Transport).queueForDial in goroutine 1707
        C:/Program Files/Go/src/net/http/transport.go:1436 +0x16b

goroutine 854 [select, 9 minutes]:
google.golang.org/grpc/internal/grpcsync.(*CallbackSerializer).run(0xc00030b510, {0x1416a8150, 0xc0009b2000})
        C:/Users/Andres/go/pkg/mod/google.golang.org/grpc@v1.60.1/internal/grpcsync/callback_serializer.go:76 +0x1e9
created by google.golang.org/grpc/internal/grpcsync.NewCallbackSerializer in goroutine 689
        C:/Users/Andres/go/pkg/mod/google.golang.org/grpc@v1.60.1/internal/grpcsync/callback_serializer.go:52 +0x20e

goroutine 2239 [select, 9 minutes]:
google.golang.org/grpc/test/bufconn.(*Listener).DialContext(0xc000596400, {0x1416a7f20, 0x141eed400})
        C:/Users/Andres/go/pkg/mod/google.golang.org/grpc@v1.60.1/test/bufconn/bufconn.go:98 +0x265
github.com/andrescosta/goico/pkg/service.(*BufConn).Tranport.func1({0x140078d39?, 0x14007cdf1?}, {0x14007ce29?, 0xc001397618?}, {0x1401a6125?, 0x0?})
        C:/Users/Andres/projects/go/goico/pkg/service/conn.go:119 +0x3d
net/http.(*Transport).dial(0xc0023b8000, {0x1416a81c0, 0xc0000f0150}, {0x14147e8e2, 0x3}, {0xc002582526, 0xa})
        C:/Program Files/Go/src/net/http/transport.go:1183 +0xf0
net/http.(*Transport).dialConn(0xc0023b8000, {0x1416a81c0, 0xc0000f0150}, {{}, 0x0, {0xc000042198, 0x4}, {0xc002582526, 0xa}, 0x0})
        C:/Program Files/Go/src/net/http/transport.go:1625 +0xdc5
net/http.(*Transport).dialConnFor(0xac8700?, 0xc001cbe4d0)
        C:/Program Files/Go/src/net/http/transport.go:1467 +0x12a
created by net/http.(*Transport).queueForDial in goroutine 1707
        C:/Program Files/Go/src/net/http/transport.go:1436 +0x16b

goroutine 115 [select, 10 minutes]:
google.golang.org/grpc/internal/grpcsync.(*CallbackSerializer).run(0xc0000a7590, {0x1416a8150, 0xc00059a140})
        C:/Users/Andres/go/pkg/mod/google.golang.org/grpc@v1.60.1/internal/grpcsync/callback_serializer.go:76 +0x1e9
created by google.golang.org/grpc/internal/grpcsync.NewCallbackSerializer in goroutine 24
        C:/Users/Andres/go/pkg/mod/google.golang.org/grpc@v1.60.1/internal/grpcsync/callback_serializer.go:52 +0x20e

goroutine 116 [select, 10 minutes]:
google.golang.org/grpc/internal/grpcsync.(*CallbackSerializer).run(0xc0000a75c0, {0x1416a8150, 0xc00059a190})
        C:/Users/Andres/go/pkg/mod/google.golang.org/grpc@v1.60.1/internal/grpcsync/callback_serializer.go:76 +0x1e9
created by google.golang.org/grpc/internal/grpcsync.NewCallbackSerializer in goroutine 24
        C:/Users/Andres/go/pkg/mod/google.golang.org/grpc@v1.60.1/internal/grpcsync/callback_serializer.go:52 +0x20e

goroutine 117 [select, 9 minutes]:
google.golang.org/grpc/internal/grpcsync.(*CallbackSerializer).run(0xc0000a7620, {0x1416a8150, 0xc00059a1e0})
        C:/Users/Andres/go/pkg/mod/google.golang.org/grpc@v1.60.1/internal/grpcsync/callback_serializer.go:76 +0x1e9
created by google.golang.org/grpc/internal/grpcsync.NewCallbackSerializer in goroutine 24
        C:/Users/Andres/go/pkg/mod/google.golang.org/grpc@v1.60.1/internal/grpcsync/callback_serializer.go:52 +0x20e

goroutine 3276 [select, 9 minutes]:
google.golang.org/grpc/test/bufconn.(*Listener).DialContext(0xc000596400, {0x1416a7f20, 0x141eed400})
        C:/Users/Andres/go/pkg/mod/google.golang.org/grpc@v1.60.1/test/bufconn/bufconn.go:98 +0x265
github.com/andrescosta/goico/pkg/service.(*BufConn).Tranport.func1({0x140078d39?, 0x14007cdf1?}, {0x14007ce29?, 0xc001bdf618?}, {0x1401a6125?, 0x0?})
        C:/Users/Andres/projects/go/goico/pkg/service/conn.go:119 +0x3d
net/http.(*Transport).dial(0xc001c13cc0, {0x1416a81c0, 0xc00223d960}, {0x14147e8e2, 0x3}, {0xc001bbab76, 0xa})
        C:/Program Files/Go/src/net/http/transport.go:1183 +0xf0
net/http.(*Transport).dialConn(0xc001c13cc0, {0x1416a81c0, 0xc00223d960}, {{}, 0x0, {0xc00068f9c8, 0x4}, {0xc001bbab76, 0xa}, 0x0})
        C:/Program Files/Go/src/net/http/transport.go:1625 +0xdc5
net/http.(*Transport).dialConnFor(0xc0017901a0?, 0xc000014e70)
        C:/Program Files/Go/src/net/http/transport.go:1467 +0x12a
created by net/http.(*Transport).queueForDial in goroutine 1707
        C:/Program Files/Go/src/net/http/transport.go:1436 +0x16b

goroutine 1861 [select, 9 minutes]:
google.golang.org/grpc/test/bufconn.(*Listener).DialContext(0xc000596400, {0x1416a7f20, 0x141eed400})
        C:/Users/Andres/go/pkg/mod/google.golang.org/grpc@v1.60.1/test/bufconn/bufconn.go:98 +0x265
github.com/andrescosta/goico/pkg/service.(*BufConn).Tranport.func1({0x140078d39?, 0x14007cdf1?}, {0x14007ce29?, 0xc001add618?}, {0x1401a6125?, 0x0?})
        C:/Users/Andres/projects/go/goico/pkg/service/conn.go:119 +0x3d
net/http.(*Transport).dial(0xc0015a17c0, {0x1416a81c0, 0xc001b8e9a0}, {0x14147e8e2, 0x3}, {0xc001bb8526, 0xa})
        C:/Program Files/Go/src/net/http/transport.go:1183 +0xf0
net/http.(*Transport).dialConn(0xc0015a17c0, {0x1416a81c0, 0xc001b8e9a0}, {{}, 0x0, {0xc00068f2f0, 0x4}, {0xc001bb8526, 0xa}, 0x0})
        C:/Program Files/Go/src/net/http/transport.go:1625 +0xdc5
net/http.(*Transport).dialConnFor(0xc001bb51e0?, 0xc000f20b00)
        C:/Program Files/Go/src/net/http/transport.go:1467 +0x12a
created by net/http.(*Transport).queueForDial in goroutine 1707
        C:/Program Files/Go/src/net/http/transport.go:1436 +0x16b

goroutine 1133 [sync.Cond.Wait, 9 minutes]:
sync.runtime_notifyListWait(0xc000124bb8, 0x3)
        C:/Program Files/Go/src/runtime/sema.go:527 +0x15d
sync.(*Cond).Wait(0xc000124ba8)
        C:/Program Files/Go/src/sync/cond.go:70 +0x76
google.golang.org/grpc/test/bufconn.(*pipe).Read(0xc000124b40, {0xc000a48000, 0x8000, 0x4?})
        C:/Users/Andres/go/pkg/mod/google.golang.org/grpc@v1.60.1/test/bufconn/bufconn.go:173 +0x105
bufio.(*Reader).Read(0xc00044e2a0, {0xc00083e040, 0x9, 0x9})
        C:/Program Files/Go/src/bufio/bufio.go:244 +0x4be
io.ReadAtLeast({0x14169aea0, 0xc00044e2a0}, {0xc00083e040, 0x9, 0x9}, 0x9)
        C:/Program Files/Go/src/io/io.go:335 +0xd0
io.ReadFull(...)
        C:/Program Files/Go/src/io/io.go:354
golang.org/x/net/http2.readFrameHeader({0xc00083e040, 0x9, 0x9}, {0x14169aea0, 0xc00044e2a0})
        C:/Users/Andres/go/pkg/mod/golang.org/x/net@v0.20.0/http2/frame.go:237 +0x9b
golang.org/x/net/http2.(*Framer).ReadFrame(0xc00083e000)
        C:/Users/Andres/go/pkg/mod/golang.org/x/net@v0.20.0/http2/frame.go:498 +0xf5
google.golang.org/grpc/internal/transport.(*http2Client).reader(0xc0009446c0, 0xc000df0460?)
        C:/Users/Andres/go/pkg/mod/google.golang.org/grpc@v1.60.1/internal/transport/http2_client.go:1587 +0x2e5
created by google.golang.org/grpc/internal/transport.newHTTP2Client in goroutine 685
        C:/Users/Andres/go/pkg/mod/google.golang.org/grpc@v1.60.1/internal/transport/http2_client.go:398 +0x2fd6

goroutine 3024 [select, 9 minutes]:
google.golang.org/grpc/test/bufconn.(*Listener).DialContext(0xc000596400, {0x1416a7f20, 0x141eed400})
        C:/Users/Andres/go/pkg/mod/google.golang.org/grpc@v1.60.1/test/bufconn/bufconn.go:98 +0x265
github.com/andrescosta/goico/pkg/service.(*BufConn).Tranport.func1({0x140078d39?, 0x14007cdf1?}, {0x14007ce29?, 0xc0007e3618?}, {0x1401a6125?, 0x0?})
        C:/Users/Andres/projects/go/goico/pkg/service/conn.go:119 +0x3d
net/http.(*Transport).dial(0xc001c137c0, {0x1416a81c0, 0xc00223d5e0}, {0x14147e8e2, 0x3}, {0xc001bba776, 0xa})
        C:/Program Files/Go/src/net/http/transport.go:1183 +0xf0
net/http.(*Transport).dialConn(0xc001c137c0, {0x1416a81c0, 0xc00223d5e0}, {{}, 0x0, {0xc00068f740, 0x4}, {0xc001bba776, 0xa}, 0x0})
        C:/Program Files/Go/src/net/http/transport.go:1625 +0xdc5
net/http.(*Transport).dialConnFor(0xa12000?, 0xc000014c60)
        C:/Program Files/Go/src/net/http/transport.go:1467 +0x12a
created by net/http.(*Transport).queueForDial in goroutine 1707
        C:/Program Files/Go/src/net/http/transport.go:1436 +0x16b

goroutine 151 [select, 10 minutes]:
google.golang.org/grpc/internal/grpcsync.(*CallbackSerializer).run(0xc00050c410, {0x1416a8150, 0xc0004ee050})
        C:/Users/Andres/go/pkg/mod/google.golang.org/grpc@v1.60.1/internal/grpcsync/callback_serializer.go:76 +0x1e9
created by google.golang.org/grpc/internal/grpcsync.NewCallbackSerializer in goroutine 24
        C:/Users/Andres/go/pkg/mod/google.golang.org/grpc@v1.60.1/internal/grpcsync/callback_serializer.go:52 +0x20e

goroutine 217 [select, 10 minutes]:
google.golang.org/grpc/internal/grpcsync.(*CallbackSerializer).run(0xc000698890, {0x1416a8150, 0xc0001956d0})
        C:/Users/Andres/go/pkg/mod/google.golang.org/grpc@v1.60.1/internal/grpcsync/callback_serializer.go:76 +0x1e9
created by google.golang.org/grpc/internal/grpcsync.NewCallbackSerializer in goroutine 24
        C:/Users/Andres/go/pkg/mod/google.golang.org/grpc@v1.60.1/internal/grpcsync/callback_serializer.go:52 +0x20e

goroutine 3259 [select, 9 minutes]:
google.golang.org/grpc/test/bufconn.(*Listener).DialContext(0xc00051c520, {0x1416a7f20, 0x141eed400})
        C:/Users/Andres/go/pkg/mod/google.golang.org/grpc@v1.60.1/test/bufconn/bufconn.go:98 +0x265
github.com/andrescosta/goico/pkg/service.(*BufConn).Tranport.func1({0x140078d39?, 0x14007cdf1?}, {0x14007ce29?, 0xc0009e7618?}, {0x1401a6125?, 0x0?})
        C:/Users/Andres/projects/go/goico/pkg/service/conn.go:119 +0x3d
net/http.(*Transport).dial(0xc001935540, {0x1416a81c0, 0xc0015024d0}, {0x14147e8e2, 0x3}, {0xc002304056, 0xa})
        C:/Program Files/Go/src/net/http/transport.go:1183 +0xf0
net/http.(*Transport).dialConn(0xc001935540, {0x1416a81c0, 0xc0015024d0}, {{}, 0x0, {0xc001a78b10, 0x4}, {0xc002304056, 0xa}, 0x0})
        C:/Program Files/Go/src/net/http/transport.go:1625 +0xdc5
net/http.(*Transport).dialConnFor(0xc0017901a0?, 0xc001a7a210)
        C:/Program Files/Go/src/net/http/transport.go:1467 +0x12a
created by net/http.(*Transport).queueForDial in goroutine 1924
        C:/Program Files/Go/src/net/http/transport.go:1436 +0x16b

goroutine 152 [select, 10 minutes]:
google.golang.org/grpc/internal/grpcsync.(*CallbackSerializer).run(0xc00050c4c0, {0x1416a8150, 0xc0004eeb40})
        C:/Users/Andres/go/pkg/mod/google.golang.org/grpc@v1.60.1/internal/grpcsync/callback_serializer.go:76 +0x1e9
created by google.golang.org/grpc/internal/grpcsync.NewCallbackSerializer in goroutine 24
        C:/Users/Andres/go/pkg/mod/google.golang.org/grpc@v1.60.1/internal/grpcsync/callback_serializer.go:52 +0x20e

goroutine 219 [select, 9 minutes]:
google.golang.org/grpc/internal/grpcsync.(*CallbackSerializer).run(0xc0006988f0, {0x1416a8150, 0xc000195770})
        C:/Users/Andres/go/pkg/mod/google.golang.org/grpc@v1.60.1/internal/grpcsync/callback_serializer.go:76 +0x1e9
created by google.golang.org/grpc/internal/grpcsync.NewCallbackSerializer in goroutine 24
        C:/Users/Andres/go/pkg/mod/google.golang.org/grpc@v1.60.1/internal/grpcsync/callback_serializer.go:52 +0x20e

goroutine 153 [select, 9 minutes]:
google.golang.org/grpc/internal/grpcsync.(*CallbackSerializer).run(0xc00050c4f0, {0x1416a8150, 0xc0004eeb90})
        C:/Users/Andres/go/pkg/mod/google.golang.org/grpc@v1.60.1/internal/grpcsync/callback_serializer.go:76 +0x1e9
created by google.golang.org/grpc/internal/grpcsync.NewCallbackSerializer in goroutine 24
        C:/Users/Andres/go/pkg/mod/google.golang.org/grpc@v1.60.1/internal/grpcsync/callback_serializer.go:52 +0x20e

goroutine 933 [select, 9 minutes]:
google.golang.org/grpc/internal/grpcsync.(*CallbackSerializer).run(0xc00070dfe0, {0x1416a8150, 0xc0003857c0})
        C:/Users/Andres/go/pkg/mod/google.golang.org/grpc@v1.60.1/internal/grpcsync/callback_serializer.go:76 +0x1e9
created by google.golang.org/grpc/internal/grpcsync.NewCallbackSerializer in goroutine 688
        C:/Users/Andres/go/pkg/mod/google.golang.org/grpc@v1.60.1/internal/grpcsync/callback_serializer.go:52 +0x20e

goroutine 218 [select, 10 minutes]:
google.golang.org/grpc/internal/grpcsync.(*CallbackSerializer).run(0xc0006988c0, {0x1416a8150, 0xc000195720})
        C:/Users/Andres/go/pkg/mod/google.golang.org/grpc@v1.60.1/internal/grpcsync/callback_serializer.go:76 +0x1e9
created by google.golang.org/grpc/internal/grpcsync.NewCallbackSerializer in goroutine 24
        C:/Users/Andres/go/pkg/mod/google.golang.org/grpc@v1.60.1/internal/grpcsync/callback_serializer.go:52 +0x20e

goroutine 1003 [select, 9 minutes]:
os/signal.NotifyContext.func1()
        C:/Program Files/Go/src/os/signal/signal.go:288 +0xc6
created by os/signal.NotifyContext in goroutine 688
        C:/Program Files/Go/src/os/signal/signal.go:287 +0x2bd

goroutine 1501 [select, 9 minutes]:
google.golang.org/grpc/internal/grpcsync.(*CallbackSerializer).run(0xc00070d590, {0x1416a8150, 0xc001381b30})
        C:/Users/Andres/go/pkg/mod/google.golang.org/grpc@v1.60.1/internal/grpcsync/callback_serializer.go:76 +0x1e9
created by google.golang.org/grpc/internal/grpcsync.NewCallbackSerializer in goroutine 1249
        C:/Users/Andres/go/pkg/mod/google.golang.org/grpc@v1.60.1/internal/grpcsync/callback_serializer.go:52 +0x20e

goroutine 2848 [select, 9 minutes]:
google.golang.org/grpc/test/bufconn.(*Listener).DialContext(0xc000596400, {0x1416a7f20, 0x141eed400})
        C:/Users/Andres/go/pkg/mod/google.golang.org/grpc@v1.60.1/test/bufconn/bufconn.go:98 +0x265
github.com/andrescosta/goico/pkg/service.(*BufConn).Tranport.func1({0x140078d39?, 0x14007cdf1?}, {0x14007ce29?, 0xc001cd5618?}, {0x1401a6125?, 0x0?})
        C:/Users/Andres/projects/go/goico/pkg/service/conn.go:119 +0x3d
net/http.(*Transport).dial(0xc0018037c0, {0x1416a81c0, 0xc001b8e690}, {0x14147e8e2, 0x3}, {0xc0018615a6, 0xa})
        C:/Program Files/Go/src/net/http/transport.go:1183 +0xf0
net/http.(*Transport).dialConn(0xc0018037c0, {0x1416a81c0, 0xc001b8e690}, {{}, 0x0, {0xc0000434d0, 0x4}, {0xc0018615a6, 0xa}, 0x0})
        C:/Program Files/Go/src/net/http/transport.go:1625 +0xdc5
net/http.(*Transport).dialConnFor(0xc0017901a0?, 0xc001cbee70)
        C:/Program Files/Go/src/net/http/transport.go:1467 +0x12a
created by net/http.(*Transport).queueForDial in goroutine 1707
        C:/Program Files/Go/src/net/http/transport.go:1436 +0x16b

goroutine 3168 [select, 9 minutes]:
google.golang.org/grpc/test/bufconn.(*Listener).DialContext(0xc000596400, {0x1416a7f20, 0x141eed400})
        C:/Users/Andres/go/pkg/mod/google.golang.org/grpc@v1.60.1/test/bufconn/bufconn.go:98 +0x265
github.com/andrescosta/goico/pkg/service.(*BufConn).Tranport.func1({0x140078d39?, 0x14007cdf1?}, {0x14007ce29?, 0xc001549618?}, {0x1401a6125?, 0x0?})
        C:/Users/Andres/projects/go/goico/pkg/service/conn.go:119 +0x3d
net/http.(*Transport).dial(0xc001e683c0, {0x1416a81c0, 0xc001e6e1c0}, {0x14147e8e2, 0x3}, {0xc000388a26, 0xa})
        C:/Program Files/Go/src/net/http/transport.go:1183 +0xf0
net/http.(*Transport).dialConn(0xc001e683c0, {0x1416a81c0, 0xc001e6e1c0}, {{}, 0x0, {0xc001e0c9c0, 0x4}, {0xc000388a26, 0xa}, 0x0})
        C:/Program Files/Go/src/net/http/transport.go:1625 +0xdc5
net/http.(*Transport).dialConnFor(0xc0003691e0?, 0xc000f211e0)
        C:/Program Files/Go/src/net/http/transport.go:1467 +0x12a
created by net/http.(*Transport).queueForDial in goroutine 1707
        C:/Program Files/Go/src/net/http/transport.go:1436 +0x16b

goroutine 2842 [runnable]:
google.golang.org/grpc/internal/transport.newRecvBuffer(...)
        C:/Users/Andres/go/pkg/mod/google.golang.org/grpc@v1.60.1/internal/transport/transport.go:96
google.golang.org/grpc/internal/transport.(*http2Client).newStream(0xc0007a2900, {0x1416a8118?, 0xc000dfecf0}, 0xc00194ef20)
        C:/Users/Andres/go/pkg/mod/google.golang.org/grpc@v1.60.1/internal/transport/http2_client.go:465 +0x76
google.golang.org/grpc/internal/transport.(*http2Client).NewStream(0xc0007a2900, {0x1416a8118, 0xc000dfec90}, 0xc001751c20)
        C:/Users/Andres/go/pkg/mod/google.golang.org/grpc@v1.60.1/internal/transport/http2_client.go:723 +0x427
google.golang.org/grpc.(*csAttempt).newStream(0xc001a29520)
        C:/Users/Andres/go/pkg/mod/google.golang.org/grpc@v1.60.1/stream.go:502 +0x210
google.golang.org/grpc.newClientStreamWithParams.func2(0xc001a29520)
        C:/Users/Andres/go/pkg/mod/google.golang.org/grpc@v1.60.1/stream.go:352 +0x47
google.golang.org/grpc.(*clientStream).withRetry(0xc001d918c0, 0xc000050e00, 0xc00194f4d8)
        C:/Users/Andres/go/pkg/mod/google.golang.org/grpc@v1.60.1/stream.go:776 +0x198
google.golang.org/grpc.newClientStreamWithParams({0x1416a81c0, 0xc001cd1500}, 0x141e956a0, 0xc0017a2000, {0x14148a5c5, 0xe}, {0x0, 0x0, 0x0, 0x0, ...}, ...)
        C:/Users/Andres/go/pkg/mod/google.golang.org/grpc@v1.60.1/stream.go:361 +0x16d8
google.golang.org/grpc.newClientStream.func3({0x1416a81c0, 0xc001cd1500}, 0xc001cd1500?)
        C:/Users/Andres/go/pkg/mod/google.golang.org/grpc@v1.60.1/stream.go:218 +0x192
google.golang.org/grpc.newClientStream({0x1416a81c0, 0xc001cd1500}, 0x141e956a0, 0xc0017a2000, {0x14148a5c5, 0xe}, {0x0, 0x0, 0xc001cc8b40?})
        C:/Users/Andres/go/pkg/mod/google.golang.org/grpc@v1.60.1/stream.go:253 +0xc0a
google.golang.org/grpc.invoke({0x1416a81c0, 0xc001cd1500}, {0x14148a5c5, 0xe}, {0x1413de4a0, 0xc001751bc0}, {0x141394940, 0xc0023908c0}, 0x4fd005f0?, {0x0, ...})
        C:/Users/Andres/go/pkg/mod/google.golang.org/grpc@v1.60.1/call.go:66 +0xc7
github.com/andrescosta/goico/pkg/service.(*BufConn).Dial.UnaryClientInterceptor.func3({0x1416a8150, 0xc001cc8b40}, {0x14148a5c5, 0xe}, {0x1413de4a0, 0xc001751bc0}, {0x141394940, 0xc0023908c0}, 0x40?, 0x1414f0070, ...)
        C:/Users/Andres/go/pkg/mod/github.com/grpc-ecosystem/go-grpc-middleware/v2@v2.0.1/interceptors/timeout/timeout.go:18 +0x144
google.golang.org/grpc.(*ClientConn).Invoke(0xc0017a2000, {0x1416a8150, 0xc001cc8b40}, {0x14148a5c5, 0xe}, {0x1413de4a0, 0xc001751bc0}, {0x141394940, 0xc0023908c0}, {0x0, ...})
        C:/Users/Andres/go/pkg/mod/google.golang.org/grpc@v1.60.1/call.go:35 +0x25e
github.com/andrescosta/jobico/internal/api/types.(*queueClient).Dequeue(0xc00070d9d0, {0x1416a8150, 0xc001cc8b40}, 0x1412a23e0?, {0x0, 0x0, 0x0})
        C:/Users/Andres/projects/go/jobico/internal/api/types/queue_grpc.pb.go:53 +0xee
github.com/andrescosta/jobico/internal/api/remote.(*QueueClient).Dequeue(0xc000ae9dd0, {0x1416a8150, 0xc001cc8b40}, {0xc00174f1b8, 0x8}, {0xc00174f1c6, 0xa})
        C:/Users/Andres/projects/go/jobico/internal/api/remote/queue.go:41 +0x165
github.com/andrescosta/jobico/internal/executor.(*Executor).execute(0xc00044fb60, {0x1416a8150, 0xc001cc8b40}, 0xc00000bfa0)
        C:/Users/Andres/projects/go/jobico/internal/executor/executor.go:391 +0x5a5
created by github.com/andrescosta/jobico/internal/executor.(*VM).startPackage in goroutine 1456
        C:/Users/Andres/projects/go/jobico/internal/executor/executor.go:171 +0xc5

goroutine 2826 [select, 9 minutes]:
google.golang.org/grpc/test/bufconn.(*Listener).DialContext(0xc000596400, {0x1416a7f20, 0x141eed400})
        C:/Users/Andres/go/pkg/mod/google.golang.org/grpc@v1.60.1/test/bufconn/bufconn.go:98 +0x265
github.com/andrescosta/goico/pkg/service.(*BufConn).Tranport.func1({0x140078d39?, 0x14007cdf1?}, {0x14007ce29?, 0xc000d57618?}, {0x1401a6125?, 0x0?})
        C:/Users/Andres/projects/go/goico/pkg/service/conn.go:119 +0x3d
net/http.(*Transport).dial(0xc00039fe00, {0x1416a81c0, 0xc001d17810}, {0x14147e8e2, 0x3}, {0xc00030e6b6, 0xa})
        C:/Program Files/Go/src/net/http/transport.go:1183 +0xf0
net/http.(*Transport).dialConn(0xc00039fe00, {0x1416a81c0, 0xc001d17810}, {{}, 0x0, {0xc00035adf8, 0x4}, {0xc00030e6b6, 0xa}, 0x0})
        C:/Program Files/Go/src/net/http/transport.go:1625 +0xdc5
net/http.(*Transport).dialConnFor(0xa8c700?, 0xc000f20e70)
        C:/Program Files/Go/src/net/http/transport.go:1467 +0x12a
created by net/http.(*Transport).queueForDial in goroutine 1707
        C:/Program Files/Go/src/net/http/transport.go:1436 +0x16b

goroutine 3312 [select, 9 minutes]:
google.golang.org/grpc/test/bufconn.(*Listener).DialContext(0xc000596400, {0x1416a7f20, 0x141eed400})
        C:/Users/Andres/go/pkg/mod/google.golang.org/grpc@v1.60.1/test/bufconn/bufconn.go:98 +0x265
github.com/andrescosta/goico/pkg/service.(*BufConn).Tranport.func1({0x140078d39?, 0x14007cdf1?}, {0x14007ce29?, 0xc001c4f618?}, {0x1401a6125?, 0x0?})
        C:/Users/Andres/projects/go/goico/pkg/service/conn.go:119 +0x3d
net/http.(*Transport).dial(0xc001e68a00, {0x1416a81c0, 0xc001e6e770}, {0x14147e8e2, 0x3}, {0xc0022c2456, 0xa})
        C:/Program Files/Go/src/net/http/transport.go:1183 +0xf0
net/http.(*Transport).dialConn(0xc001e68a00, {0x1416a81c0, 0xc001e6e770}, {{}, 0x0, {0xc001e0cd80, 0x4}, {0xc0022c2456, 0xa}, 0x0})
        C:/Program Files/Go/src/net/http/transport.go:1625 +0xdc5
net/http.(*Transport).dialConnFor(0xa13500?, 0xc000f21340)
        C:/Program Files/Go/src/net/http/transport.go:1467 +0x12a
created by net/http.(*Transport).queueForDial in goroutine 1707
        C:/Program Files/Go/src/net/http/transport.go:1436 +0x16b

goroutine 404 [select, 9 minutes]:
google.golang.org/grpc/internal/grpcsync.(*CallbackSerializer).run(0xc000424e00, {0x1416a8150, 0xc0006a1450})
        C:/Users/Andres/go/pkg/mod/google.golang.org/grpc@v1.60.1/internal/grpcsync/callback_serializer.go:76 +0x1e9
created by google.golang.org/grpc/internal/grpcsync.NewCallbackSerializer in goroutine 24
        C:/Users/Andres/go/pkg/mod/google.golang.org/grpc@v1.60.1/internal/grpcsync/callback_serializer.go:52 +0x20e

goroutine 3228 [select, 9 minutes]:
google.golang.org/grpc/test/bufconn.(*Listener).DialContext(0xc000596400, {0x1416a7f20, 0x141eed400})
        C:/Users/Andres/go/pkg/mod/google.golang.org/grpc@v1.60.1/test/bufconn/bufconn.go:98 +0x265
github.com/andrescosta/goico/pkg/service.(*BufConn).Tranport.func1({0x140078d39?, 0x14007cdf1?}, {0x14007ce29?, 0xc0009cf618?}, {0x1401a6125?, 0x0?})
        C:/Users/Andres/projects/go/goico/pkg/service/conn.go:119 +0x3d
net/http.(*Transport).dial(0xc002016780, {0x1416a81c0, 0xc002014380}, {0x14147e8e2, 0x3}, {0xc0020183f6, 0xa})
        C:/Program Files/Go/src/net/http/transport.go:1183 +0xf0
net/http.(*Transport).dialConn(0xc002016780, {0x1416a81c0, 0xc002014380}, {{}, 0x0, {0xc00201a168, 0x4}, {0xc0020183f6, 0xa}, 0x0})
        C:/Program Files/Go/src/net/http/transport.go:1625 +0xdc5
net/http.(*Transport).dialConnFor(0xa12000?, 0xc000b9e8f0)
        C:/Program Files/Go/src/net/http/transport.go:1467 +0x12a
created by net/http.(*Transport).queueForDial in goroutine 1707
        C:/Program Files/Go/src/net/http/transport.go:1436 +0x16b

goroutine 403 [select, 10 minutes]:
google.golang.org/grpc/internal/grpcsync.(*CallbackSerializer).run(0xc000424dd0, {0x1416a8150, 0xc0006a1400})
        C:/Users/Andres/go/pkg/mod/google.golang.org/grpc@v1.60.1/internal/grpcsync/callback_serializer.go:76 +0x1e9
created by google.golang.org/grpc/internal/grpcsync.NewCallbackSerializer in goroutine 24
        C:/Users/Andres/go/pkg/mod/google.golang.org/grpc@v1.60.1/internal/grpcsync/callback_serializer.go:52 +0x20e

goroutine 402 [select, 10 minutes]:
google.golang.org/grpc/internal/grpcsync.(*CallbackSerializer).run(0xc000424da0, {0x1416a8150, 0xc0006a13b0})
        C:/Users/Andres/go/pkg/mod/google.golang.org/grpc@v1.60.1/internal/grpcsync/callback_serializer.go:76 +0x1e9
created by google.golang.org/grpc/internal/grpcsync.NewCallbackSerializer in goroutine 24
        C:/Users/Andres/go/pkg/mod/google.golang.org/grpc@v1.60.1/internal/grpcsync/callback_serializer.go:52 +0x20e

goroutine 2857 [select, 9 minutes]:
google.golang.org/grpc/test/bufconn.(*Listener).DialContext(0xc000596400, {0x1416a7f20, 0x141eed400})
        C:/Users/Andres/go/pkg/mod/google.golang.org/grpc@v1.60.1/test/bufconn/bufconn.go:98 +0x265
github.com/andrescosta/goico/pkg/service.(*BufConn).Tranport.func1({0x140078d39?, 0x14007cdf1?}, {0x14007ce29?, 0xc001b49618?}, {0x1401a6125?, 0x0?})
        C:/Users/Andres/projects/go/goico/pkg/service/conn.go:119 +0x3d
net/http.(*Transport).dial(0xc0003c5400, {0x1416a81c0, 0xc000db0af0}, {0x14147e8e2, 0x3}, {0xc001976066, 0xa})
        C:/Program Files/Go/src/net/http/transport.go:1183 +0xf0
net/http.(*Transport).dialConn(0xc0003c5400, {0x1416a81c0, 0xc000db0af0}, {{}, 0x0, {0xc0000d99f8, 0x4}, {0xc001976066, 0xa}, 0x0})
        C:/Program Files/Go/src/net/http/transport.go:1625 +0xdc5
net/http.(*Transport).dialConnFor(0xc000ccd800?, 0xc0013e3d90)
        C:/Program Files/Go/src/net/http/transport.go:1467 +0x12a
created by net/http.(*Transport).queueForDial in goroutine 1707
        C:/Program Files/Go/src/net/http/transport.go:1436 +0x16b

goroutine 1819 [select, 9 minutes]:
google.golang.org/grpc/internal/grpcsync.(*CallbackSerializer).run(0xc00185ba80, {0x1416a8150, 0xc001cc84b0})
        C:/Users/Andres/go/pkg/mod/google.golang.org/grpc@v1.60.1/internal/grpcsync/callback_serializer.go:76 +0x1e9
created by google.golang.org/grpc/internal/grpcsync.NewCallbackSerializer in goroutine 1706
        C:/Users/Andres/go/pkg/mod/google.golang.org/grpc@v1.60.1/internal/grpcsync/callback_serializer.go:52 +0x20e

goroutine 1493 [select, 9 minutes]:
google.golang.org/grpc/internal/grpcsync.(*CallbackSerializer).run(0xc00070cac0, {0x1416a8150, 0xc001381630})
        C:/Users/Andres/go/pkg/mod/google.golang.org/grpc@v1.60.1/internal/grpcsync/callback_serializer.go:76 +0x1e9
created by google.golang.org/grpc/internal/grpcsync.NewCallbackSerializer in goroutine 1249
        C:/Users/Andres/go/pkg/mod/google.golang.org/grpc@v1.60.1/internal/grpcsync/callback_serializer.go:52 +0x20e

goroutine 764 [select, 10 minutes]:
os/signal.NotifyContext.func1()
        C:/Program Files/Go/src/os/signal/signal.go:288 +0xc6
created by os/signal.NotifyContext in goroutine 689
        C:/Program Files/Go/src/os/signal/signal.go:287 +0x2bd

goroutine 406 [syscall, 10 minutes]:
os/signal.signal_recv()
        C:/Program Files/Go/src/runtime/sigqueue.go:152 +0x29
os/signal.loop()
        C:/Program Files/Go/src/os/signal/signal_unix.go:23 +0x1d
created by os/signal.Notify.func1.1 in goroutine 314
        C:/Program Files/Go/src/os/signal/signal.go:151 +0x47

goroutine 712 [select, 9 minutes]:
github.com/andrescosta/goico/pkg/broadcaster.Start[...].func1()
        C:/Users/Andres/projects/go/goico/pkg/broadcaster/broadcaster.go:46 +0x274
created by github.com/andrescosta/goico/pkg/broadcaster.Start[...] in goroutine 687
        C:/Users/Andres/projects/go/goico/pkg/broadcaster/broadcaster.go:41 +0x40b

goroutine 3478 [select, 9 minutes]:
google.golang.org/grpc/test/bufconn.(*Listener).DialContext(0xc000596400, {0x1416a7f20, 0x141eed400})
        C:/Users/Andres/go/pkg/mod/google.golang.org/grpc@v1.60.1/test/bufconn/bufconn.go:98 +0x265
github.com/andrescosta/goico/pkg/service.(*BufConn).Tranport.func1({0x140078d39?, 0x14007cdf1?}, {0x14007ce29?, 0xc001b2b618?}, {0x1401a6125?, 0x0?})
        C:/Users/Andres/projects/go/goico/pkg/service/conn.go:119 +0x3d
net/http.(*Transport).dial(0xc002154c80, {0x1416a81c0, 0xc00157b0a0}, {0x14147e8e2, 0x3}, {0xc001d95596, 0xa})
        C:/Program Files/Go/src/net/http/transport.go:1183 +0xf0
net/http.(*Transport).dialConn(0xc002154c80, {0x1416a81c0, 0xc00157b0a0}, {{}, 0x0, {0xc0006c8f30, 0x4}, {0xc001d95596, 0xa}, 0x0})
        C:/Program Files/Go/src/net/http/transport.go:1625 +0xdc5
net/http.(*Transport).dialConnFor(0xc0003691e0?, 0xc00058cf20)
        C:/Program Files/Go/src/net/http/transport.go:1467 +0x12a
created by net/http.(*Transport).queueForDial in goroutine 1707
        C:/Program Files/Go/src/net/http/transport.go:1436 +0x16b

goroutine 2998 [select, 9 minutes]:
google.golang.org/grpc/test/bufconn.(*Listener).DialContext(0xc000596400, {0x1416a7f20, 0x141eed400})
        C:/Users/Andres/go/pkg/mod/google.golang.org/grpc@v1.60.1/test/bufconn/bufconn.go:98 +0x265
github.com/andrescosta/goico/pkg/service.(*BufConn).Tranport.func1({0x140078d39?, 0x14007cdf1?}, {0x14007ce29?, 0xc00194b618?}, {0x1401a6125?, 0x0?})
        C:/Users/Andres/projects/go/goico/pkg/service/conn.go:119 +0x3d
net/http.(*Transport).dial(0xc00185e3c0, {0x1416a81c0, 0xc0013820e0}, {0x14147e8e2, 0x3}, {0xc001977056, 0xa})
        C:/Program Files/Go/src/net/http/transport.go:1183 +0xf0
net/http.(*Transport).dialConn(0xc00185e3c0, {0x1416a81c0, 0xc0013820e0}, {{}, 0x0, {0xc0000d9f08, 0x4}, {0xc001977056, 0xa}, 0x0})
        C:/Program Files/Go/src/net/http/transport.go:1625 +0xdc5
net/http.(*Transport).dialConnFor(0xc001ff6ea0?, 0xc000e931e0)
        C:/Program Files/Go/src/net/http/transport.go:1467 +0x12a
created by net/http.(*Transport).queueForDial in goroutine 1707
        C:/Program Files/Go/src/net/http/transport.go:1436 +0x16b

goroutine 713 [chan receive, 10 minutes]:
github.com/andrescosta/goico/pkg/service/grpc.(*Service).DoServe.func1()
        C:/Users/Andres/projects/go/goico/pkg/service/grpc/service.go:129 +0x6f
created by github.com/andrescosta/goico/pkg/service/grpc.(*Service).DoServe in goroutine 687
        C:/Users/Andres/projects/go/goico/pkg/service/grpc/service.go:128 +0x210

goroutine 1141 [sync.Cond.Wait, 9 minutes]:
sync.runtime_notifyListWait(0xc0001242b8, 0x1)
        C:/Program Files/Go/src/runtime/sema.go:527 +0x15d
sync.(*Cond).Wait(0xc0001242a8)
        C:/Program Files/Go/src/sync/cond.go:70 +0x76
google.golang.org/grpc/test/bufconn.(*pipe).Read(0xc000124240, {0xc001300000, 0x8000, 0x4?})
        C:/Users/Andres/go/pkg/mod/google.golang.org/grpc@v1.60.1/test/bufconn/bufconn.go:173 +0x105
bufio.(*Reader).Read(0xc0002b8300, {0xc0003064a0, 0x9, 0x9})
        C:/Program Files/Go/src/bufio/bufio.go:244 +0x4be
io.ReadAtLeast({0x14169aea0, 0xc0002b8300}, {0xc0003064a0, 0x9, 0x9}, 0x9)
        C:/Program Files/Go/src/io/io.go:335 +0xd0
io.ReadFull(...)
        C:/Program Files/Go/src/io/io.go:354
golang.org/x/net/http2.readFrameHeader({0xc0003064a0, 0x9, 0x9}, {0x14169aea0, 0xc0002b8300})
        C:/Users/Andres/go/pkg/mod/golang.org/x/net@v0.20.0/http2/frame.go:237 +0x9b
golang.org/x/net/http2.(*Framer).ReadFrame(0xc000306460)
        C:/Users/Andres/go/pkg/mod/golang.org/x/net@v0.20.0/http2/frame.go:498 +0xf5
google.golang.org/grpc/internal/transport.(*http2Client).reader(0xc00102c900, 0x0?)
        C:/Users/Andres/go/pkg/mod/google.golang.org/grpc@v1.60.1/internal/transport/http2_client.go:1587 +0x2e5
created by google.golang.org/grpc/internal/transport.newHTTP2Client in goroutine 118
        C:/Users/Andres/go/pkg/mod/google.golang.org/grpc@v1.60.1/internal/transport/http2_client.go:398 +0x2fd6

goroutine 1070 [chan receive, 9 minutes]:
github.com/andrescosta/goico/pkg/service/http.(*Service).DoServe.func2()
        C:/Users/Andres/projects/go/goico/pkg/service/http/service.go:147 +0x98
created by github.com/andrescosta/goico/pkg/service/http.(*Service).DoServe in goroutine 688
        C:/Users/Andres/projects/go/goico/pkg/service/http/service.go:146 +0x3cb

goroutine 1066 [select, 9 minutes]:
github.com/andrescosta/jobico/internal/listener.(*EventDefCache).startListeningUpdates.func1()
        C:/Users/Andres/projects/go/jobico/internal/listener/cache.go:90 +0x111
created by github.com/andrescosta/jobico/internal/listener.(*EventDefCache).startListeningUpdates in goroutine 688
        C:/Users/Andres/projects/go/jobico/internal/listener/cache.go:88 +0x165

goroutine 102944 [select]:
google.golang.org/grpc.(*addrConn).resetTransport(0xc001721340)
        C:/Users/Andres/go/pkg/mod/google.golang.org/grpc@v1.60.1/clientconn.go:1292 +0x3ef
google.golang.org/grpc.(*addrConn).connect(0xc001721340)
        C:/Users/Andres/go/pkg/mod/google.golang.org/grpc@v1.60.1/clientconn.go:930 +0x235
created by google.golang.org/grpc.(*acBalancerWrapper).Connect in goroutine 1897
        C:/Users/Andres/go/pkg/mod/google.golang.org/grpc@v1.60.1/balancer_wrapper.go:315 +0xa7

goroutine 3655 [select, 9 minutes]:
google.golang.org/grpc/internal/grpcsync.(*CallbackSerializer).run(0xc001987bf0, {0x1416a8150, 0xc002310af0})
        C:/Users/Andres/go/pkg/mod/google.golang.org/grpc@v1.60.1/internal/grpcsync/callback_serializer.go:76 +0x1e9
created by google.golang.org/grpc/internal/grpcsync.NewCallbackSerializer in goroutine 3536
        C:/Users/Andres/go/pkg/mod/google.golang.org/grpc@v1.60.1/internal/grpcsync/callback_serializer.go:52 +0x20e

goroutine 3406 [select, 9 minutes]:
google.golang.org/grpc/test/bufconn.(*Listener).DialContext(0xc000596400, {0x1416a7f20, 0x141eed400})
        C:/Users/Andres/go/pkg/mod/google.golang.org/grpc@v1.60.1/test/bufconn/bufconn.go:98 +0x265
github.com/andrescosta/goico/pkg/service.(*BufConn).Tranport.func1({0x140078d39?, 0x14007cdf1?}, {0x14007ce29?, 0xc001c41618?}, {0x1401a6125?, 0x0?})
        C:/Users/Andres/projects/go/goico/pkg/service/conn.go:119 +0x3d
net/http.(*Transport).dial(0xc002154a00, {0x1416a81c0, 0xc00157afc0}, {0x14147e8e2, 0x3}, {0xc001d953f6, 0xa})
        C:/Program Files/Go/src/net/http/transport.go:1183 +0xf0
net/http.(*Transport).dialConn(0xc002154a00, {0x1416a81c0, 0xc00157afc0}, {{}, 0x0, {0xc0006c8e40, 0x4}, {0xc001d953f6, 0xa}, 0x0})
        C:/Program Files/Go/src/net/http/transport.go:1625 +0xdc5
net/http.(*Transport).dialConnFor(0xabc100?, 0xc00058cdc0)
        C:/Program Files/Go/src/net/http/transport.go:1467 +0x12a
created by net/http.(*Transport).queueForDial in goroutine 1707
        C:/Program Files/Go/src/net/http/transport.go:1436 +0x16b

goroutine 3303 [select, 9 minutes]:
google.golang.org/grpc/test/bufconn.(*Listener).DialContext(0xc000596400, {0x1416a7f20, 0x141eed400})
        C:/Users/Andres/go/pkg/mod/google.golang.org/grpc@v1.60.1/test/bufconn/bufconn.go:98 +0x265
github.com/andrescosta/goico/pkg/service.(*BufConn).Tranport.func1({0x140078d39?, 0x14007cdf1?}, {0x14007ce29?, 0xc0017bb618?}, {0x1401a6125?, 0x0?})
        C:/Users/Andres/projects/go/goico/pkg/service/conn.go:119 +0x3d
net/http.(*Transport).dial(0xc001e68500, {0x1416a81c0, 0xc001e6e3f0}, {0x14147e8e2, 0x3}, {0xc000389d36, 0xa})
        C:/Program Files/Go/src/net/http/transport.go:1183 +0xf0
net/http.(*Transport).dialConn(0xc001e68500, {0x1416a81c0, 0xc001e6e3f0}, {{}, 0x0, {0xc001e0cb58, 0x4}, {0xc000389d36, 0xa}, 0x0})
        C:/Program Files/Go/src/net/http/transport.go:1625 +0xdc5
net/http.(*Transport).dialConnFor(0xa4b900?, 0xc000f21290)
        C:/Program Files/Go/src/net/http/transport.go:1467 +0x12a
created by net/http.(*Transport).queueForDial in goroutine 1707
        C:/Program Files/Go/src/net/http/transport.go:1436 +0x16b

goroutine 1500 [select, 9 minutes]:
google.golang.org/grpc/internal/grpcsync.(*CallbackSerializer).run(0xc00070d550, {0x1416a8150, 0xc001381ae0})
        C:/Users/Andres/go/pkg/mod/google.golang.org/grpc@v1.60.1/internal/grpcsync/callback_serializer.go:76 +0x1e9
created by google.golang.org/grpc/internal/grpcsync.NewCallbackSerializer in goroutine 1249
        C:/Users/Andres/go/pkg/mod/google.golang.org/grpc@v1.60.1/internal/grpcsync/callback_serializer.go:52 +0x20e

goroutine 1578 [select]:
google.golang.org/grpc/internal/transport.(*controlBuffer).get(0xc0017ce280, 0x1)
        C:/Users/Andres/go/pkg/mod/google.golang.org/grpc@v1.60.1/internal/transport/controlbuf.go:418 +0x1af
google.golang.org/grpc/internal/transport.(*loopyWriter).run(0xc00167a2a0)
        C:/Users/Andres/go/pkg/mod/google.golang.org/grpc@v1.60.1/internal/transport/controlbuf.go:552 +0x14f
google.golang.org/grpc/internal/transport.NewServerTransport.func2()
        C:/Users/Andres/go/pkg/mod/google.golang.org/grpc@v1.60.1/internal/transport/http2_server.go:325 +0x216
created by google.golang.org/grpc/internal/transport.NewServerTransport in goroutine 1577
        C:/Users/Andres/go/pkg/mod/google.golang.org/grpc@v1.60.1/internal/transport/http2_server.go:322 +0x246b

goroutine 1492 [select, 9 minutes]:
google.golang.org/grpc/internal/grpcsync.(*CallbackSerializer).run(0xc00070ca90, {0x1416a8150, 0xc0013815e0})
        C:/Users/Andres/go/pkg/mod/google.golang.org/grpc@v1.60.1/internal/grpcsync/callback_serializer.go:76 +0x1e9
created by google.golang.org/grpc/internal/grpcsync.NewCallbackSerializer in goroutine 1249
        C:/Users/Andres/go/pkg/mod/google.golang.org/grpc@v1.60.1/internal/grpcsync/callback_serializer.go:52 +0x20e

goroutine 1496 [select, 9 minutes]:
google.golang.org/grpc/internal/transport.(*http2Server).keepalive(0xc001790000)
        C:/Users/Andres/go/pkg/mod/google.golang.org/grpc@v1.60.1/internal/transport/http2_server.go:1133 +0x41b
created by google.golang.org/grpc/internal/transport.NewServerTransport in goroutine 1491
        C:/Users/Andres/go/pkg/mod/google.golang.org/grpc@v1.60.1/internal/transport/http2_server.go:328 +0x24eb

goroutine 1495 [select, 9 minutes]:
google.golang.org/grpc/internal/transport.(*controlBuffer).get(0xc0013817c0, 0x1)
        C:/Users/Andres/go/pkg/mod/google.golang.org/grpc@v1.60.1/internal/transport/controlbuf.go:418 +0x1af
google.golang.org/grpc/internal/transport.(*loopyWriter).run(0xc00167a070)
        C:/Users/Andres/go/pkg/mod/google.golang.org/grpc@v1.60.1/internal/transport/controlbuf.go:552 +0x14f
google.golang.org/grpc/internal/transport.NewServerTransport.func2()
        C:/Users/Andres/go/pkg/mod/google.golang.org/grpc@v1.60.1/internal/transport/http2_server.go:325 +0x216
created by google.golang.org/grpc/internal/transport.NewServerTransport in goroutine 1491
        C:/Users/Andres/go/pkg/mod/google.golang.org/grpc@v1.60.1/internal/transport/http2_server.go:322 +0x246b

goroutine 710 [select, 10 minutes]:
os/signal.NotifyContext.func1()
        C:/Program Files/Go/src/os/signal/signal.go:288 +0xc6
created by os/signal.NotifyContext in goroutine 687
        C:/Program Files/Go/src/os/signal/signal.go:287 +0x2bd

goroutine 711 [chan receive, 10 minutes]:
github.com/andrescosta/goico/pkg/service.(*Base).waitForDoneAndEndTheWorld(0xc000298f40)
        C:/Users/Andres/projects/go/goico/pkg/service/base.go:121 +0xf8
created by github.com/andrescosta/goico/pkg/service.New in goroutine 687
        C:/Users/Andres/projects/go/goico/pkg/service/base.go:84 +0xb0b

goroutine 1065 [select, 9 minutes]:
google.golang.org/grpc/internal/transport.(*recvBufferReader).readClient(0xc000385db0, {0xc00022e1f0, 0x5, 0x5})
        C:/Users/Andres/go/pkg/mod/google.golang.org/grpc@v1.60.1/internal/transport/transport.go:192 +0x13e
google.golang.org/grpc/internal/transport.(*recvBufferReader).Read(0xc000385db0, {0xc00022e1f0, 0x5, 0x5})
        C:/Users/Andres/go/pkg/mod/google.golang.org/grpc@v1.60.1/internal/transport/transport.go:172 +0x35b
google.golang.org/grpc/internal/transport.(*transportReader).Read(0xc00022e1b0, {0xc00022e1f0, 0x5, 0x5})
        C:/Users/Andres/go/pkg/mod/google.golang.org/grpc@v1.60.1/internal/transport/transport.go:520 +0x5d
io.ReadAtLeast({0x14169e080, 0xc00022e1b0}, {0xc00022e1f0, 0x5, 0x5}, 0x5)
        C:/Program Files/Go/src/io/io.go:335 +0xd0
io.ReadFull(...)
        C:/Program Files/Go/src/io/io.go:354
google.golang.org/grpc/internal/transport.(*Stream).Read(0xc000515e60, {0xc00022e1f0, 0x5, 0x5})
        C:/Users/Andres/go/pkg/mod/google.golang.org/grpc@v1.60.1/internal/transport/transport.go:504 +0x125
google.golang.org/grpc.(*parser).recvMsg(0xc00022e1e0, 0x400000)
        C:/Users/Andres/go/pkg/mod/google.golang.org/grpc@v1.60.1/rpc_util.go:600 +0x6e
google.golang.org/grpc.recvAndDecompress(0x141eed400?, 0xc000515e60, {0x0, 0x0}, 0x400000, 0x0, {0x0, 0x0})
        C:/Users/Andres/go/pkg/mod/google.golang.org/grpc@v1.60.1/rpc_util.go:730 +0x7c
google.golang.org/grpc.recv(0xc00022e1e0, {0x49546ad8, 0x141eed400}, 0x6?, {0x0, 0x0}, {0x1413c4720, 0xc001ab3280}, 0xc000acba60?, 0x0, ...)
        C:/Users/Andres/go/pkg/mod/google.golang.org/grpc@v1.60.1/rpc_util.go:796 +0xc5
google.golang.org/grpc.(*csAttempt).recvMsg(0xc000e4d520, {0x1413c4720?, 0xc001ab3280}, 0x0)
        C:/Users/Andres/go/pkg/mod/google.golang.org/grpc@v1.60.1/stream.go:1084 +0x568
google.golang.org/grpc.(*clientStream).RecvMsg.func1(0xc000515cd4?)
        C:/Users/Andres/go/pkg/mod/google.golang.org/grpc@v1.60.1/stream.go:927 +0x51
google.golang.org/grpc.(*clientStream).withRetry(0xc000515c20, 0xc0016c7dd8, 0xc0016c7dc8)
        C:/Users/Andres/go/pkg/mod/google.golang.org/grpc@v1.60.1/stream.go:760 +0x466
google.golang.org/grpc.(*clientStream).RecvMsg(0xc000515c20, {0x1413c4720?, 0xc001ab3280})
        C:/Users/Andres/go/pkg/mod/google.golang.org/grpc@v1.60.1/stream.go:926 +0x1f6
github.com/andrescosta/jobico/pkg/grpchelper.Listen[...]({0x1416a8150, 0xc0007fe730}, {0x47c6fa98, 0xc00100d220}, 0xc0003c8d90)
        C:/Users/Andres/projects/go/jobico/pkg/grpchelper/recv.go:65 +0x1aa
github.com/andrescosta/jobico/internal/api/remote.(*CtlClient).startListenerForPackageUpdates.func1()
        C:/Users/Andres/projects/go/jobico/internal/api/remote/control.go:189 +0x79
created by github.com/andrescosta/jobico/internal/api/remote.(*CtlClient).startListenerForPackageUpdates in goroutine 688
        C:/Users/Andres/projects/go/jobico/internal/api/remote/control.go:188 +0x249

goroutine 1067 [select, 9 minutes]:
google.golang.org/grpc/test/bufconn.(*Listener).Accept(0xc00041a480)
        C:/Users/Andres/go/pkg/mod/google.golang.org/grpc@v1.60.1/test/bufconn/bufconn.go:61 +0xf7
google.golang.org/grpc.(*Server).Serve(0xc000690800, {0x1416a3f90, 0xc00041a480})
        C:/Users/Andres/go/pkg/mod/google.golang.org/grpc@v1.60.1/server.go:871 +0x611
github.com/andrescosta/goico/pkg/service/grpc.(*Service).DoServe(0xc000ccfce0, {0x1416a3f90, 0xc00041a480})
        C:/Users/Andres/projects/go/goico/pkg/service/grpc/service.go:135 +0x3c9
github.com/andrescosta/goico/pkg/service/grpc.(*Service).Serve(0xc000ccfce0)
        C:/Users/Andres/projects/go/goico/pkg/service/grpc/service.go:118 +0xdb
github.com/andrescosta/goico/pkg/service/grpc/cache.(*Service).Serve(...)
        C:/Users/Andres/projects/go/goico/pkg/service/grpc/cache/service.go:70
github.com/andrescosta/jobico/internal/listener.newCachePopulated.func1()
        C:/Users/Andres/projects/go/jobico/internal/listener/cache.go:60 +0x8c
created by github.com/andrescosta/jobico/internal/listener.newCachePopulated in goroutine 688
        C:/Users/Andres/projects/go/jobico/internal/listener/cache.go:58 +0x45d

goroutine 1873 [select, 9 minutes]:
google.golang.org/grpc/test/bufconn.(*Listener).DialContext(0xc000596400, {0x1416a7f20, 0x141eed400})
        C:/Users/Andres/go/pkg/mod/google.golang.org/grpc@v1.60.1/test/bufconn/bufconn.go:98 +0x265
github.com/andrescosta/goico/pkg/service.(*BufConn).Tranport.func1({0x140078d39?, 0x14007cdf1?}, {0x14007ce29?, 0xc000013618?}, {0x1401a6125?, 0x0?})
        C:/Users/Andres/projects/go/goico/pkg/service/conn.go:119 +0x3d
net/http.(*Transport).dial(0xc001802640, {0x1416a81c0, 0xc0016cd030}, {0x14147e8e2, 0x3}, {0xc001bb8a86, 0xa})
        C:/Program Files/Go/src/net/http/transport.go:1183 +0xf0
net/http.(*Transport).dialConn(0xc001802640, {0x1416a81c0, 0xc0016cd030}, {{}, 0x0, {0xc0002e43a8, 0x4}, {0xc001bb8a86, 0xa}, 0x0})
        C:/Program Files/Go/src/net/http/transport.go:1625 +0xdc5
net/http.(*Transport).dialConnFor(0xaab000?, 0xc000e92370)
        C:/Program Files/Go/src/net/http/transport.go:1467 +0x12a
created by net/http.(*Transport).queueForDial in goroutine 1707
        C:/Program Files/Go/src/net/http/transport.go:1436 +0x16b

goroutine 1494 [select, 9 minutes]:
google.golang.org/grpc/internal/grpcsync.(*CallbackSerializer).run(0xc00070caf0, {0x1416a8150, 0xc001381680})
        C:/Users/Andres/go/pkg/mod/google.golang.org/grpc@v1.60.1/internal/grpcsync/callback_serializer.go:76 +0x1e9
created by google.golang.org/grpc/internal/grpcsync.NewCallbackSerializer in goroutine 1249
        C:/Users/Andres/go/pkg/mod/google.golang.org/grpc@v1.60.1/internal/grpcsync/callback_serializer.go:52 +0x20e

goroutine 3331 [select, 9 minutes]:
google.golang.org/grpc/test/bufconn.(*Listener).DialContext(0xc000596400, {0x1416a7f20, 0x141eed400})
        C:/Users/Andres/go/pkg/mod/google.golang.org/grpc@v1.60.1/test/bufconn/bufconn.go:98 +0x265
github.com/andrescosta/goico/pkg/service.(*BufConn).Tranport.func1({0x140078d39?, 0x14007cdf1?}, {0x14007ce29?, 0xc000fa3618?}, {0x1401a6125?, 0x0?})
        C:/Users/Andres/projects/go/goico/pkg/service/conn.go:119 +0x3d
net/http.(*Transport).dial(0xc001c13e00, {0x1416a81c0, 0xc00223da40}, {0x14147e8e2, 0x3}, {0xc001bbadd6, 0xa})
        C:/Program Files/Go/src/net/http/transport.go:1183 +0xf0
net/http.(*Transport).dialConn(0xc001c13e00, {0x1416a81c0, 0xc00223da40}, {{}, 0x0, {0xc00068fbf0, 0x4}, {0xc001bbadd6, 0xa}, 0x0})
        C:/Program Files/Go/src/net/http/transport.go:1625 +0xdc5
net/http.(*Transport).dialConnFor(0xa65700?, 0xc000014f20)
        C:/Program Files/Go/src/net/http/transport.go:1467 +0x12a
created by net/http.(*Transport).queueForDial in goroutine 1707
        C:/Program Files/Go/src/net/http/transport.go:1436 +0x16b

goroutine 3093 [select, 9 minutes]:
google.golang.org/grpc/test/bufconn.(*Listener).DialContext(0xc000596400, {0x1416a7f20, 0x141eed400})
        C:/Users/Andres/go/pkg/mod/google.golang.org/grpc@v1.60.1/test/bufconn/bufconn.go:98 +0x265
github.com/andrescosta/goico/pkg/service.(*BufConn).Tranport.func1({0x140078d39?, 0x14007cdf1?}, {0x14007ce29?, 0xc001b4d618?}, {0x1401a6125?, 0x0?})
        C:/Users/Andres/projects/go/goico/pkg/service/conn.go:119 +0x3d
net/http.(*Transport).dial(0xc00185ec80, {0x1416a81c0, 0xc0013827e0}, {0x14147e8e2, 0x3}, {0xc001977a36, 0xa})
        C:/Program Files/Go/src/net/http/transport.go:1183 +0xf0
net/http.(*Transport).dialConn(0xc00185ec80, {0x1416a81c0, 0xc0013827e0}, {{}, 0x0, {0xc000612258, 0x4}, {0xc001977a36, 0xa}, 0x0})
        C:/Program Files/Go/src/net/http/transport.go:1625 +0xdc5
net/http.(*Transport).dialConnFor(0xc0017901a0?, 0xc000e93340)
        C:/Program Files/Go/src/net/http/transport.go:1467 +0x12a
created by net/http.(*Transport).queueForDial in goroutine 1707
        C:/Program Files/Go/src/net/http/transport.go:1436 +0x16b

goroutine 934 [select, 10 minutes]:
google.golang.org/grpc/internal/grpcsync.(*CallbackSerializer).run(0xc000fd0010, {0x1416a8150, 0xc000f92370})
        C:/Users/Andres/go/pkg/mod/google.golang.org/grpc@v1.60.1/internal/grpcsync/callback_serializer.go:76 +0x1e9
created by google.golang.org/grpc/internal/grpcsync.NewCallbackSerializer in goroutine 688
        C:/Users/Andres/go/pkg/mod/google.golang.org/grpc@v1.60.1/internal/grpcsync/callback_serializer.go:52 +0x20e

goroutine 868 [select, 10 minutes]:
google.golang.org/grpc/internal/grpcsync.(*CallbackSerializer).run(0xc000df4560, {0x1416a8150, 0xc000385770})
        C:/Users/Andres/go/pkg/mod/google.golang.org/grpc@v1.60.1/internal/grpcsync/callback_serializer.go:76 +0x1e9
created by google.golang.org/grpc/internal/grpcsync.NewCallbackSerializer in goroutine 688
        C:/Users/Andres/go/pkg/mod/google.golang.org/grpc@v1.60.1/internal/grpcsync/callback_serializer.go:52 +0x20e

goroutine 3366 [select, 9 minutes]:
google.golang.org/grpc/test/bufconn.(*Listener).DialContext(0xc000596400, {0x1416a7f20, 0x141eed400})
        C:/Users/Andres/go/pkg/mod/google.golang.org/grpc@v1.60.1/test/bufconn/bufconn.go:98 +0x265
github.com/andrescosta/goico/pkg/service.(*BufConn).Tranport.func1({0x140078d39?, 0x14007cdf1?}, {0x14007ce29?, 0xc002109618?}, {0x1401a6125?, 0x0?})
        C:/Users/Andres/projects/go/goico/pkg/service/conn.go:119 +0x3d
net/http.(*Transport).dial(0xc002016b40, {0x1416a81c0, 0xc002014540}, {0x14147e8e2, 0x3}, {0xc002018616, 0xa})
        C:/Program Files/Go/src/net/http/transport.go:1183 +0xf0
net/http.(*Transport).dialConn(0xc002016b40, {0x1416a81c0, 0xc002014540}, {{}, 0x0, {0xc00201a240, 0x4}, {0xc002018616, 0xa}, 0x0})
        C:/Program Files/Go/src/net/http/transport.go:1625 +0xdc5
net/http.(*Transport).dialConnFor(0xc0003691e0?, 0xc000b9ea50)
        C:/Program Files/Go/src/net/http/transport.go:1467 +0x12a
created by net/http.(*Transport).queueForDial in goroutine 1707
        C:/Program Files/Go/src/net/http/transport.go:1436 +0x16b

goroutine 1460 [select, 9 minutes]:
google.golang.org/grpc/internal/grpcsync.(*CallbackSerializer).run(0xc000607a20, {0x1416a8150, 0xc001380f00})
        C:/Users/Andres/go/pkg/mod/google.golang.org/grpc@v1.60.1/internal/grpcsync/callback_serializer.go:76 +0x1e9
created by google.golang.org/grpc/internal/grpcsync.NewCallbackSerializer in goroutine 1249
        C:/Users/Andres/go/pkg/mod/google.golang.org/grpc@v1.60.1/internal/grpcsync/callback_serializer.go:52 +0x20e

goroutine 815 [select, 9 minutes]:
google.golang.org/grpc/internal/transport.(*controlBuffer).get(0xc000af2410, 0x1)
        C:/Users/Andres/go/pkg/mod/google.golang.org/grpc@v1.60.1/internal/transport/controlbuf.go:418 +0x1af
google.golang.org/grpc/internal/transport.(*loopyWriter).run(0xc0000f0850)
        C:/Users/Andres/go/pkg/mod/google.golang.org/grpc@v1.60.1/internal/transport/controlbuf.go:552 +0x14f
google.golang.org/grpc/internal/transport.newHTTP2Client.func6()
        C:/Users/Andres/go/pkg/mod/google.golang.org/grpc@v1.60.1/internal/transport/http2_client.go:452 +0x168
created by google.golang.org/grpc/internal/transport.newHTTP2Client in goroutine 857
        C:/Users/Andres/go/pkg/mod/google.golang.org/grpc@v1.60.1/internal/transport/http2_client.go:450 +0x394b

goroutine 1063 [select, 9 minutes]:
github.com/andrescosta/goico/pkg/broadcaster.Start[...].func1()
        C:/Users/Andres/projects/go/goico/pkg/broadcaster/broadcaster.go:46 +0x274
created by github.com/andrescosta/goico/pkg/broadcaster.Start[...] in goroutine 688
        C:/Users/Andres/projects/go/goico/pkg/broadcaster/broadcaster.go:41 +0x40b

goroutine 1482 [select, 9 minutes]:
google.golang.org/grpc/internal/transport.(*controlBuffer).get(0xc000385b30, 0x1)
        C:/Users/Andres/go/pkg/mod/google.golang.org/grpc@v1.60.1/internal/transport/controlbuf.go:418 +0x1af
google.golang.org/grpc/internal/transport.(*loopyWriter).run(0xc0003c9340)
        C:/Users/Andres/go/pkg/mod/google.golang.org/grpc@v1.60.1/internal/transport/controlbuf.go:552 +0x14f
google.golang.org/grpc/internal/transport.newHTTP2Client.func6()
        C:/Users/Andres/go/pkg/mod/google.golang.org/grpc@v1.60.1/internal/transport/http2_client.go:452 +0x168
created by google.golang.org/grpc/internal/transport.newHTTP2Client in goroutine 1479
        C:/Users/Andres/go/pkg/mod/google.golang.org/grpc@v1.60.1/internal/transport/http2_client.go:450 +0x394b

goroutine 1607 [select, 9 minutes]:
google.golang.org/grpc/internal/transport.(*http2Server).keepalive(0xc001790820)
        C:/Users/Andres/go/pkg/mod/google.golang.org/grpc@v1.60.1/internal/transport/http2_server.go:1133 +0x41b
created by google.golang.org/grpc/internal/transport.NewServerTransport in goroutine 1605
        C:/Users/Andres/go/pkg/mod/google.golang.org/grpc@v1.60.1/internal/transport/http2_server.go:328 +0x24eb

goroutine 1580 [sync.Cond.Wait]:
sync.runtime_notifyListWait(0xc0007457b8, 0x4da2b)
        C:/Program Files/Go/src/runtime/sema.go:527 +0x15d
sync.(*Cond).Wait(0xc0007457a8)
        C:/Program Files/Go/src/sync/cond.go:70 +0x76
google.golang.org/grpc/test/bufconn.(*pipe).Read(0xc000745740, {0xc0017d4000, 0x8000, 0x141135cf0?})
        C:/Users/Andres/go/pkg/mod/google.golang.org/grpc@v1.60.1/test/bufconn/bufconn.go:173 +0x105
bufio.(*Reader).Read(0xc00040dc20, {0xc0002c2ba0, 0x9, 0x9})
        C:/Program Files/Go/src/bufio/bufio.go:244 +0x4be
io.ReadAtLeast({0x14169aea0, 0xc00040dc20}, {0xc0002c2ba0, 0x9, 0x9}, 0x9)
        C:/Program Files/Go/src/io/io.go:335 +0xd0
io.ReadFull(...)
        C:/Program Files/Go/src/io/io.go:354
golang.org/x/net/http2.readFrameHeader({0xc0002c2ba0, 0x9, 0x9}, {0x14169aea0, 0xc00040dc20})
        C:/Users/Andres/go/pkg/mod/golang.org/x/net@v0.20.0/http2/frame.go:237 +0x9b
golang.org/x/net/http2.(*Framer).ReadFrame(0xc0002c2b60)
        C:/Users/Andres/go/pkg/mod/golang.org/x/net@v0.20.0/http2/frame.go:498 +0xf5
google.golang.org/grpc/internal/transport.(*http2Server).HandleStreams(0xc0017901a0, {0x1416a8118, 0xc0017d27b0}, 0x141eed400?)
        C:/Users/Andres/go/pkg/mod/google.golang.org/grpc@v1.60.1/internal/transport/http2_server.go:617 +0x145
google.golang.org/grpc.(*Server).serveStreams(0xc00083a200, {0x1416a7f20, 0x141eed400}, {0x1416ad438?, 0xc0017901a0}, {0x1416acb18?, 0xc00038fda0})
        C:/Users/Andres/go/pkg/mod/google.golang.org/grpc@v1.60.1/server.go:1012 +0x6bc
google.golang.org/grpc.(*Server).handleRawConn.func1()
        C:/Users/Andres/go/pkg/mod/google.golang.org/grpc@v1.60.1/server.go:939 +0x87
created by google.golang.org/grpc.(*Server).handleRawConn in goroutine 1577
        C:/Users/Andres/go/pkg/mod/google.golang.org/grpc@v1.60.1/server.go:938 +0x290

goroutine 1579 [select, 9 minutes]:
google.golang.org/grpc/internal/transport.(*http2Server).keepalive(0xc0017901a0)
        C:/Users/Andres/go/pkg/mod/google.golang.org/grpc@v1.60.1/internal/transport/http2_server.go:1133 +0x41b
created by google.golang.org/grpc/internal/transport.NewServerTransport in goroutine 1577
        C:/Users/Andres/go/pkg/mod/google.golang.org/grpc@v1.60.1/internal/transport/http2_server.go:328 +0x24eb

goroutine 1454 [select, 9 minutes]:
google.golang.org/grpc.newClientStreamWithParams.func4()
        C:/Users/Andres/go/pkg/mod/google.golang.org/grpc@v1.60.1/stream.go:391 +0xde
created by google.golang.org/grpc.newClientStreamWithParams in goroutine 1249
        C:/Users/Andres/go/pkg/mod/google.golang.org/grpc@v1.60.1/stream.go:390 +0x1b90

goroutine 1012 [select, 10 minutes]:
google.golang.org/grpc/internal/transport.(*http2Server).keepalive(0xc000e2a340)
        C:/Users/Andres/go/pkg/mod/google.golang.org/grpc@v1.60.1/internal/transport/http2_server.go:1133 +0x41b
created by google.golang.org/grpc/internal/transport.NewServerTransport in goroutine 916
        C:/Users/Andres/go/pkg/mod/google.golang.org/grpc@v1.60.1/internal/transport/http2_server.go:328 +0x24eb

goroutine 1504 [sync.Cond.Wait]:
sync.runtime_notifyListWait(0xc000745878, 0x4c756)
        C:/Program Files/Go/src/runtime/sema.go:527 +0x15d
sync.(*Cond).Wait(0xc000745868)
        C:/Program Files/Go/src/sync/cond.go:70 +0x76
google.golang.org/grpc/test/bufconn.(*pipe).Read(0xc000745800, {0xc0017be000, 0x8000, 0xc001bb0230?})
        C:/Users/Andres/go/pkg/mod/google.golang.org/grpc@v1.60.1/test/bufconn/bufconn.go:173 +0x105
bufio.(*Reader).Read(0xc00040d2c0, {0xc0002c29e0, 0x9, 0x9})
        C:/Program Files/Go/src/bufio/bufio.go:244 +0x4be
io.ReadAtLeast({0x14169aea0, 0xc00040d2c0}, {0xc0002c29e0, 0x9, 0x9}, 0x9)
        C:/Program Files/Go/src/io/io.go:335 +0xd0
io.ReadFull(...)
        C:/Program Files/Go/src/io/io.go:354
golang.org/x/net/http2.readFrameHeader({0xc0002c29e0, 0x9, 0x9}, {0x14169aea0, 0xc00040d2c0})
        C:/Users/Andres/go/pkg/mod/golang.org/x/net@v0.20.0/http2/frame.go:237 +0x9b
golang.org/x/net/http2.(*Framer).ReadFrame(0xc0002c29a0)
        C:/Users/Andres/go/pkg/mod/golang.org/x/net@v0.20.0/http2/frame.go:498 +0xf5
google.golang.org/grpc/internal/transport.(*http2Client).reader(0xc0007a2900, 0x140933ab4?)
        C:/Users/Andres/go/pkg/mod/google.golang.org/grpc@v1.60.1/internal/transport/http2_client.go:1587 +0x2e5
created by google.golang.org/grpc/internal/transport.newHTTP2Client in goroutine 1502
        C:/Users/Andres/go/pkg/mod/google.golang.org/grpc@v1.60.1/internal/transport/http2_client.go:398 +0x2fd6

goroutine 1068 [select, 10 minutes]:
os/signal.NotifyContext.func1()
        C:/Program Files/Go/src/os/signal/signal.go:288 +0xc6
created by os/signal.NotifyContext in goroutine 688
        C:/Program Files/Go/src/os/signal/signal.go:287 +0x2bd

goroutine 1072 [chan receive, 9 minutes]:
github.com/andrescosta/goico/pkg/service/grpc.(*Service).DoServe.func1()
        C:/Users/Andres/projects/go/goico/pkg/service/grpc/service.go:129 +0x6f
created by github.com/andrescosta/goico/pkg/service/grpc.(*Service).DoServe in goroutine 1067
        C:/Users/Andres/projects/go/goico/pkg/service/grpc/service.go:128 +0x210

goroutine 1011 [select, 9 minutes]:
google.golang.org/grpc/internal/transport.(*controlBuffer).get(0xc0003842d0, 0x1)
        C:/Users/Andres/go/pkg/mod/google.golang.org/grpc@v1.60.1/internal/transport/controlbuf.go:418 +0x1af
google.golang.org/grpc/internal/transport.(*loopyWriter).run(0xc0000f0f50)
        C:/Users/Andres/go/pkg/mod/google.golang.org/grpc@v1.60.1/internal/transport/controlbuf.go:552 +0x14f
google.golang.org/grpc/internal/transport.NewServerTransport.func2()
        C:/Users/Andres/go/pkg/mod/google.golang.org/grpc@v1.60.1/internal/transport/http2_server.go:325 +0x216
created by google.golang.org/grpc/internal/transport.NewServerTransport in goroutine 916
        C:/Users/Andres/go/pkg/mod/google.golang.org/grpc@v1.60.1/internal/transport/http2_server.go:322 +0x246b

goroutine 1010 [select, 9 minutes]:
google.golang.org/grpc/internal/transport.(*controlBuffer).get(0xc000af2550, 0x1)
        C:/Users/Andres/go/pkg/mod/google.golang.org/grpc@v1.60.1/internal/transport/controlbuf.go:418 +0x1af
google.golang.org/grpc/internal/transport.(*loopyWriter).run(0xc0000f0930)
        C:/Users/Andres/go/pkg/mod/google.golang.org/grpc@v1.60.1/internal/transport/controlbuf.go:552 +0x14f
google.golang.org/grpc/internal/transport.newHTTP2Client.func6()
        C:/Users/Andres/go/pkg/mod/google.golang.org/grpc@v1.60.1/internal/transport/http2_client.go:452 +0x168
created by google.golang.org/grpc/internal/transport.newHTTP2Client in goroutine 114
        C:/Users/Andres/go/pkg/mod/google.golang.org/grpc@v1.60.1/internal/transport/http2_client.go:450 +0x394b

goroutine 869 [chan receive, 10 minutes]:
github.com/andrescosta/goico/pkg/service/grpc.(*Service).DoServe.func1()
        C:/Users/Andres/projects/go/goico/pkg/service/grpc/service.go:129 +0x6f
created by github.com/andrescosta/goico/pkg/service/grpc.(*Service).DoServe in goroutine 686
        C:/Users/Andres/projects/go/goico/pkg/service/grpc/service.go:128 +0x210

goroutine 733 [select, 10 minutes]:
os/signal.NotifyContext.func1()
        C:/Program Files/Go/src/os/signal/signal.go:288 +0xc6
created by os/signal.NotifyContext in goroutine 786
        C:/Program Files/Go/src/os/signal/signal.go:287 +0x2bd

goroutine 734 [chan receive, 10 minutes]:
github.com/andrescosta/goico/pkg/service.(*Base).waitForDoneAndEndTheWorld(0xc000591500)
        C:/Users/Andres/projects/go/goico/pkg/service/base.go:121 +0xf8
created by github.com/andrescosta/goico/pkg/service.New in goroutine 786
        C:/Users/Andres/projects/go/goico/pkg/service/base.go:84 +0xb0b

goroutine 1505 [select]:
google.golang.org/grpc/internal/transport.(*controlBuffer).get(0xc001381f40, 0x1)
        C:/Users/Andres/go/pkg/mod/google.golang.org/grpc@v1.60.1/internal/transport/controlbuf.go:418 +0x1af
google.golang.org/grpc/internal/transport.(*loopyWriter).run(0xc00167a1c0)
        C:/Users/Andres/go/pkg/mod/google.golang.org/grpc@v1.60.1/internal/transport/controlbuf.go:552 +0x14f
google.golang.org/grpc/internal/transport.newHTTP2Client.func6()
        C:/Users/Andres/go/pkg/mod/google.golang.org/grpc@v1.60.1/internal/transport/http2_client.go:452 +0x168
created by google.golang.org/grpc/internal/transport.newHTTP2Client in goroutine 1502
        C:/Users/Andres/go/pkg/mod/google.golang.org/grpc@v1.60.1/internal/transport/http2_client.go:450 +0x394b

goroutine 752 [select, 10 minutes]:
google.golang.org/grpc/internal/grpcsync.(*CallbackSerializer).run(0xc000051a30, {0x1416a8150, 0xc000385540})
        C:/Users/Andres/go/pkg/mod/google.golang.org/grpc@v1.60.1/internal/grpcsync/callback_serializer.go:76 +0x1e9
created by google.golang.org/grpc/internal/grpcsync.NewCallbackSerializer in goroutine 688
        C:/Users/Andres/go/pkg/mod/google.golang.org/grpc@v1.60.1/internal/grpcsync/callback_serializer.go:52 +0x20e

goroutine 1708 [select, 10 minutes]:
google.golang.org/grpc/test/bufconn.(*Listener).DialContext(0xc000596400, {0x1416a7f20, 0x141eed400})
        C:/Users/Andres/go/pkg/mod/google.golang.org/grpc@v1.60.1/test/bufconn/bufconn.go:98 +0x265
github.com/andrescosta/goico/pkg/service.(*BufConn).Tranport.func1({0x140078d39?, 0x14007cdf1?}, {0x14007ce29?, 0xc001b87618?}, {0x1401a6125?, 0x0?})
        C:/Users/Andres/projects/go/goico/pkg/service/conn.go:119 +0x3d
net/http.(*Transport).dial(0xc001802dc0, {0x1416a81c0, 0xc00181cd90}, {0x14147e8e2, 0x3}, {0xc0018606a6, 0xa})
        C:/Program Files/Go/src/net/http/transport.go:1183 +0xf0
net/http.(*Transport).dialConn(0xc001802dc0, {0x1416a81c0, 0xc00181cd90}, {{}, 0x0, {0xc000042d98, 0x4}, {0xc0018606a6, 0xa}, 0x0})
        C:/Program Files/Go/src/net/http/transport.go:1625 +0xdc5
net/http.(*Transport).dialConnFor(0xc001820dc0?, 0xc001cbe0b0)
        C:/Program Files/Go/src/net/http/transport.go:1467 +0x12a
created by net/http.(*Transport).queueForDial in goroutine 1707
        C:/Program Files/Go/src/net/http/transport.go:1436 +0x16b

goroutine 1909 [select, 9 minutes]:
google.golang.org/grpc/test/bufconn.(*Listener).DialContext(0xc00051c520, {0x1416a7f20, 0x141eed400})
        C:/Users/Andres/go/pkg/mod/google.golang.org/grpc@v1.60.1/test/bufconn/bufconn.go:98 +0x265
github.com/andrescosta/goico/pkg/service.(*BufConn).Tranport.func1({0x140078d39?, 0x14007cdf1?}, {0x14007ce29?, 0xc00148f618?}, {0x1401a6125?, 0x0?})
        C:/Users/Andres/projects/go/goico/pkg/service/conn.go:119 +0x3d
net/http.(*Transport).dial(0xc000578140, {0x1416a81c0, 0xc001708770}, {0x14147e8e2, 0x3}, {0xc0018ba0e6, 0xa})
        C:/Program Files/Go/src/net/http/transport.go:1183 +0xf0
net/http.(*Transport).dialConn(0xc000578140, {0x1416a81c0, 0xc001708770}, {{}, 0x0, {0xc00041e120, 0x4}, {0xc0018ba0e6, 0xa}, 0x0})
        C:/Program Files/Go/src/net/http/transport.go:1625 +0xdc5
net/http.(*Transport).dialConnFor(0xa9c900?, 0xc000b9efd0)
        C:/Program Files/Go/src/net/http/transport.go:1467 +0x12a
created by net/http.(*Transport).queueForDial in goroutine 1924
        C:/Program Files/Go/src/net/http/transport.go:1436 +0x16b

goroutine 817 [sync.Cond.Wait, 9 minutes]:
sync.runtime_notifyListWait(0xc0004f65b8, 0xa)
        C:/Program Files/Go/src/runtime/sema.go:527 +0x15d
sync.(*Cond).Wait(0xc0004f65a8)
        C:/Program Files/Go/src/sync/cond.go:70 +0x76
google.golang.org/grpc/test/bufconn.(*pipe).Read(0xc0004f6540, {0xc001192000, 0x8000, 0xc001715ea0?})
        C:/Users/Andres/go/pkg/mod/google.golang.org/grpc@v1.60.1/test/bufconn/bufconn.go:173 +0x105
bufio.(*Reader).Read(0xc00040c180, {0xc0006e84a0, 0x9, 0x9})
        C:/Program Files/Go/src/bufio/bufio.go:244 +0x4be
io.ReadAtLeast({0x14169aea0, 0xc00040c180}, {0xc0006e84a0, 0x9, 0x9}, 0x9)
        C:/Program Files/Go/src/io/io.go:335 +0xd0
io.ReadFull(...)
        C:/Program Files/Go/src/io/io.go:354
golang.org/x/net/http2.readFrameHeader({0xc0006e84a0, 0x9, 0x9}, {0x14169aea0, 0xc00040c180})
        C:/Users/Andres/go/pkg/mod/golang.org/x/net@v0.20.0/http2/frame.go:237 +0x9b
golang.org/x/net/http2.(*Framer).ReadFrame(0xc0006e8460)
        C:/Users/Andres/go/pkg/mod/golang.org/x/net@v0.20.0/http2/frame.go:498 +0xf5
google.golang.org/grpc/internal/transport.(*http2Client).reader(0xc000189b00, 0x0?)
        C:/Users/Andres/go/pkg/mod/google.golang.org/grpc@v1.60.1/internal/transport/http2_client.go:1587 +0x2e5
created by google.golang.org/grpc/internal/transport.newHTTP2Client in goroutine 114
        C:/Users/Andres/go/pkg/mod/google.golang.org/grpc@v1.60.1/internal/transport/http2_client.go:398 +0x2fd6

goroutine 887 [sync.Cond.Wait, 9 minutes]:
sync.runtime_notifyListWait(0xc000ed00e0, 0x2)
        C:/Program Files/Go/src/runtime/sema.go:527 +0x15d
sync.(*Cond).Wait(0xc000ed00d0)
        C:/Program Files/Go/src/sync/cond.go:70 +0x76
github.com/cockroachdb/pebble/record.(*flusherCond).Wait(...)
        C:/Users/Andres/go/pkg/mod/github.com/cockroachdb/pebble@v1.0.0/record/log_writer.go:203
github.com/cockroachdb/pebble/record.(*LogWriter).flushLoop(0xc000ed0000, {0xc00060a1b8, 0x14130c4c0})
        C:/Users/Andres/go/pkg/mod/github.com/cockroachdb/pebble@v1.0.0/record/log_writer.go:439 +0xb95
runtime/pprof.Do({0x1416a7f20?, 0x141eed400}, {{0xc00038e5a0?, 0x14004a65a?, 0x141135300?}}, 0xc000dc5fc0)
        C:/Program Files/Go/src/runtime/pprof/runtime.go:51 +0x143
github.com/cockroachdb/pebble/record.NewLogWriter.func2()
        C:/Users/Andres/go/pkg/mod/github.com/cockroachdb/pebble@v1.0.0/record/log_writer.go:360 +0x92
created by github.com/cockroachdb/pebble/record.NewLogWriter in goroutine 686
        C:/Users/Andres/go/pkg/mod/github.com/cockroachdb/pebble@v1.0.0/record/log_writer.go:359 +0x75d

goroutine 1013 [sync.Cond.Wait, 9 minutes]:
sync.runtime_notifyListWait(0xc0004f64f8, 0xb)
        C:/Program Files/Go/src/runtime/sema.go:527 +0x15d
sync.(*Cond).Wait(0xc0004f64e8)
        C:/Program Files/Go/src/sync/cond.go:70 +0x76
google.golang.org/grpc/test/bufconn.(*pipe).Read(0xc0004f6480, {0xc000db2000, 0x8000, 0x1401966af?})
        C:/Users/Andres/go/pkg/mod/google.golang.org/grpc@v1.60.1/test/bufconn/bufconn.go:173 +0x105
bufio.(*Reader).Read(0xc000dfa0c0, {0xc0002c23c0, 0x9, 0x9})
        C:/Program Files/Go/src/bufio/bufio.go:244 +0x4be
io.ReadAtLeast({0x14169aea0, 0xc000dfa0c0}, {0xc0002c23c0, 0x9, 0x9}, 0x9)
        C:/Program Files/Go/src/io/io.go:335 +0xd0
io.ReadFull(...)
        C:/Program Files/Go/src/io/io.go:354
golang.org/x/net/http2.readFrameHeader({0xc0002c23c0, 0x9, 0x9}, {0x14169aea0, 0xc000dfa0c0})
        C:/Users/Andres/go/pkg/mod/golang.org/x/net@v0.20.0/http2/frame.go:237 +0x9b
golang.org/x/net/http2.(*Framer).ReadFrame(0xc0002c2380)
        C:/Users/Andres/go/pkg/mod/golang.org/x/net@v0.20.0/http2/frame.go:498 +0xf5
google.golang.org/grpc/internal/transport.(*http2Server).HandleStreams(0xc000e2a340, {0x1416a8118, 0xc000d24570}, 0x141eed400?)
        C:/Users/Andres/go/pkg/mod/google.golang.org/grpc@v1.60.1/internal/transport/http2_server.go:617 +0x145
google.golang.org/grpc.(*Server).serveStreams(0xc0001e7e00, {0x1416a7f20, 0x141eed400}, {0x1416ad438?, 0xc000e2a340}, {0x1416acb18?, 0xc0002ea340})
        C:/Users/Andres/go/pkg/mod/google.golang.org/grpc@v1.60.1/server.go:1012 +0x6bc
google.golang.org/grpc.(*Server).handleRawConn.func1()
        C:/Users/Andres/go/pkg/mod/google.golang.org/grpc@v1.60.1/server.go:939 +0x87
created by google.golang.org/grpc.(*Server).handleRawConn in goroutine 916
        C:/Users/Andres/go/pkg/mod/google.golang.org/grpc@v1.60.1/server.go:938 +0x290

goroutine 735 [chan receive, 10 minutes]:
github.com/andrescosta/goico/pkg/service/grpc.(*Service).DoServe.func1()
        C:/Users/Andres/projects/go/goico/pkg/service/grpc/service.go:129 +0x6f
created by github.com/andrescosta/goico/pkg/service/grpc.(*Service).DoServe in goroutine 786
        C:/Users/Andres/projects/go/goico/pkg/service/grpc/service.go:128 +0x210

goroutine 686 [select, 10 minutes]:
google.golang.org/grpc/test/bufconn.(*Listener).Accept(0xc00041a900)
        C:/Users/Andres/go/pkg/mod/google.golang.org/grpc@v1.60.1/test/bufconn/bufconn.go:61 +0xf7
google.golang.org/grpc.(*Server).Serve(0xc0001e7e00, {0x1416a3f90, 0xc00041a900})
        C:/Users/Andres/go/pkg/mod/google.golang.org/grpc@v1.60.1/server.go:871 +0x611
github.com/andrescosta/goico/pkg/service/grpc.(*Service).DoServe(0xc000105fb0, {0x1416a3f90, 0xc00041a900})
        C:/Users/Andres/projects/go/goico/pkg/service/grpc/service.go:135 +0x3c9
github.com/andrescosta/goico/pkg/service/grpc.(*Service).Serve(0xc000105fb0)
        C:/Users/Andres/projects/go/goico/pkg/service/grpc/service.go:118 +0xdb
github.com/andrescosta/jobico/cmd/ctl/service.Service.Start({{0x14169abc0, 0xc000403c20}, 0xc00041c59f, {0x14169ab60, 0xc000403c20}}, {0x1416a8150?, 0xc0007fe690})
        C:/Users/Andres/projects/go/jobico/cmd/ctl/service/service.go:45 +0x6c5
github.com/andrescosta/goico/pkg/test.(*ServiceGroup).startIt.func1()
        C:/Users/Andres/projects/go/goico/pkg/test/servicegroup.go:96 +0x11e
created by github.com/andrescosta/goico/pkg/test.(*ServiceGroup).startIt in goroutine 24
        C:/Users/Andres/projects/go/goico/pkg/test/servicegroup.go:94 +0x306

goroutine 687 [select, 10 minutes]:
google.golang.org/grpc/test/bufconn.(*Listener).Accept(0xc00051c040)
        C:/Users/Andres/go/pkg/mod/google.golang.org/grpc@v1.60.1/test/bufconn/bufconn.go:61 +0xf7
google.golang.org/grpc.(*Server).Serve(0xc000738800, {0x1416a3f90, 0xc00051c040})
        C:/Users/Andres/go/pkg/mod/google.golang.org/grpc@v1.60.1/server.go:871 +0x611
github.com/andrescosta/goico/pkg/service/grpc.(*Service).DoServe(0xc0006f41e0, {0x1416a3f90, 0xc00051c040})
        C:/Users/Andres/projects/go/goico/pkg/service/grpc/service.go:135 +0x3c9
github.com/andrescosta/goico/pkg/service/grpc.(*Service).Serve(0xc0006f41e0)
        C:/Users/Andres/projects/go/goico/pkg/service/grpc/service.go:118 +0xdb
github.com/andrescosta/jobico/cmd/repo/service.Service.Start({{0x14169abc0, 0xc000403c20}, 0xc00041c5bf, {0x14169ab60, 0xc000403c20}}, {0x1416a8150?, 0xc0007fe6e0})
        C:/Users/Andres/projects/go/jobico/cmd/repo/service/service.go:45 +0x768
github.com/andrescosta/goico/pkg/test.(*ServiceGroup).startIt.func1()
        C:/Users/Andres/projects/go/goico/pkg/test/servicegroup.go:96 +0x11e
created by github.com/andrescosta/goico/pkg/test.(*ServiceGroup).startIt in goroutine 24
        C:/Users/Andres/projects/go/goico/pkg/test/servicegroup.go:94 +0x306

goroutine 882 [sync.Cond.Wait, 10 minutes]:
sync.runtime_notifyListWait(0xc000192a38, 0x1)
        C:/Program Files/Go/src/runtime/sema.go:527 +0x15d
sync.(*Cond).Wait(0xc000192a28)
        C:/Program Files/Go/src/sync/cond.go:70 +0x76
google.golang.org/grpc/test/bufconn.(*pipe).Read(0xc0001929c0, {0xc000ea6000, 0x8000, 0x4?})
        C:/Users/Andres/go/pkg/mod/google.golang.org/grpc@v1.60.1/test/bufconn/bufconn.go:173 +0x105
bufio.(*Reader).Read(0xc00040c900, {0xc0005604a0, 0x9, 0x9})
        C:/Program Files/Go/src/bufio/bufio.go:244 +0x4be
io.ReadAtLeast({0x14169aea0, 0xc00040c900}, {0xc0005604a0, 0x9, 0x9}, 0x9)
        C:/Program Files/Go/src/io/io.go:335 +0xd0
io.ReadFull(...)
        C:/Program Files/Go/src/io/io.go:354
golang.org/x/net/http2.readFrameHeader({0xc0005604a0, 0x9, 0x9}, {0x14169aea0, 0xc00040c900})
        C:/Users/Andres/go/pkg/mod/golang.org/x/net@v0.20.0/http2/frame.go:237 +0x9b
golang.org/x/net/http2.(*Framer).ReadFrame(0xc000560460)
        C:/Users/Andres/go/pkg/mod/golang.org/x/net@v0.20.0/http2/frame.go:498 +0xf5
google.golang.org/grpc/internal/transport.(*http2Client).reader(0xc00047e6c0, 0xc00034c400?)
        C:/Users/Andres/go/pkg/mod/google.golang.org/grpc@v1.60.1/internal/transport/http2_client.go:1587 +0x2e5
created by google.golang.org/grpc/internal/transport.newHTTP2Client in goroutine 269
        C:/Users/Andres/go/pkg/mod/google.golang.org/grpc@v1.60.1/internal/transport/http2_client.go:398 +0x2fd6

goroutine 688 [select, 10 minutes]:
google.golang.org/grpc/test/bufconn.(*Listener).Accept(0xc00051c5a0)
        C:/Users/Andres/go/pkg/mod/google.golang.org/grpc@v1.60.1/test/bufconn/bufconn.go:61 +0xf7
net/http.(*Server).Serve(0xc0002401e0, {0x1416a3f90, 0xc00051c5a0})
        C:/Program Files/Go/src/net/http/server.go:3056 +0x5e8
github.com/andrescosta/goico/pkg/service/http.(*Service).DoServe(0xc000053500, {0x1416a3f90, 0xc00051c5a0})
        C:/Users/Andres/projects/go/goico/pkg/service/http/service.go:161 +0x58a
github.com/andrescosta/goico/pkg/service/http.(*Service).Serve(0xc000053500)
        C:/Users/Andres/projects/go/goico/pkg/service/http/service.go:136 +0xdb
github.com/andrescosta/jobico/cmd/listener/service.Service.Start({{0x14169ab60, 0xc000403c20}, {0x14169abe0, 0xc000403c20}, {0x14169abe0, 0xc000403c20}, {0x14169ab40, 0xc000403c20}}, {0x1416a8150, 0xc0007fe730})
        C:/Users/Andres/projects/go/jobico/cmd/listener/service/service.go:54 +0x8ed
github.com/andrescosta/goico/pkg/test.(*ServiceGroup).startIt.func1()
        C:/Users/Andres/projects/go/goico/pkg/test/servicegroup.go:96 +0x11e
created by github.com/andrescosta/goico/pkg/test.(*ServiceGroup).startIt in goroutine 24
        C:/Users/Andres/projects/go/goico/pkg/test/servicegroup.go:94 +0x306

goroutine 689 [select, 10 minutes]:
google.golang.org/grpc/test/bufconn.(*Listener).Accept(0xc000596140)
        C:/Users/Andres/go/pkg/mod/google.golang.org/grpc@v1.60.1/test/bufconn/bufconn.go:61 +0xf7
google.golang.org/grpc.(*Server).Serve(0xc00083a200, {0x1416a3f90, 0xc000596140})
        C:/Users/Andres/go/pkg/mod/google.golang.org/grpc@v1.60.1/server.go:871 +0x611
github.com/andrescosta/goico/pkg/service/grpc.(*Service).DoServe(0xc0002226f0, {0x1416a3f90, 0xc000596140})
        C:/Users/Andres/projects/go/goico/pkg/service/grpc/service.go:135 +0x3c9
github.com/andrescosta/goico/pkg/service/grpc.(*Service).Serve(0xc0002226f0)
        C:/Users/Andres/projects/go/goico/pkg/service/grpc/service.go:118 +0xdb
github.com/andrescosta/jobico/cmd/queue/service.Service.Start({{0x14169abc0, 0xc000403c20}, {0x14169ab60, 0xc000403c20}, 0xc00041c5af}, {0x1416a8150?, 0xc0007fe780})
        C:/Users/Andres/projects/go/jobico/cmd/queue/service/service.go:48 +0x765
github.com/andrescosta/goico/pkg/test.(*ServiceGroup).startIt.func1()
        C:/Users/Andres/projects/go/goico/pkg/test/servicegroup.go:96 +0x11e
created by github.com/andrescosta/goico/pkg/test.(*ServiceGroup).startIt in goroutine 24
        C:/Users/Andres/projects/go/goico/pkg/test/servicegroup.go:94 +0x306

goroutine 786 [select, 10 minutes]:
google.golang.org/grpc/test/bufconn.(*Listener).Accept(0xc0000ba9c0)
        C:/Users/Andres/go/pkg/mod/google.golang.org/grpc@v1.60.1/test/bufconn/bufconn.go:61 +0xf7
google.golang.org/grpc.(*Server).Serve(0xc00034c400, {0x1416a3f90, 0xc0000ba9c0})
        C:/Users/Andres/go/pkg/mod/google.golang.org/grpc@v1.60.1/server.go:871 +0x611
github.com/andrescosta/goico/pkg/service/grpc.(*Service).DoServe(0xc0004fa0f0, {0x1416a3f90, 0xc0000ba9c0})
        C:/Users/Andres/projects/go/goico/pkg/service/grpc/service.go:135 +0x3c9
github.com/andrescosta/goico/pkg/service/grpc.(*Service).Serve(0xc0004fa0f0)
        C:/Users/Andres/projects/go/goico/pkg/service/grpc/service.go:118 +0xdb
github.com/andrescosta/jobico/cmd/recorder/service.Service.Start({{0x14169abc0, 0xc000403c20}, 0xc00041c5cf, {0x14169ab60, 0xc000403c20}}, {0x1416a8150?, 0xc0007fe7d0})
        C:/Users/Andres/projects/go/jobico/cmd/recorder/service/service.go:44 +0x6c5
github.com/andrescosta/goico/pkg/test.(*ServiceGroup).startIt.func1()
        C:/Users/Andres/projects/go/goico/pkg/test/servicegroup.go:96 +0x11e
created by github.com/andrescosta/goico/pkg/test.(*ServiceGroup).startIt in goroutine 24
        C:/Users/Andres/projects/go/goico/pkg/test/servicegroup.go:94 +0x306

goroutine 1575 [select, 10 minutes]:
google.golang.org/grpc/internal/grpcsync.(*CallbackSerializer).run(0xc00070dd90, {0x1416a8150, 0xc0017ce0a0})
        C:/Users/Andres/go/pkg/mod/google.golang.org/grpc@v1.60.1/internal/grpcsync/callback_serializer.go:76 +0x1e9
created by google.golang.org/grpc/internal/grpcsync.NewCallbackSerializer in goroutine 1249
        C:/Users/Andres/go/pkg/mod/google.golang.org/grpc@v1.60.1/internal/grpcsync/callback_serializer.go:52 +0x20e

goroutine 1249 [semacquire, 10 minutes]:
sync.runtime_Semacquire(0xc0000dba88?)
        C:/Program Files/Go/src/runtime/sema.go:62 +0x25
sync.(*WaitGroup).Wait(0xc0000dba80)
        C:/Program Files/Go/src/sync/waitgroup.go:116 +0xa8
github.com/andrescosta/goico/pkg/service/process.Service.DoServe({0xc001702f00?, 0xc00170cc80?, 0xc001702fc0?, 0xc00170cca0?}, {0x1416a3f90?, 0xc00038f4a0})
        C:/Users/Andres/projects/go/goico/pkg/service/process/service.go:104 +0x5db
github.com/andrescosta/goico/pkg/service/process.Service.Serve({0xc001702f00?, 0xc00170cc80?, 0xc001702fc0?, 0xc00170cca0?})
        C:/Users/Andres/projects/go/goico/pkg/service/process/service.go:82 +0x10e
github.com/andrescosta/jobico/cmd/executor/service.Service.Start({{0x14169ab60, 0xc000403c20}, {0x14169abe0, 0xc000403c20}, {0x14169ab40, 0xc000403c20}, 0x0}, {0x1416a8150?, 0xc001380e10})
        C:/Users/Andres/projects/go/jobico/cmd/executor/service/service.go:63 +0x8b6
github.com/andrescosta/goico/pkg/test.(*ServiceGroup).startIt.func1()
        C:/Users/Andres/projects/go/goico/pkg/test/servicegroup.go:96 +0x11e
created by github.com/andrescosta/goico/pkg/test.(*ServiceGroup).startIt in goroutine 24
        C:/Users/Andres/projects/go/goico/pkg/test/servicegroup.go:94 +0x306

goroutine 3589 [select, 9 minutes]:
google.golang.org/grpc/test/bufconn.(*Listener).DialContext(0xc00051c520, {0x1416a7f20, 0x141eed400})
        C:/Users/Andres/go/pkg/mod/google.golang.org/grpc@v1.60.1/test/bufconn/bufconn.go:98 +0x265
github.com/andrescosta/goico/pkg/service.(*BufConn).Tranport.func1({0x140078d39?, 0x14007cdf1?}, {0x14007ce29?, 0xc00078d618?}, {0x1401a6125?, 0x0?})
        C:/Users/Andres/projects/go/goico/pkg/service/conn.go:119 +0x3d
net/http.(*Transport).dial(0xc00246f040, {0x1416a81c0, 0xc00176afc0}, {0x14147e8e2, 0x3}, {0xc00283a5f6, 0xa})
        C:/Program Files/Go/src/net/http/transport.go:1183 +0xf0
net/http.(*Transport).dialConn(0xc00246f040, {0x1416a81c0, 0xc00176afc0}, {{}, 0x0, {0xc000613ea8, 0x4}, {0xc00283a5f6, 0xa}, 0x0})
        C:/Program Files/Go/src/net/http/transport.go:1625 +0xdc5
net/http.(*Transport).dialConnFor(0xc0003691e0?, 0xc000e93600)
        C:/Program Files/Go/src/net/http/transport.go:1467 +0x12a
created by net/http.(*Transport).queueForDial in goroutine 1924
        C:/Program Files/Go/src/net/http/transport.go:1436 +0x16b

goroutine 1497 [sync.Cond.Wait, 10 minutes]:
sync.runtime_notifyListWait(0xc000745638, 0x1)
        C:/Program Files/Go/src/runtime/sema.go:527 +0x15d
sync.(*Cond).Wait(0xc000745628)
        C:/Program Files/Go/src/sync/cond.go:70 +0x76
google.golang.org/grpc/test/bufconn.(*pipe).Read(0xc0007455c0, {0xc001780000, 0x8000, 0x1400529c7?})
        C:/Users/Andres/go/pkg/mod/google.golang.org/grpc@v1.60.1/test/bufconn/bufconn.go:173 +0x105
bufio.(*Reader).Read(0xc001409ce0, {0xc0002c2900, 0x9, 0x9})
        C:/Program Files/Go/src/bufio/bufio.go:244 +0x4be
io.ReadAtLeast({0x14169aea0, 0xc001409ce0}, {0xc0002c2900, 0x9, 0x9}, 0x9)
        C:/Program Files/Go/src/io/io.go:335 +0xd0
io.ReadFull(...)
        C:/Program Files/Go/src/io/io.go:354
golang.org/x/net/http2.readFrameHeader({0xc0002c2900, 0x9, 0x9}, {0x14169aea0, 0xc001409ce0})
        C:/Users/Andres/go/pkg/mod/golang.org/x/net@v0.20.0/http2/frame.go:237 +0x9b
golang.org/x/net/http2.(*Framer).ReadFrame(0xc0002c28c0)
        C:/Users/Andres/go/pkg/mod/golang.org/x/net@v0.20.0/http2/frame.go:498 +0xf5
google.golang.org/grpc/internal/transport.(*http2Server).HandleStreams(0xc001790000, {0x1416a8118, 0xc000ae9560}, 0x141eed400?)
        C:/Users/Andres/go/pkg/mod/google.golang.org/grpc@v1.60.1/internal/transport/http2_server.go:617 +0x145
google.golang.org/grpc.(*Server).serveStreams(0xc00034c400, {0x1416a7f20, 0x141eed400}, {0x1416ad438?, 0xc001790000}, {0x1416acb18?, 0xc00038f800})
        C:/Users/Andres/go/pkg/mod/google.golang.org/grpc@v1.60.1/server.go:1012 +0x6bc
google.golang.org/grpc.(*Server).handleRawConn.func1()
        C:/Users/Andres/go/pkg/mod/google.golang.org/grpc@v1.60.1/server.go:939 +0x87
created by google.golang.org/grpc.(*Server).handleRawConn in goroutine 1491
        C:/Users/Andres/go/pkg/mod/google.golang.org/grpc@v1.60.1/server.go:938 +0x290

goroutine 866 [select, 10 minutes]:
google.golang.org/grpc/internal/grpcsync.(*CallbackSerializer).run(0xc000051a90, {0x1416a8150, 0xc0003855e0})
        C:/Users/Andres/go/pkg/mod/google.golang.org/grpc@v1.60.1/internal/grpcsync/callback_serializer.go:76 +0x1e9
created by google.golang.org/grpc/internal/grpcsync.NewCallbackSerializer in goroutine 688
        C:/Users/Andres/go/pkg/mod/google.golang.org/grpc@v1.60.1/internal/grpcsync/callback_serializer.go:52 +0x20e

goroutine 753 [select, 10 minutes]:
google.golang.org/grpc/internal/grpcsync.(*CallbackSerializer).run(0xc000051a60, {0x1416a8150, 0xc000385590})
        C:/Users/Andres/go/pkg/mod/google.golang.org/grpc@v1.60.1/internal/grpcsync/callback_serializer.go:76 +0x1e9
created by google.golang.org/grpc/internal/grpcsync.NewCallbackSerializer in goroutine 688
        C:/Users/Andres/go/pkg/mod/google.golang.org/grpc@v1.60.1/internal/grpcsync/callback_serializer.go:52 +0x20e

goroutine 825 [select, 10 minutes]:
google.golang.org/grpc/internal/grpcsync.(*CallbackSerializer).run(0xc000425d30, {0x1416a8150, 0xc000ba1180})
        C:/Users/Andres/go/pkg/mod/google.golang.org/grpc@v1.60.1/internal/grpcsync/callback_serializer.go:76 +0x1e9
created by google.golang.org/grpc/internal/grpcsync.NewCallbackSerializer in goroutine 688
        C:/Users/Andres/go/pkg/mod/google.golang.org/grpc@v1.60.1/internal/grpcsync/callback_serializer.go:52 +0x20e

goroutine 824 [select, 10 minutes]:
google.golang.org/grpc/internal/grpcsync.(*CallbackSerializer).run(0xc0004256e0, {0x1416a8150, 0xc000ba1130})
        C:/Users/Andres/go/pkg/mod/google.golang.org/grpc@v1.60.1/internal/grpcsync/callback_serializer.go:76 +0x1e9
created by google.golang.org/grpc/internal/grpcsync.NewCallbackSerializer in goroutine 688
        C:/Users/Andres/go/pkg/mod/google.golang.org/grpc@v1.60.1/internal/grpcsync/callback_serializer.go:52 +0x20e

goroutine 1453 [select, 9 minutes]:
github.com/andrescosta/goico/pkg/broadcaster.Start[...].func1()
        C:/Users/Andres/projects/go/goico/pkg/broadcaster/broadcaster.go:46 +0x274
created by github.com/andrescosta/goico/pkg/broadcaster.Start[...] in goroutine 1249
        C:/Users/Andres/projects/go/goico/pkg/broadcaster/broadcaster.go:41 +0x40b

goroutine 814 [sync.Cond.Wait, 9 minutes]:
sync.runtime_notifyListWait(0xc00029ec78, 0x6)
        C:/Program Files/Go/src/runtime/sema.go:527 +0x15d
sync.(*Cond).Wait(0xc00029ec68)
        C:/Program Files/Go/src/sync/cond.go:70 +0x76
google.golang.org/grpc/test/bufconn.(*pipe).Read(0xc00029ec00, {0xc000a88000, 0x8000, 0xc001d8bae8?})
        C:/Users/Andres/go/pkg/mod/google.golang.org/grpc@v1.60.1/test/bufconn/bufconn.go:173 +0x105
bufio.(*Reader).Read(0xc00040c000, {0xc0006e83c0, 0x9, 0x9})
        C:/Program Files/Go/src/bufio/bufio.go:244 +0x4be
io.ReadAtLeast({0x14169aea0, 0xc00040c000}, {0xc0006e83c0, 0x9, 0x9}, 0x9)
        C:/Program Files/Go/src/io/io.go:335 +0xd0
io.ReadFull(...)
        C:/Program Files/Go/src/io/io.go:354
golang.org/x/net/http2.readFrameHeader({0xc0006e83c0, 0x9, 0x9}, {0x14169aea0, 0xc00040c000})
        C:/Users/Andres/go/pkg/mod/golang.org/x/net@v0.20.0/http2/frame.go:237 +0x9b
golang.org/x/net/http2.(*Framer).ReadFrame(0xc0006e8380)
        C:/Users/Andres/go/pkg/mod/golang.org/x/net@v0.20.0/http2/frame.go:498 +0xf5
google.golang.org/grpc/internal/transport.(*http2Client).reader(0xc000188d80, 0xc000f92050?)
        C:/Users/Andres/go/pkg/mod/google.golang.org/grpc@v1.60.1/internal/transport/http2_client.go:1587 +0x2e5
created by google.golang.org/grpc/internal/transport.newHTTP2Client in goroutine 857
        C:/Users/Andres/go/pkg/mod/google.golang.org/grpc@v1.60.1/internal/transport/http2_client.go:398 +0x2fd6

goroutine 1069 [chan receive, 10 minutes]:
github.com/andrescosta/goico/pkg/service.(*Base).waitForDoneAndEndTheWorld(0xc000053580)
        C:/Users/Andres/projects/go/goico/pkg/service/base.go:121 +0xf8
created by github.com/andrescosta/goico/pkg/service.New in goroutine 688
        C:/Users/Andres/projects/go/goico/pkg/service/base.go:84 +0xb0b

goroutine 1064 [select, 10 minutes]:
google.golang.org/grpc.newClientStreamWithParams.func4()
        C:/Users/Andres/go/pkg/mod/google.golang.org/grpc@v1.60.1/stream.go:391 +0xde
created by google.golang.org/grpc.newClientStreamWithParams in goroutine 688
        C:/Users/Andres/go/pkg/mod/google.golang.org/grpc@v1.60.1/stream.go:390 +0x1b90

goroutine 765 [chan receive, 10 minutes]:
github.com/andrescosta/goico/pkg/service.(*Base).waitForDoneAndEndTheWorld(0xc0005391c0)
        C:/Users/Andres/projects/go/goico/pkg/service/base.go:121 +0xf8
created by github.com/andrescosta/goico/pkg/service.New in goroutine 689
        C:/Users/Andres/projects/go/goico/pkg/service/base.go:84 +0xb0b

goroutine 1016 [select, 9 minutes]:
github.com/andrescosta/jobico/pkg/grpchelper.(*GrpcBroadcaster[...]).RcvAndDispatchUpdates(0x1416b1680, {0x1416a8118, 0xc000376150}, {0x48e4e558, 0xc0000505c0})
        C:/Users/Andres/projects/go/jobico/pkg/grpchelper/broadcaster.go:47 +0x209
github.com/andrescosta/jobico/internal/ctl/controller.(*PackageController).UpdateToPackagesStr(...)
        C:/Users/Andres/projects/go/jobico/internal/ctl/controller/package.go:118
github.com/andrescosta/jobico/internal/ctl/server.(*Server).UpdateToPackagesStr(0xc00041ae80, 0x141395780?, {0x1416abf40?, 0xc0000505c0})
        C:/Users/Andres/projects/go/jobico/internal/ctl/server/server.go:85 +0xc5
github.com/andrescosta/jobico/internal/api/types._Control_UpdateToPackagesStr_Handler({0x141424980?, 0xc00041ae80}, {0x1416aa938, 0xc0011ee000})
        C:/Users/Andres/projects/go/jobico/internal/api/types/control_grpc.pb.go:419 +0xf7
google.golang.org/grpc.(*Server).processStreamingRPC(0xc0001e7e00, {0x1416a8118, 0xc0011ea630}, {0x1416ad438, 0xc000b59d40}, 0xc00055ab40, 0xc0004fb0e0, 0x1411ebea0, 0x0)
        C:/Users/Andres/go/pkg/mod/google.golang.org/grpc@v1.60.1/server.go:1666 +0x1f9c
google.golang.org/grpc.(*Server).handleStream(0xc0001e7e00, {0x1416ad438, 0xc000b59d40}, 0xc00055ab40)
        C:/Users/Andres/go/pkg/mod/google.golang.org/grpc@v1.60.1/server.go:1787 +0x19d4
google.golang.org/grpc.(*Server).serveStreams.func2.1()
        C:/Users/Andres/go/pkg/mod/google.golang.org/grpc@v1.60.1/server.go:1016 +0xd3
created by google.golang.org/grpc.(*Server).serveStreams.func2 in goroutine 952
        C:/Users/Andres/go/pkg/mod/google.golang.org/grpc@v1.60.1/server.go:1027 +0x205

goroutine 855 [select, 10 minutes]:
google.golang.org/grpc/internal/grpcsync.(*CallbackSerializer).run(0xc00030b540, {0x1416a8150, 0xc0009b2050})
        C:/Users/Andres/go/pkg/mod/google.golang.org/grpc@v1.60.1/internal/grpcsync/callback_serializer.go:76 +0x1e9
created by google.golang.org/grpc/internal/grpcsync.NewCallbackSerializer in goroutine 689
        C:/Users/Andres/go/pkg/mod/google.golang.org/grpc@v1.60.1/internal/grpcsync/callback_serializer.go:52 +0x20e

goroutine 3539 [select, 9 minutes]:
google.golang.org/grpc/test/bufconn.(*Listener).DialContext(0xc00051c520, {0x1416a7f20, 0x141eed400})
        C:/Users/Andres/go/pkg/mod/google.golang.org/grpc@v1.60.1/test/bufconn/bufconn.go:98 +0x265
github.com/andrescosta/goico/pkg/service.(*BufConn).Tranport.func1({0x140078d39?, 0x14007cdf1?}, {0x14007ce29?, 0xc001973618?}, {0x1401a6125?, 0x0?})
        C:/Users/Andres/projects/go/goico/pkg/service/conn.go:119 +0x3d
net/http.(*Transport).dial(0xc002155180, {0x1416a81c0, 0xc00157b2d0}, {0x14147e8e2, 0x3}, {0xc001d958c6, 0xa})
        C:/Program Files/Go/src/net/http/transport.go:1183 +0xf0
net/http.(*Transport).dialConn(0xc002155180, {0x1416a81c0, 0xc00157b2d0}, {{}, 0x0, {0xc0006c9050, 0x4}, {0xc001d958c6, 0xa}, 0x0})
        C:/Program Files/Go/src/net/http/transport.go:1625 +0xdc5
net/http.(*Transport).dialConnFor(0xa05400?, 0xc00058d080)
        C:/Program Files/Go/src/net/http/transport.go:1467 +0x12a
created by net/http.(*Transport).queueForDial in goroutine 1924
        C:/Program Files/Go/src/net/http/transport.go:1436 +0x16b

goroutine 826 [select, 10 minutes]:
google.golang.org/grpc/internal/grpcsync.(*CallbackSerializer).run(0xc000425d60, {0x1416a8150, 0xc000ba11d0})
        C:/Users/Andres/go/pkg/mod/google.golang.org/grpc@v1.60.1/internal/grpcsync/callback_serializer.go:76 +0x1e9
created by google.golang.org/grpc/internal/grpcsync.NewCallbackSerializer in goroutine 688
        C:/Users/Andres/go/pkg/mod/google.golang.org/grpc@v1.60.1/internal/grpcsync/callback_serializer.go:52 +0x20e

goroutine 827 [select, 10 minutes]:
os/signal.NotifyContext.func1()
        C:/Program Files/Go/src/os/signal/signal.go:288 +0xc6
created by os/signal.NotifyContext in goroutine 686
        C:/Program Files/Go/src/os/signal/signal.go:287 +0x2bd

goroutine 856 [select, 10 minutes]:
google.golang.org/grpc/internal/grpcsync.(*CallbackSerializer).run(0xc00030b570, {0x1416a8150, 0xc0009b20a0})
        C:/Users/Andres/go/pkg/mod/google.golang.org/grpc@v1.60.1/internal/grpcsync/callback_serializer.go:76 +0x1e9
created by google.golang.org/grpc/internal/grpcsync.NewCallbackSerializer in goroutine 689
        C:/Users/Andres/go/pkg/mod/google.golang.org/grpc@v1.60.1/internal/grpcsync/callback_serializer.go:52 +0x20e

goroutine 828 [chan receive, 10 minutes]:
github.com/andrescosta/goico/pkg/service.(*Base).waitForDoneAndEndTheWorld(0xc000277680)
        C:/Users/Andres/projects/go/goico/pkg/service/base.go:121 +0xf8
created by github.com/andrescosta/goico/pkg/service.New in goroutine 686
        C:/Users/Andres/projects/go/goico/pkg/service/base.go:84 +0xb0b

goroutine 3485 [select, 9 minutes]:
google.golang.org/grpc/test/bufconn.(*Listener).DialContext(0xc00051c520, {0x1416a7f20, 0x141eed400})
        C:/Users/Andres/go/pkg/mod/google.golang.org/grpc@v1.60.1/test/bufconn/bufconn.go:98 +0x265
github.com/andrescosta/goico/pkg/service.(*BufConn).Tranport.func1({0x140078d39?, 0x14007cdf1?}, {0x14007ce29?, 0xc001e63618?}, {0x1401a6125?, 0x0?})
        C:/Users/Andres/projects/go/goico/pkg/service/conn.go:119 +0x3d
net/http.(*Transport).dial(0xc002154f00, {0x1416a81c0, 0xc00157b1f0}, {0x14147e8e2, 0x3}, {0xc001d957c6, 0xa})
        C:/Program Files/Go/src/net/http/transport.go:1183 +0xf0
net/http.(*Transport).dialConn(0xc002154f00, {0x1416a81c0, 0xc00157b1f0}, {{}, 0x0, {0xc0006c8fd8, 0x4}, {0xc001d957c6, 0xa}, 0x0})
        C:/Program Files/Go/src/net/http/transport.go:1625 +0xdc5
net/http.(*Transport).dialConnFor(0xa13200?, 0xc00058cfd0)
        C:/Program Files/Go/src/net/http/transport.go:1467 +0x12a
created by net/http.(*Transport).queueForDial in goroutine 1924
        C:/Program Files/Go/src/net/http/transport.go:1436 +0x16b

goroutine 3382 [select, 9 minutes]:
google.golang.org/grpc/test/bufconn.(*Listener).DialContext(0xc000596400, {0x1416a7f20, 0x141eed400})
        C:/Users/Andres/go/pkg/mod/google.golang.org/grpc@v1.60.1/test/bufconn/bufconn.go:98 +0x265
github.com/andrescosta/goico/pkg/service.(*BufConn).Tranport.func1({0x140078d39?, 0x14007cdf1?}, {0x14007ce29?, 0xc001749618?}, {0x1401a6125?, 0x0?})
        C:/Users/Andres/projects/go/goico/pkg/service/conn.go:119 +0x3d
net/http.(*Transport).dial(0xc001a53cc0, {0x1416a81c0, 0xc001a57260}, {0x14147e8e2, 0x3}, {0xc00191fc46, 0xa})
        C:/Program Files/Go/src/net/http/transport.go:1183 +0xf0
net/http.(*Transport).dialConn(0xc001a53cc0, {0x1416a81c0, 0xc001a57260}, {{}, 0x0, {0xc001e112d8, 0x4}, {0xc00191fc46, 0xa}, 0x0})
        C:/Program Files/Go/src/net/http/transport.go:1625 +0xdc5
net/http.(*Transport).dialConnFor(0xc0017901a0?, 0xc001cbf130)
        C:/Program Files/Go/src/net/http/transport.go:1467 +0x12a
created by net/http.(*Transport).queueForDial in goroutine 1707
        C:/Program Files/Go/src/net/http/transport.go:1436 +0x16b

goroutine 883 [select, 10 minutes]:
google.golang.org/grpc/internal/transport.(*controlBuffer).get(0xc000af3180, 0x1)
        C:/Users/Andres/go/pkg/mod/google.golang.org/grpc@v1.60.1/internal/transport/controlbuf.go:418 +0x1af
google.golang.org/grpc/internal/transport.(*loopyWriter).run(0xc0000f17a0)
        C:/Users/Andres/go/pkg/mod/google.golang.org/grpc@v1.60.1/internal/transport/controlbuf.go:552 +0x14f
google.golang.org/grpc/internal/transport.newHTTP2Client.func6()
        C:/Users/Andres/go/pkg/mod/google.golang.org/grpc@v1.60.1/internal/transport/http2_client.go:452 +0x168
created by google.golang.org/grpc/internal/transport.newHTTP2Client in goroutine 269
        C:/Users/Andres/go/pkg/mod/google.golang.org/grpc@v1.60.1/internal/transport/http2_client.go:450 +0x394b

goroutine 829 [chan receive, 10 minutes]:
github.com/cockroachdb/pebble.(*tableCacheShard).releaseLoop.func1({0x1416a8118, 0xc000376c30})
        C:/Users/Andres/go/pkg/mod/github.com/cockroachdb/pebble@v1.0.0/table_cache.go:324 +0xfc
runtime/pprof.Do({0x1416a7f20?, 0x141eed400}, {{0xc00038e6c0?, 0x140078d39?, 0x14007cdf1?}}, 0xc000659fa0)
        C:/Program Files/Go/src/runtime/pprof/runtime.go:51 +0x143
github.com/cockroachdb/pebble.(*tableCacheShard).releaseLoop(0xc000f20000)
        C:/Users/Andres/go/pkg/mod/github.com/cockroachdb/pebble@v1.0.0/table_cache.go:322 +0x92
created by github.com/cockroachdb/pebble.(*tableCacheShard).init in goroutine 686
        C:/Users/Andres/go/pkg/mod/github.com/cockroachdb/pebble@v1.0.0/table_cache.go:314 +0x19d

goroutine 830 [chan receive, 10 minutes]:
github.com/cockroachdb/pebble.(*tableCacheShard).releaseLoop.func1({0x1416a8118, 0xc000376c90})
        C:/Users/Andres/go/pkg/mod/github.com/cockroachdb/pebble@v1.0.0/table_cache.go:324 +0xfc
runtime/pprof.Do({0x1416a7f20?, 0x141eed400}, {{0xc00038e6c0?, 0x0?, 0x0?}}, 0xc000bddfa0)
        C:/Program Files/Go/src/runtime/pprof/runtime.go:51 +0x143
github.com/cockroachdb/pebble.(*tableCacheShard).releaseLoop(0xc000f200b0)
        C:/Users/Andres/go/pkg/mod/github.com/cockroachdb/pebble@v1.0.0/table_cache.go:322 +0x92
created by github.com/cockroachdb/pebble.(*tableCacheShard).init in goroutine 686
        C:/Users/Andres/go/pkg/mod/github.com/cockroachdb/pebble@v1.0.0/table_cache.go:314 +0x19d

goroutine 831 [chan receive, 10 minutes]:
github.com/cockroachdb/pebble.(*tableCacheShard).releaseLoop.func1({0x1416a8118, 0xc000376cf0})
        C:/Users/Andres/go/pkg/mod/github.com/cockroachdb/pebble@v1.0.0/table_cache.go:324 +0xfc
runtime/pprof.Do({0x1416a7f20?, 0x141eed400}, {{0xc00038e6c0?, 0x0?, 0x0?}}, 0xc000f29fa0)
        C:/Program Files/Go/src/runtime/pprof/runtime.go:51 +0x143
github.com/cockroachdb/pebble.(*tableCacheShard).releaseLoop(0xc000f20160)
        C:/Users/Andres/go/pkg/mod/github.com/cockroachdb/pebble@v1.0.0/table_cache.go:322 +0x92
created by github.com/cockroachdb/pebble.(*tableCacheShard).init in goroutine 686
        C:/Users/Andres/go/pkg/mod/github.com/cockroachdb/pebble@v1.0.0/table_cache.go:314 +0x19d

goroutine 884 [select, 10 minutes]:
google.golang.org/grpc/internal/transport.(*controlBuffer).get(0xc000af3040, 0x1)
        C:/Users/Andres/go/pkg/mod/google.golang.org/grpc@v1.60.1/internal/transport/controlbuf.go:418 +0x1af
google.golang.org/grpc/internal/transport.(*loopyWriter).run(0xc0000f1810)
        C:/Users/Andres/go/pkg/mod/google.golang.org/grpc@v1.60.1/internal/transport/controlbuf.go:552 +0x14f
google.golang.org/grpc/internal/transport.NewServerTransport.func2()
        C:/Users/Andres/go/pkg/mod/google.golang.org/grpc@v1.60.1/internal/transport/http2_server.go:325 +0x216
created by google.golang.org/grpc/internal/transport.NewServerTransport in goroutine 736
        C:/Users/Andres/go/pkg/mod/google.golang.org/grpc@v1.60.1/internal/transport/http2_server.go:322 +0x246b

goroutine 832 [chan receive, 10 minutes]:
github.com/cockroachdb/pebble.(*tableCacheShard).releaseLoop.func1({0x1416a8118, 0xc000376d50})
        C:/Users/Andres/go/pkg/mod/github.com/cockroachdb/pebble@v1.0.0/table_cache.go:324 +0xfc
runtime/pprof.Do({0x1416a7f20?, 0x141eed400}, {{0xc00038e6c0?, 0x0?, 0x0?}}, 0xc001001fa0)
        C:/Program Files/Go/src/runtime/pprof/runtime.go:51 +0x143
github.com/cockroachdb/pebble.(*tableCacheShard).releaseLoop(0xc000f20210)
        C:/Users/Andres/go/pkg/mod/github.com/cockroachdb/pebble@v1.0.0/table_cache.go:322 +0x92
created by github.com/cockroachdb/pebble.(*tableCacheShard).init in goroutine 686
        C:/Users/Andres/go/pkg/mod/github.com/cockroachdb/pebble@v1.0.0/table_cache.go:314 +0x19d

goroutine 885 [select, 10 minutes]:
google.golang.org/grpc/internal/transport.(*http2Server).keepalive(0xc0004409c0)
        C:/Users/Andres/go/pkg/mod/google.golang.org/grpc@v1.60.1/internal/transport/http2_server.go:1133 +0x41b
created by google.golang.org/grpc/internal/transport.NewServerTransport in goroutine 736
        C:/Users/Andres/go/pkg/mod/google.golang.org/grpc@v1.60.1/internal/transport/http2_server.go:328 +0x24eb

goroutine 833 [chan receive, 10 minutes]:
github.com/cockroachdb/pebble.(*tableCacheShard).releaseLoop.func1({0x1416a8118, 0xc000376db0})
        C:/Users/Andres/go/pkg/mod/github.com/cockroachdb/pebble@v1.0.0/table_cache.go:324 +0xfc
runtime/pprof.Do({0x1416a7f20?, 0x141eed400}, {{0xc00038e6c0?, 0x0?, 0x0?}}, 0xc000f25fa0)
        C:/Program Files/Go/src/runtime/pprof/runtime.go:51 +0x143
github.com/cockroachdb/pebble.(*tableCacheShard).releaseLoop(0xc000f202c0)
        C:/Users/Andres/go/pkg/mod/github.com/cockroachdb/pebble@v1.0.0/table_cache.go:322 +0x92
created by github.com/cockroachdb/pebble.(*tableCacheShard).init in goroutine 686
        C:/Users/Andres/go/pkg/mod/github.com/cockroachdb/pebble@v1.0.0/table_cache.go:314 +0x19d

goroutine 898 [chan receive, 10 minutes]:
github.com/cockroachdb/pebble.(*tableCacheShard).releaseLoop.func1({0x1416a8118, 0xc000376e10})
        C:/Users/Andres/go/pkg/mod/github.com/cockroachdb/pebble@v1.0.0/table_cache.go:324 +0xfc
runtime/pprof.Do({0x1416a7f20?, 0x141eed400}, {{0xc00038e6c0?, 0x0?, 0x0?}}, 0xc000f27fa0)
        C:/Program Files/Go/src/runtime/pprof/runtime.go:51 +0x143
github.com/cockroachdb/pebble.(*tableCacheShard).releaseLoop(0xc000f20370)
        C:/Users/Andres/go/pkg/mod/github.com/cockroachdb/pebble@v1.0.0/table_cache.go:322 +0x92
created by github.com/cockroachdb/pebble.(*tableCacheShard).init in goroutine 686
        C:/Users/Andres/go/pkg/mod/github.com/cockroachdb/pebble@v1.0.0/table_cache.go:314 +0x19d

goroutine 886 [sync.Cond.Wait, 10 minutes]:
sync.runtime_notifyListWait(0xc000192978, 0x2)
        C:/Program Files/Go/src/runtime/sema.go:527 +0x15d
sync.(*Cond).Wait(0xc000192968)
        C:/Program Files/Go/src/sync/cond.go:70 +0x76
google.golang.org/grpc/test/bufconn.(*pipe).Read(0xc000192900, {0xc000e96000, 0x8000, 0x0?})
        C:/Users/Andres/go/pkg/mod/google.golang.org/grpc@v1.60.1/test/bufconn/bufconn.go:173 +0x105
bufio.(*Reader).Read(0xc00040c840, {0xc0005603c0, 0x9, 0x9})
        C:/Program Files/Go/src/bufio/bufio.go:244 +0x4be
io.ReadAtLeast({0x14169aea0, 0xc00040c840}, {0xc0005603c0, 0x9, 0x9}, 0x9)
        C:/Program Files/Go/src/io/io.go:335 +0xd0
io.ReadFull(...)
        C:/Program Files/Go/src/io/io.go:354
golang.org/x/net/http2.readFrameHeader({0xc0005603c0, 0x9, 0x9}, {0x14169aea0, 0xc00040c840})
        C:/Users/Andres/go/pkg/mod/golang.org/x/net@v0.20.0/http2/frame.go:237 +0x9b
golang.org/x/net/http2.(*Framer).ReadFrame(0xc000560380)
        C:/Users/Andres/go/pkg/mod/golang.org/x/net@v0.20.0/http2/frame.go:498 +0xf5
google.golang.org/grpc/internal/transport.(*http2Server).HandleStreams(0xc0004409c0, {0x1416a8118, 0xc0004facc0}, 0x141eed400?)
        C:/Users/Andres/go/pkg/mod/google.golang.org/grpc@v1.60.1/internal/transport/http2_server.go:617 +0x145
google.golang.org/grpc.(*Server).serveStreams(0xc00034c400, {0x1416a7f20, 0x141eed400}, {0x1416ad438?, 0xc0004409c0}, {0x1416acb18?, 0xc00041a440})
        C:/Users/Andres/go/pkg/mod/google.golang.org/grpc@v1.60.1/server.go:1012 +0x6bc
google.golang.org/grpc.(*Server).handleRawConn.func1()
        C:/Users/Andres/go/pkg/mod/google.golang.org/grpc@v1.60.1/server.go:939 +0x87
created by google.golang.org/grpc.(*Server).handleRawConn in goroutine 736
        C:/Users/Andres/go/pkg/mod/google.golang.org/grpc@v1.60.1/server.go:938 +0x290

goroutine 899 [chan receive, 10 minutes]:
github.com/cockroachdb/pebble.(*tableCacheShard).releaseLoop.func1({0x1416a8118, 0xc000376e70})
        C:/Users/Andres/go/pkg/mod/github.com/cockroachdb/pebble@v1.0.0/table_cache.go:324 +0xfc
runtime/pprof.Do({0x1416a7f20?, 0x141eed400}, {{0xc00038e6c0?, 0x0?, 0x0?}}, 0xc000ec1fa0)
        C:/Program Files/Go/src/runtime/pprof/runtime.go:51 +0x143
github.com/cockroachdb/pebble.(*tableCacheShard).releaseLoop(0xc000f20420)
        C:/Users/Andres/go/pkg/mod/github.com/cockroachdb/pebble@v1.0.0/table_cache.go:322 +0x92
created by github.com/cockroachdb/pebble.(*tableCacheShard).init in goroutine 686
        C:/Users/Andres/go/pkg/mod/github.com/cockroachdb/pebble@v1.0.0/table_cache.go:314 +0x19d

goroutine 900 [chan receive, 10 minutes]:
github.com/cockroachdb/pebble.(*tableCacheShard).releaseLoop.func1({0x1416a8118, 0xc000376bd0})
        C:/Users/Andres/go/pkg/mod/github.com/cockroachdb/pebble@v1.0.0/table_cache.go:324 +0xfc
runtime/pprof.Do({0x1416a7f20?, 0x141eed400}, {{0xc00038e6c0?, 0x0?, 0x0?}}, 0xc000ec3fa0)
        C:/Program Files/Go/src/runtime/pprof/runtime.go:51 +0x143
github.com/cockroachdb/pebble.(*tableCacheShard).releaseLoop(0xc000f204d0)
        C:/Users/Andres/go/pkg/mod/github.com/cockroachdb/pebble@v1.0.0/table_cache.go:322 +0x92
created by github.com/cockroachdb/pebble.(*tableCacheShard).init in goroutine 686
        C:/Users/Andres/go/pkg/mod/github.com/cockroachdb/pebble@v1.0.0/table_cache.go:314 +0x19d

goroutine 717 [sync.Cond.Wait, 9 minutes]:
sync.runtime_notifyListWait(0xc000192438, 0x7)
        C:/Program Files/Go/src/runtime/sema.go:527 +0x15d
sync.(*Cond).Wait(0xc000192428)
        C:/Program Files/Go/src/sync/cond.go:70 +0x76
google.golang.org/grpc/test/bufconn.(*pipe).Read(0xc0001923c0, {0xc000f8a000, 0x8000, 0xc0015a8730?})
        C:/Users/Andres/go/pkg/mod/google.golang.org/grpc@v1.60.1/test/bufconn/bufconn.go:173 +0x105
bufio.(*Reader).Read(0xc00002a5a0, {0xc00014c2e0, 0x9, 0x9})
        C:/Program Files/Go/src/bufio/bufio.go:244 +0x4be
io.ReadAtLeast({0x14169aea0, 0xc00002a5a0}, {0xc00014c2e0, 0x9, 0x9}, 0x9)
        C:/Program Files/Go/src/io/io.go:335 +0xd0
io.ReadFull(...)
        C:/Program Files/Go/src/io/io.go:354
golang.org/x/net/http2.readFrameHeader({0xc00014c2e0, 0x9, 0x9}, {0x14169aea0, 0xc00002a5a0})
        C:/Users/Andres/go/pkg/mod/golang.org/x/net@v0.20.0/http2/frame.go:237 +0x9b
golang.org/x/net/http2.(*Framer).ReadFrame(0xc00014c2a0)
        C:/Users/Andres/go/pkg/mod/golang.org/x/net@v0.20.0/http2/frame.go:498 +0xf5
google.golang.org/grpc/internal/transport.(*http2Client).reader(0xc000fa4000, 0x1416a8150?)
        C:/Users/Andres/go/pkg/mod/google.golang.org/grpc@v1.60.1/internal/transport/http2_client.go:1587 +0x2e5
created by google.golang.org/grpc/internal/transport.newHTTP2Client in goroutine 154
        C:/Users/Andres/go/pkg/mod/google.golang.org/grpc@v1.60.1/internal/transport/http2_client.go:398 +0x2fd6

goroutine 718 [select, 9 minutes]:
google.golang.org/grpc/internal/transport.(*controlBuffer).get(0xc000f92050, 0x1)
        C:/Users/Andres/go/pkg/mod/google.golang.org/grpc@v1.60.1/internal/transport/controlbuf.go:418 +0x1af
google.golang.org/grpc/internal/transport.(*loopyWriter).run(0xc000251030)
        C:/Users/Andres/go/pkg/mod/google.golang.org/grpc@v1.60.1/internal/transport/controlbuf.go:552 +0x14f
google.golang.org/grpc/internal/transport.newHTTP2Client.func6()
        C:/Users/Andres/go/pkg/mod/google.golang.org/grpc@v1.60.1/internal/transport/http2_client.go:452 +0x168
created by google.golang.org/grpc/internal/transport.newHTTP2Client in goroutine 154
        C:/Users/Andres/go/pkg/mod/google.golang.org/grpc@v1.60.1/internal/transport/http2_client.go:450 +0x394b

goroutine 1461 [select, 10 minutes]:
google.golang.org/grpc/internal/grpcsync.(*CallbackSerializer).run(0xc000607af0, {0x1416a8150, 0xc001380f50})
        C:/Users/Andres/go/pkg/mod/google.golang.org/grpc@v1.60.1/internal/grpcsync/callback_serializer.go:76 +0x1e9
created by google.golang.org/grpc/internal/grpcsync.NewCallbackSerializer in goroutine 1249
        C:/Users/Andres/go/pkg/mod/google.golang.org/grpc@v1.60.1/internal/grpcsync/callback_serializer.go:52 +0x20e

goroutine 1499 [select, 10 minutes]:
google.golang.org/grpc/internal/grpcsync.(*CallbackSerializer).run(0xc00070d500, {0x1416a8150, 0xc001381a90})
        C:/Users/Andres/go/pkg/mod/google.golang.org/grpc@v1.60.1/internal/grpcsync/callback_serializer.go:76 +0x1e9
created by google.golang.org/grpc/internal/grpcsync.NewCallbackSerializer in goroutine 1249
        C:/Users/Andres/go/pkg/mod/google.golang.org/grpc@v1.60.1/internal/grpcsync/callback_serializer.go:52 +0x20e

goroutine 1469 [sync.Cond.Wait, 10 minutes]:
sync.runtime_notifyListWait(0xc0007456f8, 0x2)
        C:/Program Files/Go/src/runtime/sema.go:527 +0x15d
sync.(*Cond).Wait(0xc0007456e8)
        C:/Program Files/Go/src/sync/cond.go:70 +0x76
google.golang.org/grpc/test/bufconn.(*pipe).Read(0xc000745680, {0xc0014ec000, 0x8000, 0x4?})
        C:/Users/Andres/go/pkg/mod/google.golang.org/grpc@v1.60.1/test/bufconn/bufconn.go:173 +0x105
bufio.(*Reader).Read(0xc001409aa0, {0xc0002c2820, 0x9, 0x9})
        C:/Program Files/Go/src/bufio/bufio.go:244 +0x4be
io.ReadAtLeast({0x14169aea0, 0xc001409aa0}, {0xc0002c2820, 0x9, 0x9}, 0x9)
        C:/Program Files/Go/src/io/io.go:335 +0xd0
io.ReadFull(...)
        C:/Program Files/Go/src/io/io.go:354
golang.org/x/net/http2.readFrameHeader({0xc0002c2820, 0x9, 0x9}, {0x14169aea0, 0xc001409aa0})
        C:/Users/Andres/go/pkg/mod/golang.org/x/net@v0.20.0/http2/frame.go:237 +0x9b
golang.org/x/net/http2.(*Framer).ReadFrame(0xc0002c27e0)
        C:/Users/Andres/go/pkg/mod/golang.org/x/net@v0.20.0/http2/frame.go:498 +0xf5
google.golang.org/grpc/internal/transport.(*http2Client).reader(0xc0007a26c0, 0x0?)
        C:/Users/Andres/go/pkg/mod/google.golang.org/grpc@v1.60.1/internal/transport/http2_client.go:1587 +0x2e5
created by google.golang.org/grpc/internal/transport.newHTTP2Client in goroutine 1467
        C:/Users/Andres/go/pkg/mod/google.golang.org/grpc@v1.60.1/internal/transport/http2_client.go:398 +0x2fd6

goroutine 719 [select, 9 minutes]:
google.golang.org/grpc/internal/transport.(*controlBuffer).get(0xc000f921e0, 0x1)
        C:/Users/Andres/go/pkg/mod/google.golang.org/grpc@v1.60.1/internal/transport/controlbuf.go:418 +0x1af
google.golang.org/grpc/internal/transport.(*loopyWriter).run(0xc00042fb20)
        C:/Users/Andres/go/pkg/mod/google.golang.org/grpc@v1.60.1/internal/transport/controlbuf.go:552 +0x14f
google.golang.org/grpc/internal/transport.NewServerTransport.func2()
        C:/Users/Andres/go/pkg/mod/google.golang.org/grpc@v1.60.1/internal/transport/http2_server.go:325 +0x216
created by google.golang.org/grpc/internal/transport.NewServerTransport in goroutine 714
        C:/Users/Andres/go/pkg/mod/google.golang.org/grpc@v1.60.1/internal/transport/http2_server.go:322 +0x246b

goroutine 720 [select, 10 minutes]:
google.golang.org/grpc/internal/transport.(*http2Server).keepalive(0xc00007c4e0)
        C:/Users/Andres/go/pkg/mod/google.golang.org/grpc@v1.60.1/internal/transport/http2_server.go:1133 +0x41b
created by google.golang.org/grpc/internal/transport.NewServerTransport in goroutine 714
        C:/Users/Andres/go/pkg/mod/google.golang.org/grpc@v1.60.1/internal/transport/http2_server.go:328 +0x24eb

goroutine 721 [sync.Cond.Wait, 9 minutes]:
sync.runtime_notifyListWait(0xc000192378, 0xb)
        C:/Program Files/Go/src/runtime/sema.go:527 +0x15d
sync.(*Cond).Wait(0xc000192368)
        C:/Program Files/Go/src/sync/cond.go:70 +0x76
google.golang.org/grpc/test/bufconn.(*pipe).Read(0xc000192300, {0xc000fa6000, 0x8000, 0x1400529c7?})
        C:/Users/Andres/go/pkg/mod/google.golang.org/grpc@v1.60.1/test/bufconn/bufconn.go:173 +0x105
bufio.(*Reader).Read(0xc00002a660, {0xc00014c3c0, 0x9, 0x9})
        C:/Program Files/Go/src/bufio/bufio.go:244 +0x4be
io.ReadAtLeast({0x14169aea0, 0xc00002a660}, {0xc00014c3c0, 0x9, 0x9}, 0x9)
        C:/Program Files/Go/src/io/io.go:335 +0xd0
io.ReadFull(...)
        C:/Program Files/Go/src/io/io.go:354
golang.org/x/net/http2.readFrameHeader({0xc00014c3c0, 0x9, 0x9}, {0x14169aea0, 0xc00002a660})
        C:/Users/Andres/go/pkg/mod/golang.org/x/net@v0.20.0/http2/frame.go:237 +0x9b
golang.org/x/net/http2.(*Framer).ReadFrame(0xc00014c380)
        C:/Users/Andres/go/pkg/mod/golang.org/x/net@v0.20.0/http2/frame.go:498 +0xf5
google.golang.org/grpc/internal/transport.(*http2Server).HandleStreams(0xc00007c4e0, {0x1416a8118, 0xc0006f5050}, 0x141eed400?)
        C:/Users/Andres/go/pkg/mod/google.golang.org/grpc@v1.60.1/internal/transport/http2_server.go:617 +0x145
google.golang.org/grpc.(*Server).serveStreams(0xc000738800, {0x1416a7f20, 0x141eed400}, {0x1416ad438?, 0xc00007c4e0}, {0x1416acb18?, 0xc00051c440})
        C:/Users/Andres/go/pkg/mod/google.golang.org/grpc@v1.60.1/server.go:1012 +0x6bc
google.golang.org/grpc.(*Server).handleRawConn.func1()
        C:/Users/Andres/go/pkg/mod/google.golang.org/grpc@v1.60.1/server.go:939 +0x87
created by google.golang.org/grpc.(*Server).handleRawConn in goroutine 714
        C:/Users/Andres/go/pkg/mod/google.golang.org/grpc@v1.60.1/server.go:938 +0x290

goroutine 902 [sync.Cond.Wait, 9 minutes]:
sync.runtime_notifyListWait(0xc0007454b8, 0x2)
        C:/Program Files/Go/src/runtime/sema.go:527 +0x15d
sync.(*Cond).Wait(0xc0007454a8)
        C:/Program Files/Go/src/sync/cond.go:70 +0x76
google.golang.org/grpc/test/bufconn.(*pipe).Read(0xc000745440, {0xc000f3e000, 0x8000, 0xc00170f5e0?})
        C:/Users/Andres/go/pkg/mod/google.golang.org/grpc@v1.60.1/test/bufconn/bufconn.go:173 +0x105
bufio.(*Reader).Read(0xc000349200, {0xc00083e580, 0x9, 0x9})
        C:/Program Files/Go/src/bufio/bufio.go:244 +0x4be
io.ReadAtLeast({0x14169aea0, 0xc000349200}, {0xc00083e580, 0x9, 0x9}, 0x9)
        C:/Program Files/Go/src/io/io.go:335 +0xd0
io.ReadFull(...)
        C:/Program Files/Go/src/io/io.go:354
golang.org/x/net/http2.readFrameHeader({0xc00083e580, 0x9, 0x9}, {0x14169aea0, 0xc000349200})
        C:/Users/Andres/go/pkg/mod/golang.org/x/net@v0.20.0/http2/frame.go:237 +0x9b
golang.org/x/net/http2.(*Framer).ReadFrame(0xc00083e540)
        C:/Users/Andres/go/pkg/mod/golang.org/x/net@v0.20.0/http2/frame.go:498 +0xf5
google.golang.org/grpc/internal/transport.(*http2Client).reader(0xc0001746c0, 0x0?)
        C:/Users/Andres/go/pkg/mod/google.golang.org/grpc@v1.60.1/internal/transport/http2_client.go:1587 +0x2e5
created by google.golang.org/grpc/internal/transport.newHTTP2Client in goroutine 867
        C:/Users/Andres/go/pkg/mod/google.golang.org/grpc@v1.60.1/internal/transport/http2_client.go:398 +0x2fd6

goroutine 903 [select, 9 minutes]:
google.golang.org/grpc/internal/transport.(*controlBuffer).get(0xc000ba1630, 0x1)
        C:/Users/Andres/go/pkg/mod/google.golang.org/grpc@v1.60.1/internal/transport/controlbuf.go:418 +0x1af
google.golang.org/grpc/internal/transport.(*loopyWriter).run(0xc0003c8b60)
        C:/Users/Andres/go/pkg/mod/google.golang.org/grpc@v1.60.1/internal/transport/controlbuf.go:552 +0x14f
google.golang.org/grpc/internal/transport.newHTTP2Client.func6()
        C:/Users/Andres/go/pkg/mod/google.golang.org/grpc@v1.60.1/internal/transport/http2_client.go:452 +0x168
created by google.golang.org/grpc/internal/transport.newHTTP2Client in goroutine 867
        C:/Users/Andres/go/pkg/mod/google.golang.org/grpc@v1.60.1/internal/transport/http2_client.go:450 +0x394b

goroutine 1142 [select, 10 minutes]:
google.golang.org/grpc/internal/transport.(*controlBuffer).get(0xc000f93270, 0x1)
        C:/Users/Andres/go/pkg/mod/google.golang.org/grpc@v1.60.1/internal/transport/controlbuf.go:418 +0x1af
google.golang.org/grpc/internal/transport.(*loopyWriter).run(0xc000275340)
        C:/Users/Andres/go/pkg/mod/google.golang.org/grpc@v1.60.1/internal/transport/controlbuf.go:552 +0x14f
google.golang.org/grpc/internal/transport.newHTTP2Client.func6()
        C:/Users/Andres/go/pkg/mod/google.golang.org/grpc@v1.60.1/internal/transport/http2_client.go:452 +0x168
created by google.golang.org/grpc/internal/transport.newHTTP2Client in goroutine 118
        C:/Users/Andres/go/pkg/mod/google.golang.org/grpc@v1.60.1/internal/transport/http2_client.go:450 +0x394b

goroutine 1004 [chan receive, 10 minutes]:
github.com/andrescosta/goico/pkg/service.(*Base).waitForDoneAndEndTheWorld(0xc000232f80)
        C:/Users/Andres/projects/go/goico/pkg/service/base.go:121 +0xf8
created by github.com/andrescosta/goico/pkg/service.New in goroutine 688
        C:/Users/Andres/projects/go/goico/pkg/service/base.go:84 +0xb0b

goroutine 1149 [select, 10 minutes]:
google.golang.org/grpc/internal/transport.(*controlBuffer).get(0xc000f93130, 0x1)
        C:/Users/Andres/go/pkg/mod/google.golang.org/grpc@v1.60.1/internal/transport/controlbuf.go:418 +0x1af
google.golang.org/grpc/internal/transport.(*loopyWriter).run(0xc0004820e0)
        C:/Users/Andres/go/pkg/mod/google.golang.org/grpc@v1.60.1/internal/transport/controlbuf.go:552 +0x14f
google.golang.org/grpc/internal/transport.NewServerTransport.func2()
        C:/Users/Andres/go/pkg/mod/google.golang.org/grpc@v1.60.1/internal/transport/http2_server.go:325 +0x216
created by google.golang.org/grpc/internal/transport.NewServerTransport in goroutine 1139
        C:/Users/Andres/go/pkg/mod/google.golang.org/grpc@v1.60.1/internal/transport/http2_server.go:322 +0x246b

goroutine 2769 [select, 9 minutes]:
google.golang.org/grpc/test/bufconn.(*Listener).DialContext(0xc000596400, {0x1416a7f20, 0x141eed400})
        C:/Users/Andres/go/pkg/mod/google.golang.org/grpc@v1.60.1/test/bufconn/bufconn.go:98 +0x265
github.com/andrescosta/goico/pkg/service.(*BufConn).Tranport.func1({0x140078d39?, 0x14007cdf1?}, {0x14007ce29?, 0xc001b83618?}, {0x1401a6125?, 0x0?})
        C:/Users/Andres/projects/go/goico/pkg/service/conn.go:119 +0x3d
net/http.(*Transport).dial(0xc0001788c0, {0x1416a81c0, 0xc00223ca80}, {0x14147e8e2, 0x3}, {0xc00034b366, 0xa})
        C:/Program Files/Go/src/net/http/transport.go:1183 +0xf0
net/http.(*Transport).dialConn(0xc0001788c0, {0x1416a81c0, 0xc00223ca80}, {{}, 0x0, {0xc00068e3a8, 0x4}, {0xc00034b366, 0xa}, 0x0})
        C:/Program Files/Go/src/net/http/transport.go:1625 +0xdc5
net/http.(*Transport).dialConnFor(0xc001a9bba0?, 0xc000014580)
        C:/Program Files/Go/src/net/http/transport.go:1467 +0x12a
created by net/http.(*Transport).queueForDial in goroutine 1707
        C:/Program Files/Go/src/net/http/transport.go:1436 +0x16b

goroutine 889 [select, 9 minutes]:
github.com/andrescosta/goico/pkg/broadcaster.Start[...].func1()
        C:/Users/Andres/projects/go/goico/pkg/broadcaster/broadcaster.go:46 +0x274
created by github.com/andrescosta/goico/pkg/broadcaster.Start[...] in goroutine 686
        C:/Users/Andres/projects/go/goico/pkg/broadcaster/broadcaster.go:41 +0x40b

goroutine 890 [select, 10 minutes]:
github.com/andrescosta/goico/pkg/broadcaster.Start[...].func1()
        C:/Users/Andres/projects/go/goico/pkg/broadcaster/broadcaster.go:46 +0x274
created by github.com/andrescosta/goico/pkg/broadcaster.Start[...] in goroutine 686
        C:/Users/Andres/projects/go/goico/pkg/broadcaster/broadcaster.go:41 +0x40b

goroutine 910 [select, 9 minutes]:
google.golang.org/grpc/internal/transport.(*controlBuffer).get(0xc000ba17c0, 0x1)
        C:/Users/Andres/go/pkg/mod/google.golang.org/grpc@v1.60.1/internal/transport/controlbuf.go:418 +0x1af
google.golang.org/grpc/internal/transport.(*loopyWriter).run(0xc000275570)
        C:/Users/Andres/go/pkg/mod/google.golang.org/grpc@v1.60.1/internal/transport/controlbuf.go:552 +0x14f
google.golang.org/grpc/internal/transport.NewServerTransport.func2()
        C:/Users/Andres/go/pkg/mod/google.golang.org/grpc@v1.60.1/internal/transport/http2_server.go:325 +0x216
created by google.golang.org/grpc/internal/transport.NewServerTransport in goroutine 908
        C:/Users/Andres/go/pkg/mod/google.golang.org/grpc@v1.60.1/internal/transport/http2_server.go:322 +0x246b

goroutine 911 [select, 10 minutes]:
google.golang.org/grpc/internal/transport.(*http2Server).keepalive(0xc000f2b380)
        C:/Users/Andres/go/pkg/mod/google.golang.org/grpc@v1.60.1/internal/transport/http2_server.go:1133 +0x41b
created by google.golang.org/grpc/internal/transport.NewServerTransport in goroutine 908
        C:/Users/Andres/go/pkg/mod/google.golang.org/grpc@v1.60.1/internal/transport/http2_server.go:328 +0x24eb

goroutine 912 [sync.Cond.Wait, 9 minutes]:
sync.runtime_notifyListWait(0xc0007453f8, 0x2)
        C:/Program Files/Go/src/runtime/sema.go:527 +0x15d
sync.(*Cond).Wait(0xc0007453e8)
        C:/Program Files/Go/src/sync/cond.go:70 +0x76
google.golang.org/grpc/test/bufconn.(*pipe).Read(0xc000745380, {0xc000f60000, 0x8000, 0x140072493?})
        C:/Users/Andres/go/pkg/mod/google.golang.org/grpc@v1.60.1/test/bufconn/bufconn.go:173 +0x105
bufio.(*Reader).Read(0xc000349320, {0xc00083e660, 0x9, 0x9})
        C:/Program Files/Go/src/bufio/bufio.go:244 +0x4be
io.ReadAtLeast({0x14169aea0, 0xc000349320}, {0xc00083e660, 0x9, 0x9}, 0x9)
        C:/Program Files/Go/src/io/io.go:335 +0xd0
io.ReadFull(...)
        C:/Program Files/Go/src/io/io.go:354
golang.org/x/net/http2.readFrameHeader({0xc00083e660, 0x9, 0x9}, {0x14169aea0, 0xc000349320})
        C:/Users/Andres/go/pkg/mod/golang.org/x/net@v0.20.0/http2/frame.go:237 +0x9b
golang.org/x/net/http2.(*Framer).ReadFrame(0xc00083e620)
        C:/Users/Andres/go/pkg/mod/golang.org/x/net@v0.20.0/http2/frame.go:498 +0xf5
google.golang.org/grpc/internal/transport.(*http2Server).HandleStreams(0xc000f2b380, {0x1416a8118, 0xc000ccf380}, 0x141eed400?)
        C:/Users/Andres/go/pkg/mod/google.golang.org/grpc@v1.60.1/internal/transport/http2_server.go:617 +0x145
google.golang.org/grpc.(*Server).serveStreams(0xc000738800, {0x1416a7f20, 0x141eed400}, {0x1416ad438?, 0xc000f2b380}, {0x1416acb18?, 0xc0005974c0})
        C:/Users/Andres/go/pkg/mod/google.golang.org/grpc@v1.60.1/server.go:1012 +0x6bc
google.golang.org/grpc.(*Server).handleRawConn.func1()
        C:/Users/Andres/go/pkg/mod/google.golang.org/grpc@v1.60.1/server.go:939 +0x87
created by google.golang.org/grpc.(*Server).handleRawConn in goroutine 908
        C:/Users/Andres/go/pkg/mod/google.golang.org/grpc@v1.60.1/server.go:938 +0x290

goroutine 1129 [select, 9 minutes]:
github.com/andrescosta/jobico/pkg/grpchelper.(*GrpcBroadcaster[...]).RcvAndDispatchUpdates(0x1416b1680, {0x1416a8118, 0xc000376150}, {0x48e4e558, 0xc001188f10})
        C:/Users/Andres/projects/go/jobico/pkg/grpchelper/broadcaster.go:47 +0x209
github.com/andrescosta/jobico/internal/ctl/controller.(*PackageController).UpdateToPackagesStr(...)
        C:/Users/Andres/projects/go/jobico/internal/ctl/controller/package.go:118
github.com/andrescosta/jobico/internal/ctl/server.(*Server).UpdateToPackagesStr(0xc00041ae80, 0x141395780?, {0x1416abf40?, 0xc001188f10})
        C:/Users/Andres/projects/go/jobico/internal/ctl/server/server.go:85 +0xc5
github.com/andrescosta/jobico/internal/api/types._Control_UpdateToPackagesStr_Handler({0x141424980?, 0xc00041ae80}, {0x1416aa938, 0xc0014880f0})
        C:/Users/Andres/projects/go/jobico/internal/api/types/control_grpc.pb.go:419 +0xf7
google.golang.org/grpc.(*Server).processStreamingRPC(0xc0001e7e00, {0x1416a8118, 0xc0010f70e0}, {0x1416ad438, 0xc000de2d00}, 0xc000bb2fc0, 0xc0004fb0e0, 0x1411ebea0, 0x0)
        C:/Users/Andres/go/pkg/mod/google.golang.org/grpc@v1.60.1/server.go:1666 +0x1f9c
google.golang.org/grpc.(*Server).handleStream(0xc0001e7e00, {0x1416ad438, 0xc000de2d00}, 0xc000bb2fc0)
        C:/Users/Andres/go/pkg/mod/google.golang.org/grpc@v1.60.1/server.go:1787 +0x19d4
google.golang.org/grpc.(*Server).serveStreams.func2.1()
        C:/Users/Andres/go/pkg/mod/google.golang.org/grpc@v1.60.1/server.go:1016 +0xd3
created by google.golang.org/grpc.(*Server).serveStreams.func2 in goroutine 1027
        C:/Users/Andres/go/pkg/mod/google.golang.org/grpc@v1.60.1/server.go:1027 +0x205

goroutine 1002 [select, 10 minutes]:
github.com/andrescosta/goico/pkg/broadcaster.Start[...].func1()
        C:/Users/Andres/projects/go/goico/pkg/broadcaster/broadcaster.go:46 +0x274
created by github.com/andrescosta/goico/pkg/broadcaster.Start[...] in goroutine 688
        C:/Users/Andres/projects/go/goico/pkg/broadcaster/broadcaster.go:41 +0x40b

goroutine 1134 [select, 9 minutes]:
google.golang.org/grpc/internal/transport.(*controlBuffer).get(0xc00143a690, 0x1)
        C:/Users/Andres/go/pkg/mod/google.golang.org/grpc@v1.60.1/internal/transport/controlbuf.go:418 +0x1af
google.golang.org/grpc/internal/transport.(*loopyWriter).run(0xc000db01c0)
        C:/Users/Andres/go/pkg/mod/google.golang.org/grpc@v1.60.1/internal/transport/controlbuf.go:552 +0x14f
google.golang.org/grpc/internal/transport.newHTTP2Client.func6()
        C:/Users/Andres/go/pkg/mod/google.golang.org/grpc@v1.60.1/internal/transport/http2_client.go:452 +0x168
created by google.golang.org/grpc/internal/transport.newHTTP2Client in goroutine 685
        C:/Users/Andres/go/pkg/mod/google.golang.org/grpc@v1.60.1/internal/transport/http2_client.go:450 +0x394b

goroutine 937 [sync.Cond.Wait, 9 minutes]:
sync.runtime_notifyListWait(0xc0007065b8, 0x7)
        C:/Program Files/Go/src/runtime/sema.go:527 +0x15d
sync.(*Cond).Wait(0xc0007065a8)
        C:/Program Files/Go/src/sync/cond.go:70 +0x76
google.golang.org/grpc/test/bufconn.(*pipe).Read(0xc000706540, {0xc000b18000, 0x8000, 0xc000d53ae8?})
        C:/Users/Andres/go/pkg/mod/google.golang.org/grpc@v1.60.1/test/bufconn/bufconn.go:173 +0x105
bufio.(*Reader).Read(0xc00002a180, {0xc00057a2e0, 0x9, 0x9})
        C:/Program Files/Go/src/bufio/bufio.go:244 +0x4be
io.ReadAtLeast({0x14169aea0, 0xc00002a180}, {0xc00057a2e0, 0x9, 0x9}, 0x9)
        C:/Program Files/Go/src/io/io.go:335 +0xd0
io.ReadFull(...)
        C:/Program Files/Go/src/io/io.go:354
golang.org/x/net/http2.readFrameHeader({0xc00057a2e0, 0x9, 0x9}, {0x14169aea0, 0xc00002a180})
        C:/Users/Andres/go/pkg/mod/golang.org/x/net@v0.20.0/http2/frame.go:237 +0x9b
golang.org/x/net/http2.(*Framer).ReadFrame(0xc00057a2a0)
        C:/Users/Andres/go/pkg/mod/golang.org/x/net@v0.20.0/http2/frame.go:498 +0xf5
google.golang.org/grpc/internal/transport.(*http2Client).reader(0xc000432900, 0x1416a8150?)
        C:/Users/Andres/go/pkg/mod/google.golang.org/grpc@v1.60.1/internal/transport/http2_client.go:1587 +0x2e5
created by google.golang.org/grpc/internal/transport.newHTTP2Client in goroutine 935
        C:/Users/Andres/go/pkg/mod/google.golang.org/grpc@v1.60.1/internal/transport/http2_client.go:398 +0x2fd6

goroutine 950 [select, 9 minutes]:
google.golang.org/grpc/internal/transport.(*controlBuffer).get(0xc000d2a640, 0x1)
        C:/Users/Andres/go/pkg/mod/google.golang.org/grpc@v1.60.1/internal/transport/controlbuf.go:418 +0x1af
google.golang.org/grpc/internal/transport.(*loopyWriter).run(0xc000250150)
        C:/Users/Andres/go/pkg/mod/google.golang.org/grpc@v1.60.1/internal/transport/controlbuf.go:552 +0x14f
google.golang.org/grpc/internal/transport.NewServerTransport.func2()
        C:/Users/Andres/go/pkg/mod/google.golang.org/grpc@v1.60.1/internal/transport/http2_server.go:325 +0x216
created by google.golang.org/grpc/internal/transport.NewServerTransport in goroutine 917
        C:/Users/Andres/go/pkg/mod/google.golang.org/grpc@v1.60.1/internal/transport/http2_server.go:322 +0x246b

goroutine 951 [select, 10 minutes]:
google.golang.org/grpc/internal/transport.(*http2Server).keepalive(0xc000b59d40)
        C:/Users/Andres/go/pkg/mod/google.golang.org/grpc@v1.60.1/internal/transport/http2_server.go:1133 +0x41b
created by google.golang.org/grpc/internal/transport.NewServerTransport in goroutine 917
        C:/Users/Andres/go/pkg/mod/google.golang.org/grpc@v1.60.1/internal/transport/http2_server.go:328 +0x24eb

goroutine 938 [select, 9 minutes]:
google.golang.org/grpc/internal/transport.(*controlBuffer).get(0xc0007ff400, 0x1)
        C:/Users/Andres/go/pkg/mod/google.golang.org/grpc@v1.60.1/internal/transport/controlbuf.go:418 +0x1af
google.golang.org/grpc/internal/transport.(*loopyWriter).run(0xc000350a10)
        C:/Users/Andres/go/pkg/mod/google.golang.org/grpc@v1.60.1/internal/transport/controlbuf.go:552 +0x14f
google.golang.org/grpc/internal/transport.newHTTP2Client.func6()
        C:/Users/Andres/go/pkg/mod/google.golang.org/grpc@v1.60.1/internal/transport/http2_client.go:452 +0x168
created by google.golang.org/grpc/internal/transport.newHTTP2Client in goroutine 935
        C:/Users/Andres/go/pkg/mod/google.golang.org/grpc@v1.60.1/internal/transport/http2_client.go:450 +0x394b

goroutine 1005 [select, 9 minutes]:
github.com/andrescosta/goico/pkg/broadcaster.Start[...].func1()
        C:/Users/Andres/projects/go/goico/pkg/broadcaster/broadcaster.go:46 +0x274
created by github.com/andrescosta/goico/pkg/broadcaster.Start[...] in goroutine 689
        C:/Users/Andres/projects/go/goico/pkg/broadcaster/broadcaster.go:41 +0x40b

goroutine 952 [sync.Cond.Wait, 9 minutes]:
sync.runtime_notifyListWait(0xc00029ebb8, 0x6)
        C:/Program Files/Go/src/runtime/sema.go:527 +0x15d
sync.(*Cond).Wait(0xc00029eba8)
        C:/Program Files/Go/src/sync/cond.go:70 +0x76
google.golang.org/grpc/test/bufconn.(*pipe).Read(0xc00029eb40, {0xc000dd2000, 0x8000, 0xc000591d80?})
        C:/Users/Andres/go/pkg/mod/google.golang.org/grpc@v1.60.1/test/bufconn/bufconn.go:173 +0x105
bufio.(*Reader).Read(0xc000348180, {0xc00083e3c0, 0x9, 0x9})
        C:/Program Files/Go/src/bufio/bufio.go:244 +0x4be
io.ReadAtLeast({0x14169aea0, 0xc000348180}, {0xc00083e3c0, 0x9, 0x9}, 0x9)
        C:/Program Files/Go/src/io/io.go:335 +0xd0
io.ReadFull(...)
        C:/Program Files/Go/src/io/io.go:354
golang.org/x/net/http2.readFrameHeader({0xc00083e3c0, 0x9, 0x9}, {0x14169aea0, 0xc000348180})
        C:/Users/Andres/go/pkg/mod/golang.org/x/net@v0.20.0/http2/frame.go:237 +0x9b
golang.org/x/net/http2.(*Framer).ReadFrame(0xc00083e380)
        C:/Users/Andres/go/pkg/mod/golang.org/x/net@v0.20.0/http2/frame.go:498 +0xf5
google.golang.org/grpc/internal/transport.(*http2Server).HandleStreams(0xc000b59d40, {0x1416a8118, 0xc0004fabd0}, 0x141eed400?)
        C:/Users/Andres/go/pkg/mod/google.golang.org/grpc@v1.60.1/internal/transport/http2_server.go:617 +0x145
google.golang.org/grpc.(*Server).serveStreams(0xc0001e7e00, {0x1416a7f20, 0x141eed400}, {0x1416ad438?, 0xc000b59d40}, {0x1416acb18?, 0xc00070ef40})
        C:/Users/Andres/go/pkg/mod/google.golang.org/grpc@v1.60.1/server.go:1012 +0x6bc
google.golang.org/grpc.(*Server).handleRawConn.func1()
        C:/Users/Andres/go/pkg/mod/google.golang.org/grpc@v1.60.1/server.go:939 +0x87
created by google.golang.org/grpc.(*Server).handleRawConn in goroutine 917
        C:/Users/Andres/go/pkg/mod/google.golang.org/grpc@v1.60.1/server.go:938 +0x290

goroutine 1007 [select, 9 minutes]:
google.golang.org/grpc/internal/transport.(*recvBufferReader).readClient(0xc000f92f00, {0xc0001057e0, 0x5, 0x5})
        C:/Users/Andres/go/pkg/mod/google.golang.org/grpc@v1.60.1/internal/transport/transport.go:192 +0x13e
google.golang.org/grpc/internal/transport.(*recvBufferReader).Read(0xc000f92f00, {0xc0001057e0, 0x5, 0x5})
        C:/Users/Andres/go/pkg/mod/google.golang.org/grpc@v1.60.1/internal/transport/transport.go:172 +0x35b
google.golang.org/grpc/internal/transport.(*transportReader).Read(0xc0001057a0, {0xc0001057e0, 0x5, 0x5})
        C:/Users/Andres/go/pkg/mod/google.golang.org/grpc@v1.60.1/internal/transport/transport.go:520 +0x5d
io.ReadAtLeast({0x14169e080, 0xc0001057a0}, {0xc0001057e0, 0x5, 0x5}, 0x5)
        C:/Program Files/Go/src/io/io.go:335 +0xd0
io.ReadFull(...)
        C:/Program Files/Go/src/io/io.go:354
google.golang.org/grpc/internal/transport.(*Stream).Read(0xc0003657a0, {0xc0001057e0, 0x5, 0x5})
        C:/Users/Andres/go/pkg/mod/google.golang.org/grpc@v1.60.1/internal/transport/transport.go:504 +0x125
google.golang.org/grpc.(*parser).recvMsg(0xc0001057d0, 0x400000)
        C:/Users/Andres/go/pkg/mod/google.golang.org/grpc@v1.60.1/rpc_util.go:600 +0x6e
google.golang.org/grpc.recvAndDecompress(0x141eed400?, 0xc0003657a0, {0x0, 0x0}, 0x400000, 0x0, {0x0, 0x0})
        C:/Users/Andres/go/pkg/mod/google.golang.org/grpc@v1.60.1/rpc_util.go:730 +0x7c
google.golang.org/grpc.recv(0xc0001057d0, {0x49546ad8, 0x141eed400}, 0x8000?, {0x0, 0x0}, {0x1413c4720, 0xc001703780}, 0x0?, 0x0, ...)
        C:/Users/Andres/go/pkg/mod/google.golang.org/grpc@v1.60.1/rpc_util.go:796 +0xc5
google.golang.org/grpc.(*csAttempt).recvMsg(0xc000401790, {0x1413c4720?, 0xc001703780}, 0x0)
        C:/Users/Andres/go/pkg/mod/google.golang.org/grpc@v1.60.1/stream.go:1084 +0x568
google.golang.org/grpc.(*clientStream).RecvMsg.func1(0xc000365614?)
        C:/Users/Andres/go/pkg/mod/google.golang.org/grpc@v1.60.1/stream.go:927 +0x51
google.golang.org/grpc.(*clientStream).withRetry(0xc000365560, 0xc00175fdd8, 0xc00175fdc8)
        C:/Users/Andres/go/pkg/mod/google.golang.org/grpc@v1.60.1/stream.go:760 +0x466
google.golang.org/grpc.(*clientStream).RecvMsg(0xc000365560, {0x1413c4720?, 0xc001703780})
        C:/Users/Andres/go/pkg/mod/google.golang.org/grpc@v1.60.1/stream.go:926 +0x1f6
github.com/andrescosta/jobico/pkg/grpchelper.Listen[...]({0x1416a8118, 0xc000222870}, {0x47c6fa98, 0xc000df4e10}, 0x1416acb18)
        C:/Users/Andres/projects/go/jobico/pkg/grpchelper/recv.go:65 +0x1aa
github.com/andrescosta/jobico/internal/api/remote.(*CtlClient).startListenerForPackageUpdates.func1()
        C:/Users/Andres/projects/go/jobico/internal/api/remote/control.go:189 +0x79
created by github.com/andrescosta/jobico/internal/api/remote.(*CtlClient).startListenerForPackageUpdates in goroutine 689
        C:/Users/Andres/projects/go/jobico/internal/api/remote/control.go:188 +0x249

goroutine 1009 [chan receive, 10 minutes]:
github.com/andrescosta/goico/pkg/service/grpc.(*Service).DoServe.func1()
        C:/Users/Andres/projects/go/goico/pkg/service/grpc/service.go:129 +0x6f
created by github.com/andrescosta/goico/pkg/service/grpc.(*Service).DoServe in goroutine 689
        C:/Users/Andres/projects/go/goico/pkg/service/grpc/service.go:128 +0x210

goroutine 945 [select, 9 minutes]:
google.golang.org/grpc/internal/transport.(*controlBuffer).get(0xc0007ff590, 0x1)
        C:/Users/Andres/go/pkg/mod/google.golang.org/grpc@v1.60.1/internal/transport/controlbuf.go:418 +0x1af
google.golang.org/grpc/internal/transport.(*loopyWriter).run(0xc00023f420)
        C:/Users/Andres/go/pkg/mod/google.golang.org/grpc@v1.60.1/internal/transport/controlbuf.go:552 +0x14f
google.golang.org/grpc/internal/transport.NewServerTransport.func2()
        C:/Users/Andres/go/pkg/mod/google.golang.org/grpc@v1.60.1/internal/transport/http2_server.go:325 +0x216
created by google.golang.org/grpc/internal/transport.NewServerTransport in goroutine 943
        C:/Users/Andres/go/pkg/mod/google.golang.org/grpc@v1.60.1/internal/transport/http2_server.go:322 +0x246b

goroutine 1026 [select, 10 minutes]:
google.golang.org/grpc/internal/transport.(*http2Server).keepalive(0xc000de2d00)
        C:/Users/Andres/go/pkg/mod/google.golang.org/grpc@v1.60.1/internal/transport/http2_server.go:1133 +0x41b
created by google.golang.org/grpc/internal/transport.NewServerTransport in goroutine 943
        C:/Users/Andres/go/pkg/mod/google.golang.org/grpc@v1.60.1/internal/transport/http2_server.go:328 +0x24eb

goroutine 1027 [sync.Cond.Wait, 9 minutes]:
sync.runtime_notifyListWait(0xc0007064f8, 0x6)
        C:/Program Files/Go/src/runtime/sema.go:527 +0x15d
sync.(*Cond).Wait(0xc0007064e8)
        C:/Program Files/Go/src/sync/cond.go:70 +0x76
google.golang.org/grpc/test/bufconn.(*pipe).Read(0xc000706480, {0xc000fd2000, 0x8000, 0xc000299c00?})
        C:/Users/Andres/go/pkg/mod/google.golang.org/grpc@v1.60.1/test/bufconn/bufconn.go:173 +0x105
bufio.(*Reader).Read(0xc00002a960, {0xc00057a3c0, 0x9, 0x9})
        C:/Program Files/Go/src/bufio/bufio.go:244 +0x4be
io.ReadAtLeast({0x14169aea0, 0xc00002a960}, {0xc00057a3c0, 0x9, 0x9}, 0x9)
        C:/Program Files/Go/src/io/io.go:335 +0xd0
io.ReadFull(...)
        C:/Program Files/Go/src/io/io.go:354
golang.org/x/net/http2.readFrameHeader({0xc00057a3c0, 0x9, 0x9}, {0x14169aea0, 0xc00002a960})
        C:/Users/Andres/go/pkg/mod/golang.org/x/net@v0.20.0/http2/frame.go:237 +0x9b
golang.org/x/net/http2.(*Framer).ReadFrame(0xc00057a380)
        C:/Users/Andres/go/pkg/mod/golang.org/x/net@v0.20.0/http2/frame.go:498 +0xf5
google.golang.org/grpc/internal/transport.(*http2Server).HandleStreams(0xc000de2d00, {0x1416a8118, 0xc000223380}, 0x141eed400?)
        C:/Users/Andres/go/pkg/mod/google.golang.org/grpc@v1.60.1/internal/transport/http2_server.go:617 +0x145
google.golang.org/grpc.(*Server).serveStreams(0xc0001e7e00, {0x1416a7f20, 0x141eed400}, {0x1416ad438?, 0xc000de2d00}, {0x1416acb18?, 0xc000694660})
        C:/Users/Andres/go/pkg/mod/google.golang.org/grpc@v1.60.1/server.go:1012 +0x6bc
google.golang.org/grpc.(*Server).handleRawConn.func1()
        C:/Users/Andres/go/pkg/mod/google.golang.org/grpc@v1.60.1/server.go:939 +0x87
created by google.golang.org/grpc.(*Server).handleRawConn in goroutine 943
        C:/Users/Andres/go/pkg/mod/google.golang.org/grpc@v1.60.1/server.go:938 +0x290

goroutine 1006 [select, 10 minutes]:
google.golang.org/grpc.newClientStreamWithParams.func4()
        C:/Users/Andres/go/pkg/mod/google.golang.org/grpc@v1.60.1/stream.go:391 +0xde
created by google.golang.org/grpc.newClientStreamWithParams in goroutine 689
        C:/Users/Andres/go/pkg/mod/google.golang.org/grpc@v1.60.1/stream.go:390 +0x1b90

goroutine 1008 [select, 9 minutes]:
github.com/andrescosta/jobico/internal/queue/controller.(*Cache[...]).startListeningUpdates.func1()
        C:/Users/Andres/projects/go/jobico/internal/queue/controller/cache.go:87 +0x150
created by github.com/andrescosta/jobico/internal/queue/controller.(*Cache[...]).startListeningUpdates in goroutine 689
        C:/Users/Andres/projects/go/jobico/internal/queue/controller/cache.go:85 +0x1a5

goroutine 1136 [select, 10 minutes]:
google.golang.org/grpc/internal/transport.(*http2Server).keepalive(0xc00144e9c0)
        C:/Users/Andres/go/pkg/mod/google.golang.org/grpc@v1.60.1/internal/transport/http2_server.go:1133 +0x41b
created by google.golang.org/grpc/internal/transport.NewServerTransport in goroutine 1131
        C:/Users/Andres/go/pkg/mod/google.golang.org/grpc@v1.60.1/internal/transport/http2_server.go:328 +0x24eb

goroutine 1554 [sync.Cond.Wait, 9 minutes]:
sync.runtime_notifyListWait(0xc0004f7338, 0x6)
        C:/Program Files/Go/src/runtime/sema.go:527 +0x15d
sync.(*Cond).Wait(0xc0004f7328)
        C:/Program Files/Go/src/sync/cond.go:70 +0x76
google.golang.org/grpc/test/bufconn.(*pipe).Read(0xc0004f72c0, {0xc00188c000, 0x8000, 0xc000fcabc0?})
        C:/Users/Andres/go/pkg/mod/google.golang.org/grpc@v1.60.1/test/bufconn/bufconn.go:173 +0x105
bufio.(*Reader).Read(0xc00052f500, {0xc0006e9000, 0x9, 0x9})
        C:/Program Files/Go/src/bufio/bufio.go:244 +0x4be
io.ReadAtLeast({0x14169aea0, 0xc00052f500}, {0xc0006e9000, 0x9, 0x9}, 0x9)
        C:/Program Files/Go/src/io/io.go:335 +0xd0
io.ReadFull(...)
        C:/Program Files/Go/src/io/io.go:354
golang.org/x/net/http2.readFrameHeader({0xc0006e9000, 0x9, 0x9}, {0x14169aea0, 0xc00052f500})
        C:/Users/Andres/go/pkg/mod/golang.org/x/net@v0.20.0/http2/frame.go:237 +0x9b
golang.org/x/net/http2.(*Framer).ReadFrame(0xc0006e8fc0)
        C:/Users/Andres/go/pkg/mod/golang.org/x/net@v0.20.0/http2/frame.go:498 +0xf5
google.golang.org/grpc/internal/transport.(*http2Server).HandleStreams(0xc000fc0340, {0x1416a8118, 0xc000ffe600}, 0x141eed400?)
        C:/Users/Andres/go/pkg/mod/google.golang.org/grpc@v1.60.1/internal/transport/http2_server.go:617 +0x145
google.golang.org/grpc.(*Server).serveStreams(0xc0001e7e00, {0x1416a7f20, 0x141eed400}, {0x1416ad438?, 0xc000fc0340}, {0x1416acb18?, 0xc00070f6e0})
        C:/Users/Andres/go/pkg/mod/google.golang.org/grpc@v1.60.1/server.go:1012 +0x6bc
google.golang.org/grpc.(*Server).handleRawConn.func1()
        C:/Users/Andres/go/pkg/mod/google.golang.org/grpc@v1.60.1/server.go:939 +0x87
created by google.golang.org/grpc.(*Server).handleRawConn in goroutine 1487
        C:/Users/Andres/go/pkg/mod/google.golang.org/grpc@v1.60.1/server.go:938 +0x290

goroutine 1692 [select, 10 minutes]:
github.com/andrescosta/goico/pkg/broadcaster.Start[...].func1()
        C:/Users/Andres/projects/go/goico/pkg/broadcaster/broadcaster.go:46 +0x274
created by github.com/andrescosta/goico/pkg/broadcaster.Start[...] in goroutine 24
        C:/Users/Andres/projects/go/goico/pkg/broadcaster/broadcaster.go:41 +0x40b

goroutine 1462 [select, 10 minutes]:
google.golang.org/grpc/internal/grpcsync.(*CallbackSerializer).run(0xc000607b30, {0x1416a8150, 0xc001380fa0})
        C:/Users/Andres/go/pkg/mod/google.golang.org/grpc@v1.60.1/internal/grpcsync/callback_serializer.go:76 +0x1e9
created by google.golang.org/grpc/internal/grpcsync.NewCallbackSerializer in goroutine 1249
        C:/Users/Andres/go/pkg/mod/google.golang.org/grpc@v1.60.1/internal/grpcsync/callback_serializer.go:52 +0x20e

goroutine 3476 [select, 9 minutes]:
google.golang.org/grpc/test/bufconn.(*Listener).DialContext(0xc00051c520, {0x1416a7f20, 0x141eed400})
        C:/Users/Andres/go/pkg/mod/google.golang.org/grpc@v1.60.1/test/bufconn/bufconn.go:98 +0x265
github.com/andrescosta/goico/pkg/service.(*BufConn).Tranport.func1({0x140078d39?, 0x14007cdf1?}, {0x14007ce29?, 0xc000759618?}, {0x1401a6125?, 0x0?})
        C:/Users/Andres/projects/go/goico/pkg/service/conn.go:119 +0x3d
net/http.(*Transport).dial(0xc002154b40, {0x1416a81c0, 0xc00157b030}, {0x14147e8e2, 0x3}, {0xc001d954f6, 0xa})
        C:/Program Files/Go/src/net/http/transport.go:1183 +0xf0
net/http.(*Transport).dialConn(0xc002154b40, {0x1416a81c0, 0xc00157b030}, {{}, 0x0, {0xc0006c8f00, 0x4}, {0xc001d954f6, 0xa}, 0x0})
        C:/Program Files/Go/src/net/http/transport.go:1625 +0xdc5
net/http.(*Transport).dialConnFor(0xa13500?, 0xc00058ce70)
        C:/Program Files/Go/src/net/http/transport.go:1467 +0x12a
created by net/http.(*Transport).queueForDial in goroutine 1924
        C:/Program Files/Go/src/net/http/transport.go:1436 +0x16b

goroutine 3436 [select, 9 minutes]:
google.golang.org/grpc/test/bufconn.(*Listener).DialContext(0xc000596400, {0x1416a7f20, 0x141eed400})
        C:/Users/Andres/go/pkg/mod/google.golang.org/grpc@v1.60.1/test/bufconn/bufconn.go:98 +0x265
github.com/andrescosta/goico/pkg/service.(*BufConn).Tranport.func1({0x140078d39?, 0x14007cdf1?}, {0x14007ce29?, 0xc00015f618?}, {0x1401a6125?, 0x0?})
        C:/Users/Andres/projects/go/goico/pkg/service/conn.go:119 +0x3d
net/http.(*Transport).dial(0xc00246ea00, {0x1416a81c0, 0xc00176ac40}, {0x14147e8e2, 0x3}, {0xc00283a016, 0xa})
        C:/Program Files/Go/src/net/http/transport.go:1183 +0xf0
net/http.(*Transport).dialConn(0xc00246ea00, {0x1416a81c0, 0xc00176ac40}, {{}, 0x0, {0xc000613c98, 0x4}, {0xc00283a016, 0xa}, 0x0})
        C:/Program Files/Go/src/net/http/transport.go:1625 +0xdc5
net/http.(*Transport).dialConnFor(0xaa8000?, 0xc000e93550)
        C:/Program Files/Go/src/net/http/transport.go:1467 +0x12a
created by net/http.(*Transport).queueForDial in goroutine 1707
        C:/Program Files/Go/src/net/http/transport.go:1436 +0x16b

goroutine 3394 [select, 9 minutes]:
google.golang.org/grpc/test/bufconn.(*Listener).DialContext(0xc000596400, {0x1416a7f20, 0x141eed400})
        C:/Users/Andres/go/pkg/mod/google.golang.org/grpc@v1.60.1/test/bufconn/bufconn.go:98 +0x265
github.com/andrescosta/goico/pkg/service.(*BufConn).Tranport.func1({0x140078d39?, 0x14007cdf1?}, {0x14007ce29?, 0xc0005c3618?}, {0x1401a6125?, 0x0?})
        C:/Users/Andres/projects/go/goico/pkg/service/conn.go:119 +0x3d
net/http.(*Transport).dial(0xc002154280, {0x1416a81c0, 0xc00157aaf0}, {0x14147e8e2, 0x3}, {0xc001d94b16, 0xa})
        C:/Program Files/Go/src/net/http/transport.go:1183 +0xf0
net/http.(*Transport).dialConn(0xc002154280, {0x1416a81c0, 0xc00157aaf0}, {{}, 0x0, {0xc0006c8a08, 0x4}, {0xc001d94b16, 0xa}, 0x0})
        C:/Program Files/Go/src/net/http/transport.go:1625 +0xdc5
net/http.(*Transport).dialConnFor(0xc0017901a0?, 0xc00058cd10)
        C:/Program Files/Go/src/net/http/transport.go:1467 +0x12a
created by net/http.(*Transport).queueForDial in goroutine 1707
        C:/Program Files/Go/src/net/http/transport.go:1436 +0x16b

goroutine 1896 [select]:
google.golang.org/grpc/internal/grpcsync.(*CallbackSerializer).run(0xc001cf89b0, {0x1416a8150, 0xc001cc8d20})
        C:/Users/Andres/go/pkg/mod/google.golang.org/grpc@v1.60.1/internal/grpcsync/callback_serializer.go:76 +0x1e9
created by google.golang.org/grpc/internal/grpcsync.NewCallbackSerializer in goroutine 1706
        C:/Users/Andres/go/pkg/mod/google.golang.org/grpc@v1.60.1/internal/grpcsync/callback_serializer.go:52 +0x20e

goroutine 1135 [select, 9 minutes]:
google.golang.org/grpc/internal/transport.(*controlBuffer).get(0xc00143a820, 0x1)
        C:/Users/Andres/go/pkg/mod/google.golang.org/grpc@v1.60.1/internal/transport/controlbuf.go:418 +0x1af
google.golang.org/grpc/internal/transport.(*loopyWriter).run(0xc000db0230)
        C:/Users/Andres/go/pkg/mod/google.golang.org/grpc@v1.60.1/internal/transport/controlbuf.go:552 +0x14f
google.golang.org/grpc/internal/transport.NewServerTransport.func2()
        C:/Users/Andres/go/pkg/mod/google.golang.org/grpc@v1.60.1/internal/transport/http2_server.go:325 +0x216
created by google.golang.org/grpc/internal/transport.NewServerTransport in goroutine 1131
        C:/Users/Andres/go/pkg/mod/google.golang.org/grpc@v1.60.1/internal/transport/http2_server.go:322 +0x246b

goroutine 3233 [select, 9 minutes]:
google.golang.org/grpc/test/bufconn.(*Listener).DialContext(0xc00051c520, {0x1416a7f20, 0x141eed400})
        C:/Users/Andres/go/pkg/mod/google.golang.org/grpc@v1.60.1/test/bufconn/bufconn.go:98 +0x265
github.com/andrescosta/goico/pkg/service.(*BufConn).Tranport.func1({0x140078d39?, 0x14007cdf1?}, {0x14007ce29?, 0xc001ef5618?}, {0x1401a6125?, 0x0?})
        C:/Users/Andres/projects/go/goico/pkg/service/conn.go:119 +0x3d
net/http.(*Transport).dial(0xc0020168c0, {0x1416a81c0, 0xc0020143f0}, {0x14147e8e2, 0x3}, {0xc0020184f6, 0xa})
        C:/Program Files/Go/src/net/http/transport.go:1183 +0xf0
net/http.(*Transport).dialConn(0xc0020168c0, {0x1416a81c0, 0xc0020143f0}, {{}, 0x0, {0xc00201a1b0, 0x4}, {0xc0020184f6, 0xa}, 0x0})
        C:/Program Files/Go/src/net/http/transport.go:1625 +0xdc5
net/http.(*Transport).dialConnFor(0xa4b900?, 0xc000b9e9a0)
        C:/Program Files/Go/src/net/http/transport.go:1467 +0x12a
created by net/http.(*Transport).queueForDial in goroutine 1924
        C:/Program Files/Go/src/net/http/transport.go:1436 +0x16b

goroutine 3505 [select, 9 minutes]:
google.golang.org/grpc/test/bufconn.(*Listener).DialContext(0xc00051c520, {0x1416a7f20, 0x141eed400})
        C:/Users/Andres/go/pkg/mod/google.golang.org/grpc@v1.60.1/test/bufconn/bufconn.go:98 +0x265
github.com/andrescosta/goico/pkg/service.(*BufConn).Tranport.func1({0x140078d39?, 0x14007cdf1?}, {0x14007ce29?, 0xc002919618?}, {0x1401a6125?, 0x0?})
        C:/Users/Andres/projects/go/goico/pkg/service/conn.go:119 +0x3d
net/http.(*Transport).dial(0xc001e69400, {0x1416a81c0, 0xc001e6ed90}, {0x14147e8e2, 0x3}, {0xc0022c2f06, 0xa})
        C:/Program Files/Go/src/net/http/transport.go:1183 +0xf0
net/http.(*Transport).dialConn(0xc001e69400, {0x1416a81c0, 0xc001e6ed90}, {{}, 0x0, {0xc001e0d230, 0x4}, {0xc0022c2f06, 0xa}, 0x0})
        C:/Program Files/Go/src/net/http/transport.go:1625 +0xdc5
net/http.(*Transport).dialConnFor(0xc0017901a0?, 0xc000f214a0)
        C:/Program Files/Go/src/net/http/transport.go:1467 +0x12a
created by net/http.(*Transport).queueForDial in goroutine 1924
        C:/Program Files/Go/src/net/http/transport.go:1436 +0x16b

goroutine 1489 [select, 10 minutes]:
google.golang.org/grpc/internal/transport.(*http2Server).keepalive(0xc000fc0340)
        C:/Users/Andres/go/pkg/mod/google.golang.org/grpc@v1.60.1/internal/transport/http2_server.go:1133 +0x41b
created by google.golang.org/grpc/internal/transport.NewServerTransport in goroutine 1487
        C:/Users/Andres/go/pkg/mod/google.golang.org/grpc@v1.60.1/internal/transport/http2_server.go:328 +0x24eb

goroutine 2603 [select, 9 minutes]:
google.golang.org/grpc/test/bufconn.(*Listener).DialContext(0xc000596400, {0x1416a7f20, 0x141eed400})
        C:/Users/Andres/go/pkg/mod/google.golang.org/grpc@v1.60.1/test/bufconn/bufconn.go:98 +0x265
github.com/andrescosta/goico/pkg/service.(*BufConn).Tranport.func1({0x140078d39?, 0x14007cdf1?}, {0x14007ce29?, 0xc000a63618?}, {0x1401a6125?, 0x0?})
        C:/Users/Andres/projects/go/goico/pkg/service/conn.go:119 +0x3d
net/http.(*Transport).dial(0xc0001797c0, {0x1416a81c0, 0xc00223c700}, {0x14147e8e2, 0x3}, {0xc0026960c6, 0xa})
        C:/Program Files/Go/src/net/http/transport.go:1183 +0xf0
net/http.(*Transport).dialConn(0xc0001797c0, {0x1416a81c0, 0xc00223c700}, {{}, 0x0, {0xc00068fb18, 0x4}, {0xc0026960c6, 0xa}, 0x0})
        C:/Program Files/Go/src/net/http/transport.go:1625 +0xdc5
net/http.(*Transport).dialConnFor(0xc00159a840?, 0xc000014bb0)
        C:/Program Files/Go/src/net/http/transport.go:1467 +0x12a
created by net/http.(*Transport).queueForDial in goroutine 1707
        C:/Program Files/Go/src/net/http/transport.go:1436 +0x16b

goroutine 1820 [select, 9 minutes]:
google.golang.org/grpc/internal/grpcsync.(*CallbackSerializer).run(0xc00185bab0, {0x1416a8150, 0xc001cc8500})
        C:/Users/Andres/go/pkg/mod/google.golang.org/grpc@v1.60.1/internal/grpcsync/callback_serializer.go:76 +0x1e9
created by google.golang.org/grpc/internal/grpcsync.NewCallbackSerializer in goroutine 1706
        C:/Users/Andres/go/pkg/mod/google.golang.org/grpc@v1.60.1/internal/grpcsync/callback_serializer.go:52 +0x20e

goroutine 1719 [select, 10 minutes]:
github.com/andrescosta/goico/pkg/service/grpc/cache.(*server[...]).Events(0x141698e90, 0xc001c7e2c0, {0x1416abd10?, 0xc001c7e2c0})
        C:/Users/Andres/projects/go/goico/pkg/service/grpc/cache/service.go:28 +0x1b3
github.com/andrescosta/goico/pkg/service/grpc/cache/event._CacheService_Events_Handler({0x14132afa0?, 0xc000598100}, {0x1416aa938, 0xc00126c0f0})
        C:/Users/Andres/projects/go/goico/pkg/service/grpc/cache/event/event_grpc.pb.go:105 +0xf7
google.golang.org/grpc.(*Server).processStreamingRPC(0xc000690800, {0x1416a8118, 0xc001c452f0}, {0x1416ad438, 0xc00144e9c0}, 0xc00126be60, 0xc000ccff80, 0x1411d4b60, 0x0)
        C:/Users/Andres/go/pkg/mod/google.golang.org/grpc@v1.60.1/server.go:1666 +0x1f9c
google.golang.org/grpc.(*Server).handleStream(0xc000690800, {0x1416ad438, 0xc00144e9c0}, 0xc00126be60)
        C:/Users/Andres/go/pkg/mod/google.golang.org/grpc@v1.60.1/server.go:1787 +0x19d4
google.golang.org/grpc.(*Server).serveStreams.func2.1()
        C:/Users/Andres/go/pkg/mod/google.golang.org/grpc@v1.60.1/server.go:1016 +0xd3
created by google.golang.org/grpc.(*Server).serveStreams.func2 in goroutine 1137
        C:/Users/Andres/go/pkg/mod/google.golang.org/grpc@v1.60.1/server.go:1027 +0x205

goroutine 3456 [select, 9 minutes]:
google.golang.org/grpc/test/bufconn.(*Listener).DialContext(0xc000596400, {0x1416a7f20, 0x141eed400})
        C:/Users/Andres/go/pkg/mod/google.golang.org/grpc@v1.60.1/test/bufconn/bufconn.go:98 +0x265
github.com/andrescosta/goico/pkg/service.(*BufConn).Tranport.func1({0x140078d39?, 0x14007cdf1?}, {0x14007ce29?, 0xc001c5d618?}, {0x1401a6125?, 0x0?})
        C:/Users/Andres/projects/go/goico/pkg/service/conn.go:119 +0x3d
net/http.(*Transport).dial(0xc001d03b80, {0x1416a81c0, 0xc001cd05b0}, {0x14147e8e2, 0x3}, {0xc001cc2d76, 0xa})
        C:/Program Files/Go/src/net/http/transport.go:1183 +0xf0
net/http.(*Transport).dialConn(0xc001d03b80, {0x1416a81c0, 0xc001cd05b0}, {{}, 0x0, {0xc001c76780, 0x4}, {0xc001cc2d76, 0xa}, 0x0})
        C:/Program Files/Go/src/net/http/transport.go:1625 +0xdc5
net/http.(*Transport).dialConnFor(0xa12f00?, 0xc0002e1b80)
        C:/Program Files/Go/src/net/http/transport.go:1467 +0x12a
created by net/http.(*Transport).queueForDial in goroutine 1707
        C:/Program Files/Go/src/net/http/transport.go:1436 +0x16b

goroutine 1143 [select, 10 minutes]:
google.golang.org/grpc/internal/transport.(*controlBuffer).get(0xc000f93400, 0x1)
        C:/Users/Andres/go/pkg/mod/google.golang.org/grpc@v1.60.1/internal/transport/controlbuf.go:418 +0x1af
google.golang.org/grpc/internal/transport.(*loopyWriter).run(0xc0002753b0)
        C:/Users/Andres/go/pkg/mod/google.golang.org/grpc@v1.60.1/internal/transport/controlbuf.go:552 +0x14f
google.golang.org/grpc/internal/transport.NewServerTransport.func2()
        C:/Users/Andres/go/pkg/mod/google.golang.org/grpc@v1.60.1/internal/transport/http2_server.go:325 +0x216
created by google.golang.org/grpc/internal/transport.NewServerTransport in goroutine 1138
        C:/Users/Andres/go/pkg/mod/google.golang.org/grpc@v1.60.1/internal/transport/http2_server.go:322 +0x246b

goroutine 1144 [select, 10 minutes]:
google.golang.org/grpc/internal/transport.(*http2Server).keepalive(0xc000d281a0)
        C:/Users/Andres/go/pkg/mod/google.golang.org/grpc@v1.60.1/internal/transport/http2_server.go:1133 +0x41b
created by google.golang.org/grpc/internal/transport.NewServerTransport in goroutine 1138
        C:/Users/Andres/go/pkg/mod/google.golang.org/grpc@v1.60.1/internal/transport/http2_server.go:328 +0x24eb

goroutine 1145 [sync.Cond.Wait, 10 minutes]:
sync.runtime_notifyListWait(0xc0001241f8, 0x1)
        C:/Program Files/Go/src/runtime/sema.go:527 +0x15d
sync.(*Cond).Wait(0xc0001241e8)
        C:/Program Files/Go/src/sync/cond.go:70 +0x76
google.golang.org/grpc/test/bufconn.(*pipe).Read(0xc000124180, {0xc001318000, 0x8000, 0x0?})
        C:/Users/Andres/go/pkg/mod/google.golang.org/grpc@v1.60.1/test/bufconn/bufconn.go:173 +0x105
bufio.(*Reader).Read(0xc0002b83c0, {0xc000306580, 0x9, 0x9})
        C:/Program Files/Go/src/bufio/bufio.go:244 +0x4be
io.ReadAtLeast({0x14169aea0, 0xc0002b83c0}, {0xc000306580, 0x9, 0x9}, 0x9)
        C:/Program Files/Go/src/io/io.go:335 +0xd0
io.ReadFull(...)
        C:/Program Files/Go/src/io/io.go:354
golang.org/x/net/http2.readFrameHeader({0xc000306580, 0x9, 0x9}, {0x14169aea0, 0xc0002b83c0})
        C:/Users/Andres/go/pkg/mod/golang.org/x/net@v0.20.0/http2/frame.go:237 +0x9b
golang.org/x/net/http2.(*Framer).ReadFrame(0xc000306540)
        C:/Users/Andres/go/pkg/mod/golang.org/x/net@v0.20.0/http2/frame.go:498 +0xf5
google.golang.org/grpc/internal/transport.(*http2Server).HandleStreams(0xc000d281a0, {0x1416a8118, 0xc000baa810}, 0x141eed400?)
        C:/Users/Andres/go/pkg/mod/google.golang.org/grpc@v1.60.1/internal/transport/http2_server.go:617 +0x145
google.golang.org/grpc.(*Server).serveStreams(0xc00083a200, {0x1416a7f20, 0x141eed400}, {0x1416ad438?, 0xc000d281a0}, {0x1416acb18?, 0xc0002ea080})
        C:/Users/Andres/go/pkg/mod/google.golang.org/grpc@v1.60.1/server.go:1012 +0x6bc
google.golang.org/grpc.(*Server).handleRawConn.func1()
        C:/Users/Andres/go/pkg/mod/google.golang.org/grpc@v1.60.1/server.go:939 +0x87
created by google.golang.org/grpc.(*Server).handleRawConn in goroutine 1138
        C:/Users/Andres/go/pkg/mod/google.golang.org/grpc@v1.60.1/server.go:938 +0x290

goroutine 1574 [select, 10 minutes]:
google.golang.org/grpc/internal/grpcsync.(*CallbackSerializer).run(0xc00070dd60, {0x1416a8150, 0xc0017ce050})
        C:/Users/Andres/go/pkg/mod/google.golang.org/grpc@v1.60.1/internal/grpcsync/callback_serializer.go:76 +0x1e9
created by google.golang.org/grpc/internal/grpcsync.NewCallbackSerializer in goroutine 1249
        C:/Users/Andres/go/pkg/mod/google.golang.org/grpc@v1.60.1/internal/grpcsync/callback_serializer.go:52 +0x20e

goroutine 1576 [select, 10 minutes]:
google.golang.org/grpc/internal/grpcsync.(*CallbackSerializer).run(0xc00070ddc0, {0x1416a8150, 0xc0017ce0f0})
        C:/Users/Andres/go/pkg/mod/google.golang.org/grpc@v1.60.1/internal/grpcsync/callback_serializer.go:76 +0x1e9
created by google.golang.org/grpc/internal/grpcsync.NewCallbackSerializer in goroutine 1249
        C:/Users/Andres/go/pkg/mod/google.golang.org/grpc@v1.60.1/internal/grpcsync/callback_serializer.go:52 +0x20e

goroutine 1147 [sync.Cond.Wait, 10 minutes]:
sync.runtime_notifyListWait(0xc000706a38, 0x1)
        C:/Program Files/Go/src/runtime/sema.go:527 +0x15d
sync.(*Cond).Wait(0xc000706a28)
        C:/Program Files/Go/src/sync/cond.go:70 +0x76
google.golang.org/grpc/test/bufconn.(*pipe).Read(0xc0007069c0, {0xc001328000, 0x8000, 0xc00138db28?})
        C:/Users/Andres/go/pkg/mod/google.golang.org/grpc@v1.60.1/test/bufconn/bufconn.go:173 +0x105
bufio.(*Reader).Read(0xc0002b8480, {0xc000306660, 0x9, 0x9})
        C:/Program Files/Go/src/bufio/bufio.go:244 +0x4be
io.ReadAtLeast({0x14169aea0, 0xc0002b8480}, {0xc000306660, 0x9, 0x9}, 0x9)
        C:/Program Files/Go/src/io/io.go:335 +0xd0
io.ReadFull(...)
        C:/Program Files/Go/src/io/io.go:354
golang.org/x/net/http2.readFrameHeader({0xc000306660, 0x9, 0x9}, {0x14169aea0, 0xc0002b8480})
        C:/Users/Andres/go/pkg/mod/golang.org/x/net@v0.20.0/http2/frame.go:237 +0x9b
golang.org/x/net/http2.(*Framer).ReadFrame(0xc000306620)
        C:/Users/Andres/go/pkg/mod/golang.org/x/net@v0.20.0/http2/frame.go:498 +0xf5
google.golang.org/grpc/internal/transport.(*http2Client).reader(0xc00102cb40, 0x0?)
        C:/Users/Andres/go/pkg/mod/google.golang.org/grpc@v1.60.1/internal/transport/http2_client.go:1587 +0x2e5
created by google.golang.org/grpc/internal/transport.newHTTP2Client in goroutine 751
        C:/Users/Andres/go/pkg/mod/google.golang.org/grpc@v1.60.1/internal/transport/http2_client.go:398 +0x2fd6

goroutine 1148 [select, 10 minutes]:
google.golang.org/grpc/internal/transport.(*controlBuffer).get(0xc000f93540, 0x1)
        C:/Users/Andres/go/pkg/mod/google.golang.org/grpc@v1.60.1/internal/transport/controlbuf.go:418 +0x1af
google.golang.org/grpc/internal/transport.(*loopyWriter).run(0xc000275420)
        C:/Users/Andres/go/pkg/mod/google.golang.org/grpc@v1.60.1/internal/transport/controlbuf.go:552 +0x14f
google.golang.org/grpc/internal/transport.newHTTP2Client.func6()
        C:/Users/Andres/go/pkg/mod/google.golang.org/grpc@v1.60.1/internal/transport/http2_client.go:452 +0x168
created by google.golang.org/grpc/internal/transport.newHTTP2Client in goroutine 751
        C:/Users/Andres/go/pkg/mod/google.golang.org/grpc@v1.60.1/internal/transport/http2_client.go:450 +0x394b

goroutine 1150 [select, 10 minutes]:
google.golang.org/grpc/internal/transport.(*http2Server).keepalive(0xc000d28000)
        C:/Users/Andres/go/pkg/mod/google.golang.org/grpc@v1.60.1/internal/transport/http2_server.go:1133 +0x41b
created by google.golang.org/grpc/internal/transport.NewServerTransport in goroutine 1139
        C:/Users/Andres/go/pkg/mod/google.golang.org/grpc@v1.60.1/internal/transport/http2_server.go:328 +0x24eb

goroutine 1151 [sync.Cond.Wait, 10 minutes]:
sync.runtime_notifyListWait(0xc000706978, 0x2)
        C:/Program Files/Go/src/runtime/sema.go:527 +0x15d
sync.(*Cond).Wait(0xc000706968)
        C:/Program Files/Go/src/sync/cond.go:70 +0x76
google.golang.org/grpc/test/bufconn.(*pipe).Read(0xc000706900, {0xc00124a000, 0x8000, 0x0?})
        C:/Users/Andres/go/pkg/mod/google.golang.org/grpc@v1.60.1/test/bufconn/bufconn.go:173 +0x105
bufio.(*Reader).Read(0xc0002b8120, {0xc0003063c0, 0x9, 0x9})
        C:/Program Files/Go/src/bufio/bufio.go:244 +0x4be
io.ReadAtLeast({0x14169aea0, 0xc0002b8120}, {0xc0003063c0, 0x9, 0x9}, 0x9)
        C:/Program Files/Go/src/io/io.go:335 +0xd0
io.ReadFull(...)
        C:/Program Files/Go/src/io/io.go:354
golang.org/x/net/http2.readFrameHeader({0xc0003063c0, 0x9, 0x9}, {0x14169aea0, 0xc0002b8120})
        C:/Users/Andres/go/pkg/mod/golang.org/x/net@v0.20.0/http2/frame.go:237 +0x9b
golang.org/x/net/http2.(*Framer).ReadFrame(0xc000306380)
        C:/Users/Andres/go/pkg/mod/golang.org/x/net@v0.20.0/http2/frame.go:498 +0xf5
google.golang.org/grpc/internal/transport.(*http2Server).HandleStreams(0xc000d28000, {0x1416a8118, 0xc000baae10}, 0x141eed400?)
        C:/Users/Andres/go/pkg/mod/google.golang.org/grpc@v1.60.1/internal/transport/http2_server.go:617 +0x145
google.golang.org/grpc.(*Server).serveStreams(0xc00083a200, {0x1416a7f20, 0x141eed400}, {0x1416ad438?, 0xc000d28000}, {0x1416acb18?, 0xc000694b00})
        C:/Users/Andres/go/pkg/mod/google.golang.org/grpc@v1.60.1/server.go:1012 +0x6bc
google.golang.org/grpc.(*Server).handleRawConn.func1()
        C:/Users/Andres/go/pkg/mod/google.golang.org/grpc@v1.60.1/server.go:939 +0x87
created by google.golang.org/grpc.(*Server).handleRawConn in goroutine 1139
        C:/Users/Andres/go/pkg/mod/google.golang.org/grpc@v1.60.1/server.go:938 +0x290

goroutine 1818 [select, 10 minutes]:
google.golang.org/grpc/internal/grpcsync.(*CallbackSerializer).run(0xc00185ba50, {0x1416a8150, 0xc001cc8460})
        C:/Users/Andres/go/pkg/mod/google.golang.org/grpc@v1.60.1/internal/grpcsync/callback_serializer.go:76 +0x1e9
created by google.golang.org/grpc/internal/grpcsync.NewCallbackSerializer in goroutine 1706
        C:/Users/Andres/go/pkg/mod/google.golang.org/grpc@v1.60.1/internal/grpcsync/callback_serializer.go:52 +0x20e

goroutine 3069 [select, 9 minutes]:
google.golang.org/grpc/test/bufconn.(*Listener).DialContext(0xc000596400, {0x1416a7f20, 0x141eed400})
        C:/Users/Andres/go/pkg/mod/google.golang.org/grpc@v1.60.1/test/bufconn/bufconn.go:98 +0x265
github.com/andrescosta/goico/pkg/service.(*BufConn).Tranport.func1({0x140078d39?, 0x14007cdf1?}, {0x14007ce29?, 0xc0005c7618?}, {0x1401a6125?, 0x0?})
        C:/Users/Andres/projects/go/goico/pkg/service/conn.go:119 +0x3d
net/http.(*Transport).dial(0xc001c2f900, {0x1416a81c0, 0xc00023ed20}, {0x14147e8e2, 0x3}, {0xc001bb9a46, 0xa})
        C:/Program Files/Go/src/net/http/transport.go:1183 +0xf0
net/http.(*Transport).dialConn(0xc001c2f900, {0x1416a81c0, 0xc00023ed20}, {{}, 0x0, {0xc001e0c570, 0x4}, {0xc001bb9a46, 0xa}, 0x0})
        C:/Program Files/Go/src/net/http/transport.go:1625 +0xdc5
net/http.(*Transport).dialConnFor(0xa4cb00?, 0xc000f21080)
        C:/Program Files/Go/src/net/http/transport.go:1467 +0x12a
created by net/http.(*Transport).queueForDial in goroutine 1707
        C:/Program Files/Go/src/net/http/transport.go:1436 +0x16b

goroutine 1584 [select, 10 minutes]:
google.golang.org/grpc/internal/transport.(*controlBuffer).get(0xc0017ce690, 0x1)
        C:/Users/Andres/go/pkg/mod/google.golang.org/grpc@v1.60.1/internal/transport/controlbuf.go:418 +0x1af
google.golang.org/grpc/internal/transport.(*loopyWriter).run(0xc000e488c0)
        C:/Users/Andres/go/pkg/mod/google.golang.org/grpc@v1.60.1/internal/transport/controlbuf.go:552 +0x14f
google.golang.org/grpc/internal/transport.newHTTP2Client.func6()
        C:/Users/Andres/go/pkg/mod/google.golang.org/grpc@v1.60.1/internal/transport/http2_client.go:452 +0x168
created by google.golang.org/grpc/internal/transport.newHTTP2Client in goroutine 1581
        C:/Users/Andres/go/pkg/mod/google.golang.org/grpc@v1.60.1/internal/transport/http2_client.go:450 +0x394b

goroutine 3218 [select, 9 minutes]:
google.golang.org/grpc/test/bufconn.(*Listener).DialContext(0xc000596400, {0x1416a7f20, 0x141eed400})
        C:/Users/Andres/go/pkg/mod/google.golang.org/grpc@v1.60.1/test/bufconn/bufconn.go:98 +0x265
github.com/andrescosta/goico/pkg/service.(*BufConn).Tranport.func1({0x140078d39?, 0x14007cdf1?}, {0x14007ce29?, 0xc001da7618?}, {0x1401a6125?, 0x0?})
        C:/Users/Andres/projects/go/goico/pkg/service/conn.go:119 +0x3d
net/http.(*Transport).dial(0xc001b9f900, {0x1416a81c0, 0xc00181dd50}, {0x14147e8e2, 0x3}, {0xc00174f816, 0xa})
        C:/Program Files/Go/src/net/http/transport.go:1183 +0xf0
net/http.(*Transport).dialConn(0xc001b9f900, {0x1416a81c0, 0xc00181dd50}, {{}, 0x0, {0xc00041fc80, 0x4}, {0xc00174f816, 0xa}, 0x0})
        C:/Program Files/Go/src/net/http/transport.go:1625 +0xdc5
net/http.(*Transport).dialConnFor(0xc0017901a0?, 0xc000b9e790)
        C:/Program Files/Go/src/net/http/transport.go:1467 +0x12a
created by net/http.(*Transport).queueForDial in goroutine 1707
        C:/Program Files/Go/src/net/http/transport.go:1436 +0x16b

goroutine 1925 [select, 10 minutes]:
google.golang.org/grpc/internal/grpcsync.(*CallbackSerializer).run(0xc0017e46f0, {0x1416a8150, 0xc001bb00f0})
        C:/Users/Andres/go/pkg/mod/google.golang.org/grpc@v1.60.1/internal/grpcsync/callback_serializer.go:76 +0x1e9
created by google.golang.org/grpc/internal/grpcsync.NewCallbackSerializer in goroutine 1923
        C:/Users/Andres/go/pkg/mod/google.golang.org/grpc@v1.60.1/internal/grpcsync/callback_serializer.go:52 +0x20e

goroutine 1583 [sync.Cond.Wait, 10 minutes]:
sync.runtime_notifyListWait(0xc0007459f8, 0xb)
        C:/Program Files/Go/src/runtime/sema.go:527 +0x15d
sync.(*Cond).Wait(0xc0007459e8)
        C:/Program Files/Go/src/sync/cond.go:70 +0x76
google.golang.org/grpc/test/bufconn.(*pipe).Read(0xc000745980, {0xc0017ea000, 0x8000, 0xc000df1450?})
        C:/Users/Andres/go/pkg/mod/google.golang.org/grpc@v1.60.1/test/bufconn/bufconn.go:173 +0x105
bufio.(*Reader).Read(0xc00040dc80, {0xc0002c2c80, 0x9, 0x9})
        C:/Program Files/Go/src/bufio/bufio.go:244 +0x4be
io.ReadAtLeast({0x14169aea0, 0xc00040dc80}, {0xc0002c2c80, 0x9, 0x9}, 0x9)
        C:/Program Files/Go/src/io/io.go:335 +0xd0
io.ReadFull(...)
        C:/Program Files/Go/src/io/io.go:354
golang.org/x/net/http2.readFrameHeader({0xc0002c2c80, 0x9, 0x9}, {0x14169aea0, 0xc00040dc80})
        C:/Users/Andres/go/pkg/mod/golang.org/x/net@v0.20.0/http2/frame.go:237 +0x9b
golang.org/x/net/http2.(*Framer).ReadFrame(0xc0002c2c40)
        C:/Users/Andres/go/pkg/mod/golang.org/x/net@v0.20.0/http2/frame.go:498 +0xf5
google.golang.org/grpc/internal/transport.(*http2Client).reader(0xc0007a2b40, 0x0?)
        C:/Users/Andres/go/pkg/mod/google.golang.org/grpc@v1.60.1/internal/transport/http2_client.go:1587 +0x2e5
created by google.golang.org/grpc/internal/transport.newHTTP2Client in goroutine 1581
        C:/Users/Andres/go/pkg/mod/google.golang.org/grpc@v1.60.1/internal/transport/http2_client.go:398 +0x2fd6

goroutine 3014 [select, 9 minutes]:
google.golang.org/grpc/test/bufconn.(*Listener).DialContext(0xc000596400, {0x1416a7f20, 0x141eed400})
        C:/Users/Andres/go/pkg/mod/google.golang.org/grpc@v1.60.1/test/bufconn/bufconn.go:98 +0x265
github.com/andrescosta/goico/pkg/service.(*BufConn).Tranport.func1({0x140078d39?, 0x14007cdf1?}, {0x14007ce29?, 0xc00061d618?}, {0x1401a6125?, 0x0?})
        C:/Users/Andres/projects/go/goico/pkg/service/conn.go:119 +0x3d
net/http.(*Transport).dial(0xc001c12dc0, {0x1416a81c0, 0xc00223d420}, {0x14147e8e2, 0x3}, {0xc000687bc6, 0xa})
        C:/Program Files/Go/src/net/http/transport.go:1183 +0xf0
net/http.(*Transport).dialConn(0xc001c12dc0, {0x1416a81c0, 0xc00223d420}, {{}, 0x0, {0xc00068f3c8, 0x4}, {0xc000687bc6, 0xa}, 0x0})
        C:/Program Files/Go/src/net/http/transport.go:1625 +0xdc5
net/http.(*Transport).dialConnFor(0xa80400?, 0xc000014a50)
        C:/Program Files/Go/src/net/http/transport.go:1467 +0x12a
created by net/http.(*Transport).queueForDial in goroutine 1707
        C:/Program Files/Go/src/net/http/transport.go:1436 +0x16b

goroutine 1895 [select, 10 minutes]:
google.golang.org/grpc/internal/grpcsync.(*CallbackSerializer).run(0xc001cf8980, {0x1416a8150, 0xc001cc8cd0})
        C:/Users/Andres/go/pkg/mod/google.golang.org/grpc@v1.60.1/internal/grpcsync/callback_serializer.go:76 +0x1e9
created by google.golang.org/grpc/internal/grpcsync.NewCallbackSerializer in goroutine 1706
        C:/Users/Andres/go/pkg/mod/google.golang.org/grpc@v1.60.1/internal/grpcsync/callback_serializer.go:52 +0x20e

goroutine 1897 [select]:
google.golang.org/grpc/internal/grpcsync.(*CallbackSerializer).run(0xc001cf89e0, {0x1416a8150, 0xc001cc8d70})
        C:/Users/Andres/go/pkg/mod/google.golang.org/grpc@v1.60.1/internal/grpcsync/callback_serializer.go:76 +0x1e9
created by google.golang.org/grpc/internal/grpcsync.NewCallbackSerializer in goroutine 1706
        C:/Users/Andres/go/pkg/mod/google.golang.org/grpc@v1.60.1/internal/grpcsync/callback_serializer.go:52 +0x20e

goroutine 1137 [sync.Cond.Wait, 10 minutes]:
sync.runtime_notifyListWait(0xc000124af8, 0x3)
        C:/Program Files/Go/src/runtime/sema.go:527 +0x15d
sync.(*Cond).Wait(0xc000124ae8)
        C:/Program Files/Go/src/sync/cond.go:70 +0x76
google.golang.org/grpc/test/bufconn.(*pipe).Read(0xc000124a80, {0xc000c68000, 0x8000, 0xc001961200?})
        C:/Users/Andres/go/pkg/mod/google.golang.org/grpc@v1.60.1/test/bufconn/bufconn.go:173 +0x105
bufio.(*Reader).Read(0xc00044e360, {0xc00083e4a0, 0x9, 0x9})
        C:/Program Files/Go/src/bufio/bufio.go:244 +0x4be
io.ReadAtLeast({0x14169aea0, 0xc00044e360}, {0xc00083e4a0, 0x9, 0x9}, 0x9)
        C:/Program Files/Go/src/io/io.go:335 +0xd0
io.ReadFull(...)
        C:/Program Files/Go/src/io/io.go:354
golang.org/x/net/http2.readFrameHeader({0xc00083e4a0, 0x9, 0x9}, {0x14169aea0, 0xc00044e360})
        C:/Users/Andres/go/pkg/mod/golang.org/x/net@v0.20.0/http2/frame.go:237 +0x9b
golang.org/x/net/http2.(*Framer).ReadFrame(0xc00083e460)
        C:/Users/Andres/go/pkg/mod/golang.org/x/net@v0.20.0/http2/frame.go:498 +0xf5
google.golang.org/grpc/internal/transport.(*http2Server).HandleStreams(0xc00144e9c0, {0x1416a8118, 0xc000943800}, 0x141eed400?)
        C:/Users/Andres/go/pkg/mod/google.golang.org/grpc@v1.60.1/internal/transport/http2_server.go:617 +0x145
google.golang.org/grpc.(*Server).serveStreams(0xc000690800, {0x1416a7f20, 0x141eed400}, {0x1416ad438?, 0xc00144e9c0}, {0x1416acb18?, 0xc0002eade0})
        C:/Users/Andres/go/pkg/mod/google.golang.org/grpc@v1.60.1/server.go:1012 +0x6bc
google.golang.org/grpc.(*Server).handleRawConn.func1()
        C:/Users/Andres/go/pkg/mod/google.golang.org/grpc@v1.60.1/server.go:939 +0x87
created by google.golang.org/grpc.(*Server).handleRawConn in goroutine 1131
        C:/Users/Andres/go/pkg/mod/google.golang.org/grpc@v1.60.1/server.go:938 +0x290

goroutine 3498 [select, 9 minutes]:
google.golang.org/grpc/test/bufconn.(*Listener).DialContext(0xc000596400, {0x1416a7f20, 0x141eed400})
        C:/Users/Andres/go/pkg/mod/google.golang.org/grpc@v1.60.1/test/bufconn/bufconn.go:98 +0x265
github.com/andrescosta/goico/pkg/service.(*BufConn).Tranport.func1({0x140078d39?, 0x14007cdf1?}, {0x14007ce29?, 0xc002283618?}, {0x1401a6125?, 0x0?})
        C:/Users/Andres/projects/go/goico/pkg/service/conn.go:119 +0x3d
net/http.(*Transport).dial(0xc001e692c0, {0x1416a81c0, 0xc001e6ecb0}, {0x14147e8e2, 0x3}, {0xc0022c2c66, 0xa})
        C:/Program Files/Go/src/net/http/transport.go:1183 +0xf0
net/http.(*Transport).dialConn(0xc001e692c0, {0x1416a81c0, 0xc001e6ecb0}, {{}, 0x0, {0xc001e0d0c8, 0x4}, {0xc0022c2c66, 0xa}, 0x0})
        C:/Program Files/Go/src/net/http/transport.go:1625 +0xdc5
net/http.(*Transport).dialConnFor(0xc0017901a0?, 0xc000f213f0)
        C:/Program Files/Go/src/net/http/transport.go:1467 +0x12a
created by net/http.(*Transport).queueForDial in goroutine 1707
        C:/Program Files/Go/src/net/http/transport.go:1436 +0x16b

goroutine 1488 [select, 10 minutes]:
google.golang.org/grpc/internal/transport.(*controlBuffer).get(0xc000385e00, 0x1)
        C:/Users/Andres/go/pkg/mod/google.golang.org/grpc@v1.60.1/internal/transport/controlbuf.go:418 +0x1af
google.golang.org/grpc/internal/transport.(*loopyWriter).run(0xc0003c9420)
        C:/Users/Andres/go/pkg/mod/google.golang.org/grpc@v1.60.1/internal/transport/controlbuf.go:552 +0x14f
google.golang.org/grpc/internal/transport.NewServerTransport.func2()
        C:/Users/Andres/go/pkg/mod/google.golang.org/grpc@v1.60.1/internal/transport/http2_server.go:325 +0x216
created by google.golang.org/grpc/internal/transport.NewServerTransport in goroutine 1487
        C:/Users/Andres/go/pkg/mod/google.golang.org/grpc@v1.60.1/internal/transport/http2_server.go:322 +0x246b

goroutine 1481 [sync.Cond.Wait, 10 minutes]:
sync.runtime_notifyListWait(0xc0004f7938, 0x7)
        C:/Program Files/Go/src/runtime/sema.go:527 +0x15d
sync.(*Cond).Wait(0xc0004f7928)
        C:/Program Files/Go/src/sync/cond.go:70 +0x76
google.golang.org/grpc/test/bufconn.(*pipe).Read(0xc0004f78c0, {0xc0016b0000, 0x8000, 0xc001fbbae8?})
        C:/Users/Andres/go/pkg/mod/google.golang.org/grpc@v1.60.1/test/bufconn/bufconn.go:173 +0x105
bufio.(*Reader).Read(0xc000349260, {0xc0006e8f20, 0x9, 0x9})
        C:/Program Files/Go/src/bufio/bufio.go:244 +0x4be
io.ReadAtLeast({0x14169aea0, 0xc000349260}, {0xc0006e8f20, 0x9, 0x9}, 0x9)
        C:/Program Files/Go/src/io/io.go:335 +0xd0
io.ReadFull(...)
        C:/Program Files/Go/src/io/io.go:354
golang.org/x/net/http2.readFrameHeader({0xc0006e8f20, 0x9, 0x9}, {0x14169aea0, 0xc000349260})
        C:/Users/Andres/go/pkg/mod/golang.org/x/net@v0.20.0/http2/frame.go:237 +0x9b
golang.org/x/net/http2.(*Framer).ReadFrame(0xc0006e8ee0)
        C:/Users/Andres/go/pkg/mod/golang.org/x/net@v0.20.0/http2/frame.go:498 +0xf5
google.golang.org/grpc/internal/transport.(*http2Client).reader(0xc00188a000, 0x0?)
        C:/Users/Andres/go/pkg/mod/google.golang.org/grpc@v1.60.1/internal/transport/http2_client.go:1587 +0x2e5
created by google.golang.org/grpc/internal/transport.newHTTP2Client in goroutine 1479
        C:/Users/Andres/go/pkg/mod/google.golang.org/grpc@v1.60.1/internal/transport/http2_client.go:398 +0x2fd6

goroutine 1470 [select, 10 minutes]:
google.golang.org/grpc/internal/transport.(*controlBuffer).get(0xc0013814f0, 0x1)
        C:/Users/Andres/go/pkg/mod/google.golang.org/grpc@v1.60.1/internal/transport/controlbuf.go:418 +0x1af
google.golang.org/grpc/internal/transport.(*loopyWriter).run(0xc00167a000)
        C:/Users/Andres/go/pkg/mod/google.golang.org/grpc@v1.60.1/internal/transport/controlbuf.go:552 +0x14f
google.golang.org/grpc/internal/transport.newHTTP2Client.func6()
        C:/Users/Andres/go/pkg/mod/google.golang.org/grpc@v1.60.1/internal/transport/http2_client.go:452 +0x168
created by google.golang.org/grpc/internal/transport.newHTTP2Client in goroutine 1467
        C:/Users/Andres/go/pkg/mod/google.golang.org/grpc@v1.60.1/internal/transport/http2_client.go:450 +0x394b

goroutine 3270 [select, 9 minutes]:
google.golang.org/grpc/test/bufconn.(*Listener).DialContext(0xc000596400, {0x1416a7f20, 0x141eed400})
        C:/Users/Andres/go/pkg/mod/google.golang.org/grpc@v1.60.1/test/bufconn/bufconn.go:98 +0x265
github.com/andrescosta/goico/pkg/service.(*BufConn).Tranport.func1({0x140078d39?, 0x14007cdf1?}, {0x14007ce29?, 0xc001f6b618?}, {0x1401a6125?, 0x0?})
        C:/Users/Andres/projects/go/goico/pkg/service/conn.go:119 +0x3d
net/http.(*Transport).dial(0xc001c13b80, {0x1416a81c0, 0xc00223d880}, {0x14147e8e2, 0x3}, {0xc001bbaa06, 0xa})
        C:/Program Files/Go/src/net/http/transport.go:1183 +0xf0
net/http.(*Transport).dialConn(0xc001c13b80, {0x1416a81c0, 0xc00223d880}, {{}, 0x0, {0xc00068f908, 0x4}, {0xc001bbaa06, 0xa}, 0x0})
        C:/Program Files/Go/src/net/http/transport.go:1625 +0xdc5
net/http.(*Transport).dialConnFor(0xa1c500?, 0xc000014dc0)
        C:/Program Files/Go/src/net/http/transport.go:1467 +0x12a
created by net/http.(*Transport).queueForDial in goroutine 1707
        C:/Program Files/Go/src/net/http/transport.go:1436 +0x16b

goroutine 1606 [select, 10 minutes]:
google.golang.org/grpc/internal/transport.(*controlBuffer).get(0xc0017ceb90, 0x1)
        C:/Users/Andres/go/pkg/mod/google.golang.org/grpc@v1.60.1/internal/transport/controlbuf.go:418 +0x1af
google.golang.org/grpc/internal/transport.(*loopyWriter).run(0xc00167a460)
        C:/Users/Andres/go/pkg/mod/google.golang.org/grpc@v1.60.1/internal/transport/controlbuf.go:552 +0x14f
google.golang.org/grpc/internal/transport.NewServerTransport.func2()
        C:/Users/Andres/go/pkg/mod/google.golang.org/grpc@v1.60.1/internal/transport/http2_server.go:325 +0x216
created by google.golang.org/grpc/internal/transport.NewServerTransport in goroutine 1605
        C:/Users/Andres/go/pkg/mod/google.golang.org/grpc@v1.60.1/internal/transport/http2_server.go:322 +0x246b

goroutine 1608 [sync.Cond.Wait, 10 minutes]:
sync.runtime_notifyListWait(0xc000745938, 0x4)
        C:/Program Files/Go/src/runtime/sema.go:527 +0x15d
sync.(*Cond).Wait(0xc000745928)
        C:/Program Files/Go/src/sync/cond.go:70 +0x76
google.golang.org/grpc/test/bufconn.(*pipe).Read(0xc0007458c0, {0xc001a08000, 0x8000, 0xc001961cc0?})
        C:/Users/Andres/go/pkg/mod/google.golang.org/grpc@v1.60.1/test/bufconn/bufconn.go:173 +0x105
bufio.(*Reader).Read(0xc0017fc420, {0xc0002c2d60, 0x9, 0x9})
        C:/Program Files/Go/src/bufio/bufio.go:244 +0x4be
io.ReadAtLeast({0x14169aea0, 0xc0017fc420}, {0xc0002c2d60, 0x9, 0x9}, 0x9)
        C:/Program Files/Go/src/io/io.go:335 +0xd0
io.ReadFull(...)
        C:/Program Files/Go/src/io/io.go:354
golang.org/x/net/http2.readFrameHeader({0xc0002c2d60, 0x9, 0x9}, {0x14169aea0, 0xc0017fc420})
        C:/Users/Andres/go/pkg/mod/golang.org/x/net@v0.20.0/http2/frame.go:237 +0x9b
golang.org/x/net/http2.(*Framer).ReadFrame(0xc0002c2d20)
        C:/Users/Andres/go/pkg/mod/golang.org/x/net@v0.20.0/http2/frame.go:498 +0xf5
google.golang.org/grpc/internal/transport.(*http2Server).HandleStreams(0xc001790820, {0x1416a8118, 0xc0017d2de0}, 0x141eed400?)
        C:/Users/Andres/go/pkg/mod/google.golang.org/grpc@v1.60.1/internal/transport/http2_server.go:617 +0x145
google.golang.org/grpc.(*Server).serveStreams(0xc000738800, {0x1416a7f20, 0x141eed400}, {0x1416ad438?, 0xc001790820}, {0x1416acb18?, 0xc0000bb180})
        C:/Users/Andres/go/pkg/mod/google.golang.org/grpc@v1.60.1/server.go:1012 +0x6bc
google.golang.org/grpc.(*Server).handleRawConn.func1()
        C:/Users/Andres/go/pkg/mod/google.golang.org/grpc@v1.60.1/server.go:939 +0x87
created by google.golang.org/grpc.(*Server).handleRawConn in goroutine 1605
        C:/Users/Andres/go/pkg/mod/google.golang.org/grpc@v1.60.1/server.go:938 +0x290

goroutine 1455 [select, 10 minutes]:
google.golang.org/grpc/internal/transport.(*recvBufferReader).readClient(0xc001714eb0, {0xc001717360, 0x5, 0x5})
        C:/Users/Andres/go/pkg/mod/google.golang.org/grpc@v1.60.1/internal/transport/transport.go:192 +0x13e
google.golang.org/grpc/internal/transport.(*recvBufferReader).Read(0xc001714eb0, {0xc001717360, 0x5, 0x5})
        C:/Users/Andres/go/pkg/mod/google.golang.org/grpc@v1.60.1/internal/transport/transport.go:172 +0x35b
google.golang.org/grpc/internal/transport.(*transportReader).Read(0xc001717320, {0xc001717360, 0x5, 0x5})
        C:/Users/Andres/go/pkg/mod/google.golang.org/grpc@v1.60.1/internal/transport/transport.go:520 +0x5d
io.ReadAtLeast({0x14169e080, 0xc001717320}, {0xc001717360, 0x5, 0x5}, 0x5)
        C:/Program Files/Go/src/io/io.go:335 +0xd0
io.ReadFull(...)
        C:/Program Files/Go/src/io/io.go:354
google.golang.org/grpc/internal/transport.(*Stream).Read(0xc0013e10e0, {0xc001717360, 0x5, 0x5})
        C:/Users/Andres/go/pkg/mod/google.golang.org/grpc@v1.60.1/internal/transport/transport.go:504 +0x125
google.golang.org/grpc.(*parser).recvMsg(0xc001717350, 0x400000)
        C:/Users/Andres/go/pkg/mod/google.golang.org/grpc@v1.60.1/rpc_util.go:600 +0x6e
google.golang.org/grpc.recvAndDecompress(0x141eed400?, 0xc0013e10e0, {0x0, 0x0}, 0x400000, 0x0, {0x0, 0x0})
        C:/Users/Andres/go/pkg/mod/google.golang.org/grpc@v1.60.1/rpc_util.go:730 +0x7c
google.golang.org/grpc.recv(0xc001717350, {0x49546ad8, 0x141eed400}, 0x0?, {0x0, 0x0}, {0x1413c4720, 0xc001961680}, 0xc000c84780?, 0x0, ...)
        C:/Users/Andres/go/pkg/mod/google.golang.org/grpc@v1.60.1/rpc_util.go:796 +0xc5
google.golang.org/grpc.(*csAttempt).recvMsg(0xc001707860, {0x1413c4720?, 0xc001961680}, 0x0)
        C:/Users/Andres/go/pkg/mod/google.golang.org/grpc@v1.60.1/stream.go:1084 +0x568
google.golang.org/grpc.(*clientStream).RecvMsg.func1(0xc0013e0f54?)
        C:/Users/Andres/go/pkg/mod/google.golang.org/grpc@v1.60.1/stream.go:927 +0x51
google.golang.org/grpc.(*clientStream).withRetry(0xc0013e0ea0, 0xc000b03dd8, 0xc000b03dc8)
        C:/Users/Andres/go/pkg/mod/google.golang.org/grpc@v1.60.1/stream.go:760 +0x466
google.golang.org/grpc.(*clientStream).RecvMsg(0xc0013e0ea0, {0x1413c4720?, 0xc001961680})
        C:/Users/Andres/go/pkg/mod/google.golang.org/grpc@v1.60.1/stream.go:926 +0x1f6
github.com/andrescosta/jobico/pkg/grpchelper.Listen[...]({0x1416a8150, 0xc001380e10}, {0x47c6fa98, 0xc00170cc00}, 0x1416acb18)
        C:/Users/Andres/projects/go/jobico/pkg/grpchelper/recv.go:65 +0x1aa
github.com/andrescosta/jobico/internal/api/remote.(*CtlClient).startListenerForPackageUpdates.func1()
        C:/Users/Andres/projects/go/jobico/internal/api/remote/control.go:189 +0x79
created by github.com/andrescosta/jobico/internal/api/remote.(*CtlClient).startListenerForPackageUpdates in goroutine 1249
        C:/Users/Andres/projects/go/jobico/internal/api/remote/control.go:188 +0x249

goroutine 1456 [select, 9 minutes]:
github.com/andrescosta/jobico/internal/executor.(*VM).startListeningUpdates.func1()
        C:/Users/Andres/projects/go/jobico/internal/executor/executor.go:323 +0x1de
created by github.com/andrescosta/jobico/internal/executor.(*VM).startListeningUpdates in goroutine 1249
        C:/Users/Andres/projects/go/jobico/internal/executor/executor.go:320 +0x185

goroutine 1669 [select, 10 minutes]:
github.com/andrescosta/jobico/pkg/grpchelper.(*GrpcBroadcaster[...]).RcvAndDispatchUpdates(0x1416b1680, {0x1416a8118, 0xc000376150}, {0x48e4e558, 0xc001801050})
        C:/Users/Andres/projects/go/jobico/pkg/grpchelper/broadcaster.go:47 +0x209
github.com/andrescosta/jobico/internal/ctl/controller.(*PackageController).UpdateToPackagesStr(...)
        C:/Users/Andres/projects/go/jobico/internal/ctl/controller/package.go:118
github.com/andrescosta/jobico/internal/ctl/server.(*Server).UpdateToPackagesStr(0xc00041ae80, 0x141395780?, {0x1416abf40?, 0xc001801050})
        C:/Users/Andres/projects/go/jobico/internal/ctl/server/server.go:85 +0xc5
github.com/andrescosta/jobico/internal/api/types._Control_UpdateToPackagesStr_Handler({0x141424980?, 0xc00041ae80}, {0x1416aa938, 0xc0018b60f0})
        C:/Users/Andres/projects/go/jobico/internal/api/types/control_grpc.pb.go:419 +0xf7
google.golang.org/grpc.(*Server).processStreamingRPC(0xc0001e7e00, {0x1416a8118, 0xc000fffad0}, {0x1416ad438, 0xc000fc0340}, 0xc0018b45a0, 0xc0004fb0e0, 0x1411ebea0, 0x0)
        C:/Users/Andres/go/pkg/mod/google.golang.org/grpc@v1.60.1/server.go:1666 +0x1f9c
google.golang.org/grpc.(*Server).handleStream(0xc0001e7e00, {0x1416ad438, 0xc000fc0340}, 0xc0018b45a0)
        C:/Users/Andres/go/pkg/mod/google.golang.org/grpc@v1.60.1/server.go:1787 +0x19d4
google.golang.org/grpc.(*Server).serveStreams.func2.1()
        C:/Users/Andres/go/pkg/mod/google.golang.org/grpc@v1.60.1/server.go:1016 +0xd3
created by google.golang.org/grpc.(*Server).serveStreams.func2 in goroutine 1554
        C:/Users/Andres/go/pkg/mod/google.golang.org/grpc@v1.60.1/server.go:1027 +0x205

goroutine 1457 [select, 10 minutes]:
os/signal.NotifyContext.func1()
        C:/Program Files/Go/src/os/signal/signal.go:288 +0xc6
created by os/signal.NotifyContext in goroutine 1249
        C:/Program Files/Go/src/os/signal/signal.go:287 +0x2bd

goroutine 1682 [chan receive, 10 minutes]:
github.com/andrescosta/goico/pkg/service.(*Base).waitForDoneAndEndTheWorld(0xc001702f00)
        C:/Users/Andres/projects/go/goico/pkg/service/base.go:121 +0xf8
created by github.com/andrescosta/goico/pkg/service.New in goroutine 1249
        C:/Users/Andres/projects/go/goico/pkg/service/base.go:84 +0xb0b

goroutine 1710 [select, 3 minutes]:
google.golang.org/grpc/internal/grpcsync.(*CallbackSerializer).run(0xc00185b380, {0x1416a8150, 0xc0011c7ef0})
        C:/Users/Andres/go/pkg/mod/google.golang.org/grpc@v1.60.1/internal/grpcsync/callback_serializer.go:76 +0x1e9
created by google.golang.org/grpc/internal/grpcsync.NewCallbackSerializer in goroutine 1706
        C:/Users/Andres/go/pkg/mod/google.golang.org/grpc@v1.60.1/internal/grpcsync/callback_serializer.go:52 +0x20e

goroutine 1709 [select, 10 minutes]:
google.golang.org/grpc/internal/grpcsync.(*CallbackSerializer).run(0xc00185b350, {0x1416a8150, 0xc0011c7ea0})
        C:/Users/Andres/go/pkg/mod/google.golang.org/grpc@v1.60.1/internal/grpcsync/callback_serializer.go:76 +0x1e9
created by google.golang.org/grpc/internal/grpcsync.NewCallbackSerializer in goroutine 1706
        C:/Users/Andres/go/pkg/mod/google.golang.org/grpc@v1.60.1/internal/grpcsync/callback_serializer.go:52 +0x20e

goroutine 1711 [select, 1 minutes]:
google.golang.org/grpc/internal/grpcsync.(*CallbackSerializer).run(0xc00185b3b0, {0x1416a8150, 0xc0011c7f40})
        C:/Users/Andres/go/pkg/mod/google.golang.org/grpc@v1.60.1/internal/grpcsync/callback_serializer.go:76 +0x1e9
created by google.golang.org/grpc/internal/grpcsync.NewCallbackSerializer in goroutine 1706
        C:/Users/Andres/go/pkg/mod/google.golang.org/grpc@v1.60.1/internal/grpcsync/callback_serializer.go:52 +0x20e

goroutine 3355 [select, 9 minutes]:
google.golang.org/grpc/test/bufconn.(*Listener).DialContext(0xc000596400, {0x1416a7f20, 0x141eed400})
        C:/Users/Andres/go/pkg/mod/google.golang.org/grpc@v1.60.1/test/bufconn/bufconn.go:98 +0x265
github.com/andrescosta/goico/pkg/service.(*BufConn).Tranport.func1({0x140078d39?, 0x14007cdf1?}, {0x14007ce29?, 0xc00137f618?}, {0x1401a6125?, 0x0?})
        C:/Users/Andres/projects/go/goico/pkg/service/conn.go:119 +0x3d
net/http.(*Transport).dial(0xc0008a5e00, {0x1416a81c0, 0xc00157a930}, {0x14147e8e2, 0x3}, {0xc001d94886, 0xa})
        C:/Program Files/Go/src/net/http/transport.go:1183 +0xf0
net/http.(*Transport).dialConn(0xc0008a5e00, {0x1416a81c0, 0xc00157a930}, {{}, 0x0, {0xc0006c88a0, 0x4}, {0xc001d94886, 0xa}, 0x0})
        C:/Program Files/Go/src/net/http/transport.go:1625 +0xdc5
net/http.(*Transport).dialConnFor(0xc0003691e0?, 0xc00058cc60)
        C:/Program Files/Go/src/net/http/transport.go:1467 +0x12a
created by net/http.(*Transport).queueForDial in goroutine 1707
        C:/Program Files/Go/src/net/http/transport.go:1436 +0x16b

goroutine 1683 [semacquire, 10 minutes]:
sync.runtime_Semacquire(0xc00000bfa8?)
        C:/Program Files/Go/src/runtime/sema.go:62 +0x25
sync.(*WaitGroup).Wait(0xc00000bfa0)
        C:/Program Files/Go/src/sync/waitgroup.go:116 +0xa8
github.com/andrescosta/jobico/internal/executor.(*VM).StartExecutors(0xc0017fc2a0, {0x1416a8118?, 0xc001717590})
        C:/Users/Andres/projects/go/jobico/internal/executor/executor.go:134 +0xf5
github.com/andrescosta/jobico/cmd/executor/service.Service.Start.func3({0x1416a8118, 0xc001717590})
        C:/Users/Andres/projects/go/jobico/cmd/executor/service/service.go:56 +0x3f
github.com/andrescosta/goico/pkg/service/process.Service.DoServe.func1()
        C:/Users/Andres/projects/go/goico/pkg/service/process/service.go:96 +0x11b
created by github.com/andrescosta/goico/pkg/service/process.Service.DoServe in goroutine 1249
        C:/Users/Andres/projects/go/goico/pkg/service/process/service.go:93 +0x426

goroutine 1684 [select, 10 minutes]:
google.golang.org/grpc/test/bufconn.(*Listener).Accept(0xc00038f4a0)
        C:/Users/Andres/go/pkg/mod/google.golang.org/grpc@v1.60.1/test/bufconn/bufconn.go:61 +0xf7
net/http.(*Server).Serve(0xc0014882d0, {0x1416a3f90, 0xc00038f4a0})
        C:/Program Files/Go/src/net/http/server.go:3056 +0x5e8
github.com/andrescosta/goico/pkg/service/http.(*Service).DoServe(0xc001702fc0, {0x1416a3f90, 0xc00038f4a0})
        C:/Users/Andres/projects/go/goico/pkg/service/http/service.go:161 +0x58a
github.com/andrescosta/goico/pkg/service/process.Service.DoServe.func2()
        C:/Users/Andres/projects/go/goico/pkg/service/process/service.go:100 +0xc8
created by github.com/andrescosta/goico/pkg/service/process.Service.DoServe in goroutine 1249
        C:/Users/Andres/projects/go/goico/pkg/service/process/service.go:98 +0x5ce

goroutine 1685 [chan receive, 10 minutes]:
github.com/andrescosta/goico/pkg/service/http.(*Service).DoServe.func2()
        C:/Users/Andres/projects/go/goico/pkg/service/http/service.go:147 +0x98
created by github.com/andrescosta/goico/pkg/service/http.(*Service).DoServe in goroutine 1684
        C:/Users/Andres/projects/go/goico/pkg/service/http/service.go:146 +0x3cb

goroutine 3201 [select, 9 minutes]:
google.golang.org/grpc/test/bufconn.(*Listener).DialContext(0xc00051c520, {0x1416a7f20, 0x141eed400})
        C:/Users/Andres/go/pkg/mod/google.golang.org/grpc@v1.60.1/test/bufconn/bufconn.go:98 +0x265
github.com/andrescosta/goico/pkg/service.(*BufConn).Tranport.func1({0x140078d39?, 0x14007cdf1?}, {0x14007ce29?, 0xc002115618?}, {0x1401a6125?, 0x0?})
        C:/Users/Andres/projects/go/goico/pkg/service/conn.go:119 +0x3d
net/http.(*Transport).dial(0xc001a532c0, {0x1416a81c0, 0xc001a569a0}, {0x14147e8e2, 0x3}, {0xc00191ee66, 0xa})
        C:/Program Files/Go/src/net/http/transport.go:1183 +0xf0
net/http.(*Transport).dialConn(0xc001a532c0, {0x1416a81c0, 0xc001a569a0}, {{}, 0x0, {0xc001e10ca8, 0x4}, {0xc00191ee66, 0xa}, 0x0})
        C:/Program Files/Go/src/net/http/transport.go:1625 +0xdc5
net/http.(*Transport).dialConnFor(0xa28b00?, 0xc001cbefd0)
        C:/Program Files/Go/src/net/http/transport.go:1467 +0x12a
created by net/http.(*Transport).queueForDial in goroutine 1924
        C:/Program Files/Go/src/net/http/transport.go:1436 +0x16b

goroutine 3136 [select, 9 minutes]:
google.golang.org/grpc/test/bufconn.(*Listener).DialContext(0xc000596400, {0x1416a7f20, 0x141eed400})
        C:/Users/Andres/go/pkg/mod/google.golang.org/grpc@v1.60.1/test/bufconn/bufconn.go:98 +0x265
github.com/andrescosta/goico/pkg/service.(*BufConn).Tranport.func1({0x140078d39?, 0x14007cdf1?}, {0x14007ce29?, 0xc0017b7618?}, {0x1401a6125?, 0x0?})
        C:/Users/Andres/projects/go/goico/pkg/service/conn.go:119 +0x3d
net/http.(*Transport).dial(0xc001a52780, {0x1416a81c0, 0xc001a56230}, {0x14147e8e2, 0x3}, {0xc00191e176, 0xa})
        C:/Program Files/Go/src/net/http/transport.go:1183 +0xf0
net/http.(*Transport).dialConn(0xc001a52780, {0x1416a81c0, 0xc001a56230}, {{}, 0x0, {0xc001e10648, 0x4}, {0xc00191e176, 0xa}, 0x0})
        C:/Program Files/Go/src/net/http/transport.go:1625 +0xdc5
net/http.(*Transport).dialConnFor(0xc0017901a0?, 0xc001cbef20)
        C:/Program Files/Go/src/net/http/transport.go:1467 +0x12a
created by net/http.(*Transport).queueForDial in goroutine 1707
        C:/Program Files/Go/src/net/http/transport.go:1436 +0x16b

goroutine 1693 [select, 10 minutes]:
google.golang.org/grpc.newClientStreamWithParams.func4()
        C:/Users/Andres/go/pkg/mod/google.golang.org/grpc@v1.60.1/stream.go:391 +0xde
created by google.golang.org/grpc.newClientStreamWithParams in goroutine 24
        C:/Users/Andres/go/pkg/mod/google.golang.org/grpc@v1.60.1/stream.go:390 +0x1b90

goroutine 3185 [select, 9 minutes]:
google.golang.org/grpc/test/bufconn.(*Listener).DialContext(0xc00051c520, {0x1416a7f20, 0x141eed400})
        C:/Users/Andres/go/pkg/mod/google.golang.org/grpc@v1.60.1/test/bufconn/bufconn.go:98 +0x265
github.com/andrescosta/goico/pkg/service.(*BufConn).Tranport.func1({0x140078d39?, 0x14007cdf1?}, {0x14007ce29?, 0xc00248b618?}, {0x1401a6125?, 0x0?})
        C:/Users/Andres/projects/go/goico/pkg/service/conn.go:119 +0x3d
net/http.(*Transport).dial(0xc001d03400, {0x1416a81c0, 0xc001cd0150}, {0x14147e8e2, 0x3}, {0xc001cc2846, 0xa})
        C:/Program Files/Go/src/net/http/transport.go:1183 +0xf0
net/http.(*Transport).dialConn(0xc001d03400, {0x1416a81c0, 0xc001cd0150}, {{}, 0x0, {0xc001c764e0, 0x4}, {0xc001cc2846, 0xa}, 0x0})
        C:/Program Files/Go/src/net/http/transport.go:1625 +0xdc5
net/http.(*Transport).dialConnFor(0xc0017901a0?, 0xc0002e1a20)
        C:/Program Files/Go/src/net/http/transport.go:1467 +0x12a
created by net/http.(*Transport).queueForDial in goroutine 1924
        C:/Program Files/Go/src/net/http/transport.go:1436 +0x16b

goroutine 3410 [select, 9 minutes]:
google.golang.org/grpc/test/bufconn.(*Listener).DialContext(0xc00051c520, {0x1416a7f20, 0x141eed400})
        C:/Users/Andres/go/pkg/mod/google.golang.org/grpc@v1.60.1/test/bufconn/bufconn.go:98 +0x265
github.com/andrescosta/goico/pkg/service.(*BufConn).Tranport.func1({0x140078d39?, 0x14007cdf1?}, {0x14007ce29?, 0xc001d69618?}, {0x1401a6125?, 0x0?})
        C:/Users/Andres/projects/go/goico/pkg/service/conn.go:119 +0x3d
net/http.(*Transport).dial(0xc002017180, {0x1416a81c0, 0xc002014850}, {0x14147e8e2, 0x3}, {0xc002018a96, 0xa})
        C:/Program Files/Go/src/net/http/transport.go:1183 +0xf0
net/http.(*Transport).dialConn(0xc002017180, {0x1416a81c0, 0xc002014850}, {{}, 0x0, {0xc00201a498, 0x4}, {0xc002018a96, 0xa}, 0x0})
        C:/Program Files/Go/src/net/http/transport.go:1625 +0xdc5
net/http.(*Transport).dialConnFor(0xa7b600?, 0xc000b9eb00)
        C:/Program Files/Go/src/net/http/transport.go:1467 +0x12a
created by net/http.(*Transport).queueForDial in goroutine 1924
        C:/Program Files/Go/src/net/http/transport.go:1436 +0x16b

goroutine 2526 [select, 10 minutes]:
google.golang.org/grpc/test/bufconn.(*Listener).DialContext(0xc000596400, {0x1416a7f20, 0x141eed400})
        C:/Users/Andres/go/pkg/mod/google.golang.org/grpc@v1.60.1/test/bufconn/bufconn.go:98 +0x265
github.com/andrescosta/goico/pkg/service.(*BufConn).Tranport.func1({0x140078d39?, 0x14007cdf1?}, {0x14007ce29?, 0xc0004bb618?}, {0x1401a6125?, 0x0?})
        C:/Users/Andres/projects/go/goico/pkg/service/conn.go:119 +0x3d
net/http.(*Transport).dial(0xc0023b8500, {0x1416a81c0, 0xc000251500}, {0x14147e8e2, 0x3}, {0xc000511e76, 0xa})
        C:/Program Files/Go/src/net/http/transport.go:1183 +0xf0
net/http.(*Transport).dialConn(0xc0023b8500, {0x1416a81c0, 0xc000251500}, {{}, 0x0, {0xc0000434e8, 0x4}, {0xc000511e76, 0xa}, 0x0})
        C:/Program Files/Go/src/net/http/transport.go:1625 +0xdc5
net/http.(*Transport).dialConnFor(0xc000384dc0?, 0xc001cbe790)
        C:/Program Files/Go/src/net/http/transport.go:1467 +0x12a
created by net/http.(*Transport).queueForDial in goroutine 1707
        C:/Program Files/Go/src/net/http/transport.go:1436 +0x16b

goroutine 1694 [select, 10 minutes]:
google.golang.org/grpc/internal/transport.(*Stream).waitOnHeader(0xc0013e1d40)
        C:/Users/Andres/go/pkg/mod/google.golang.org/grpc@v1.60.1/internal/transport/transport.go:329 +0x114
google.golang.org/grpc/internal/transport.(*Stream).RecvCompress(...)
        C:/Users/Andres/go/pkg/mod/google.golang.org/grpc@v1.60.1/internal/transport/transport.go:344
google.golang.org/grpc.(*csAttempt).recvMsg(0xc0017329c0, {0x1413c38e0?, 0xc0017036c0}, 0x0)
        C:/Users/Andres/go/pkg/mod/google.golang.org/grpc@v1.60.1/stream.go:1070 +0x16f
google.golang.org/grpc.(*clientStream).RecvMsg.func1(0xc0013e1bb4?)
        C:/Users/Andres/go/pkg/mod/google.golang.org/grpc@v1.60.1/stream.go:927 +0x51
google.golang.org/grpc.(*clientStream).withRetry(0xc0013e1b00, 0xc0011a7dd8, 0xc0011a7dc8)
        C:/Users/Andres/go/pkg/mod/google.golang.org/grpc@v1.60.1/stream.go:760 +0x466
google.golang.org/grpc.(*clientStream).RecvMsg(0xc0013e1b00, {0x1413c38e0?, 0xc0017036c0})
        C:/Users/Andres/go/pkg/mod/google.golang.org/grpc@v1.60.1/stream.go:926 +0x1f6
github.com/andrescosta/jobico/pkg/grpchelper.Listen[...]({0x1416a7f20, 0x141eed400}, {0x486542c8, 0xc00170d640}, 0x1416acb18)
        C:/Users/Andres/projects/go/jobico/pkg/grpchelper/recv.go:65 +0x1aa
github.com/andrescosta/goico/pkg/service/grpc/cache.(*CacheServiceClient).startListenerForEvents.func1()
        C:/Users/Andres/projects/go/goico/pkg/service/grpc/cache/service.go:117 +0x79
created by github.com/andrescosta/goico/pkg/service/grpc/cache.(*CacheServiceClient).startListenerForEvents in goroutine 24
        C:/Users/Andres/projects/go/goico/pkg/service/grpc/cache/service.go:116 +0x249

goroutine 3581 [select, 9 minutes]:
google.golang.org/grpc/test/bufconn.(*Listener).DialContext(0xc000596400, {0x1416a7f20, 0x141eed400})
        C:/Users/Andres/go/pkg/mod/google.golang.org/grpc@v1.60.1/test/bufconn/bufconn.go:98 +0x265
github.com/andrescosta/goico/pkg/service.(*BufConn).Tranport.func1({0x140078d39?, 0x14007cdf1?}, {0x14007ce29?, 0xc002893618?}, {0x1401a6125?, 0x0?})
        C:/Users/Andres/projects/go/goico/pkg/service/conn.go:119 +0x3d
net/http.(*Transport).dial(0xc00288a000, {0x1416a81c0, 0xc001cd0930}, {0x14147e8e2, 0x3}, {0xc001cc3236, 0xa})
        C:/Program Files/Go/src/net/http/transport.go:1183 +0xf0
net/http.(*Transport).dialConn(0xc00288a000, {0x1416a81c0, 0xc001cd0930}, {{}, 0x0, {0xc001c76a80, 0x4}, {0xc001cc3236, 0xa}, 0x0})
        C:/Program Files/Go/src/net/http/transport.go:1625 +0xdc5
net/http.(*Transport).dialConnFor(0xaad100?, 0xc0002e1ce0)
        C:/Program Files/Go/src/net/http/transport.go:1467 +0x12a
created by net/http.(*Transport).queueForDial in goroutine 1707
        C:/Program Files/Go/src/net/http/transport.go:1436 +0x16b

goroutine 3559 [select, 9 minutes]:
google.golang.org/grpc/test/bufconn.(*Listener).DialContext(0xc000596400, {0x1416a7f20, 0x141eed400})
        C:/Users/Andres/go/pkg/mod/google.golang.org/grpc@v1.60.1/test/bufconn/bufconn.go:98 +0x265
github.com/andrescosta/goico/pkg/service.(*BufConn).Tranport.func1({0x140078d39?, 0x14007cdf1?}, {0x14007ce29?, 0xc002907618?}, {0x1401a6125?, 0x0?})
        C:/Users/Andres/projects/go/goico/pkg/service/conn.go:119 +0x3d
net/http.(*Transport).dial(0xc0020a5180, {0x1416a81c0, 0xc00258e460}, {0x14147e8e2, 0x3}, {0xc001bbbe16, 0xa})
        C:/Program Files/Go/src/net/http/transport.go:1183 +0xf0
net/http.(*Transport).dialConn(0xc0020a5180, {0x1416a81c0, 0xc00258e460}, {{}, 0x0, {0xc002592300, 0x4}, {0xc001bbbe16, 0xa}, 0x0})
        C:/Program Files/Go/src/net/http/transport.go:1625 +0xdc5
net/http.(*Transport).dialConnFor(0xac3300?, 0xc000015290)
        C:/Program Files/Go/src/net/http/transport.go:1467 +0x12a
created by net/http.(*Transport).queueForDial in goroutine 1707
        C:/Program Files/Go/src/net/http/transport.go:1436 +0x16b

goroutine 2248 [select, 10 minutes]:
google.golang.org/grpc/test/bufconn.(*Listener).DialContext(0xc000596400, {0x1416a7f20, 0x141eed400})
        C:/Users/Andres/go/pkg/mod/google.golang.org/grpc@v1.60.1/test/bufconn/bufconn.go:98 +0x265
github.com/andrescosta/goico/pkg/service.(*BufConn).Tranport.func1({0x140078d39?, 0x14007cdf1?}, {0x14007ce29?, 0xc001ef9618?}, {0x1401a6125?, 0x0?})
        C:/Users/Andres/projects/go/goico/pkg/service/conn.go:119 +0x3d
net/http.(*Transport).dial(0xc001803a40, {0x1416a81c0, 0xc000482690}, {0x14147e8e2, 0x3}, {0xc001bb9c06, 0xa})
        C:/Program Files/Go/src/net/http/transport.go:1183 +0xf0
net/http.(*Transport).dialConn(0xc001803a40, {0x1416a81c0, 0xc000482690}, {{}, 0x0, {0xc0002e48e8, 0x4}, {0xc001bb9c06, 0xa}, 0x0})
        C:/Program Files/Go/src/net/http/transport.go:1625 +0xdc5
net/http.(*Transport).dialConnFor(0xc0014c21a0?, 0xc000e924d0)
        C:/Program Files/Go/src/net/http/transport.go:1467 +0x12a
created by net/http.(*Transport).queueForDial in goroutine 1707
        C:/Program Files/Go/src/net/http/transport.go:1436 +0x16b

goroutine 1864 [select, 10 minutes]:
google.golang.org/grpc/test/bufconn.(*Listener).DialContext(0xc000596400, {0x1416a7f20, 0x141eed400})
        C:/Users/Andres/go/pkg/mod/google.golang.org/grpc@v1.60.1/test/bufconn/bufconn.go:98 +0x265
github.com/andrescosta/goico/pkg/service.(*BufConn).Tranport.func1({0x140078d39?, 0x14007cdf1?}, {0x14007ce29?, 0xc000789618?}, {0x1401a6125?, 0x0?})
        C:/Users/Andres/projects/go/goico/pkg/service/conn.go:119 +0x3d
net/http.(*Transport).dial(0xc001802140, {0x1416a81c0, 0xc0016cc0e0}, {0x14147e8e2, 0x3}, {0xc001bb8546, 0xa})
        C:/Program Files/Go/src/net/http/transport.go:1183 +0xf0
net/http.(*Transport).dialConn(0xc001802140, {0x1416a81c0, 0xc0016cc0e0}, {{}, 0x0, {0xc0002e40f0, 0x4}, {0xc001bb8546, 0xa}, 0x0})
        C:/Program Files/Go/src/net/http/transport.go:1625 +0xdc5
net/http.(*Transport).dialConnFor(0xa94200?, 0xc000e922c0)
        C:/Program Files/Go/src/net/http/transport.go:1467 +0x12a
created by net/http.(*Transport).queueForDial in goroutine 1707
        C:/Program Files/Go/src/net/http/transport.go:1436 +0x16b

goroutine 1926 [select, 9 minutes]:
google.golang.org/grpc/internal/grpcsync.(*CallbackSerializer).run(0xc0017e4720, {0x1416a8150, 0xc001bb0f00})
        C:/Users/Andres/go/pkg/mod/google.golang.org/grpc@v1.60.1/internal/grpcsync/callback_serializer.go:76 +0x1e9
created by google.golang.org/grpc/internal/grpcsync.NewCallbackSerializer in goroutine 1923
        C:/Users/Andres/go/pkg/mod/google.golang.org/grpc@v1.60.1/internal/grpcsync/callback_serializer.go:52 +0x20e

goroutine 1927 [select, 9 minutes]:
google.golang.org/grpc/internal/grpcsync.(*CallbackSerializer).run(0xc0017e4750, {0x1416a8150, 0xc001bb0f50})
        C:/Users/Andres/go/pkg/mod/google.golang.org/grpc@v1.60.1/internal/grpcsync/callback_serializer.go:76 +0x1e9
created by google.golang.org/grpc/internal/grpcsync.NewCallbackSerializer in goroutine 1923
        C:/Users/Andres/go/pkg/mod/google.golang.org/grpc@v1.60.1/internal/grpcsync/callback_serializer.go:52 +0x20e

goroutine 3468 [select, 9 minutes]:
google.golang.org/grpc/test/bufconn.(*Listener).DialContext(0xc000596400, {0x1416a7f20, 0x141eed400})
        C:/Users/Andres/go/pkg/mod/google.golang.org/grpc@v1.60.1/test/bufconn/bufconn.go:98 +0x265
github.com/andrescosta/goico/pkg/service.(*BufConn).Tranport.func1({0x140078d39?, 0x14007cdf1?}, {0x14007ce29?, 0xc0016c3618?}, {0x1401a6125?, 0x0?})
        C:/Users/Andres/projects/go/goico/pkg/service/conn.go:119 +0x3d
net/http.(*Transport).dial(0xc0020a4dc0, {0x1416a81c0, 0xc00258e2a0}, {0x14147e8e2, 0x3}, {0xc001bbbad6, 0xa})
        C:/Program Files/Go/src/net/http/transport.go:1183 +0xf0
net/http.(*Transport).dialConn(0xc0020a4dc0, {0x1416a81c0, 0xc00258e2a0}, {{}, 0x0, {0xc002592150, 0x4}, {0xc001bbbad6, 0xa}, 0x0})
        C:/Program Files/Go/src/net/http/transport.go:1625 +0xdc5
net/http.(*Transport).dialConnFor(0xc0017901a0?, 0xc0000151e0)
        C:/Program Files/Go/src/net/http/transport.go:1467 +0x12a
created by net/http.(*Transport).queueForDial in goroutine 1707
        C:/Program Files/Go/src/net/http/transport.go:1436 +0x16b

goroutine 3213 [select, 9 minutes]:
google.golang.org/grpc/test/bufconn.(*Listener).DialContext(0xc00051c520, {0x1416a7f20, 0x141eed400})
        C:/Users/Andres/go/pkg/mod/google.golang.org/grpc@v1.60.1/test/bufconn/bufconn.go:98 +0x265
github.com/andrescosta/goico/pkg/service.(*BufConn).Tranport.func1({0x140078d39?, 0x14007cdf1?}, {0x14007ce29?, 0xc001b07618?}, {0x1401a6125?, 0x0?})
        C:/Users/Andres/projects/go/goico/pkg/service/conn.go:119 +0x3d
net/http.(*Transport).dial(0xc0008a5540, {0x1416a81c0, 0xc00157a4d0}, {0x14147e8e2, 0x3}, {0xc001d94256, 0xa})
        C:/Program Files/Go/src/net/http/transport.go:1183 +0xf0
net/http.(*Transport).dialConn(0xc0008a5540, {0x1416a81c0, 0xc00157a4d0}, {{}, 0x0, {0xc0006c85e8, 0x4}, {0xc001d94256, 0xa}, 0x0})
        C:/Program Files/Go/src/net/http/transport.go:1625 +0xdc5
net/http.(*Transport).dialConnFor(0xc0017901a0?, 0xc00058cbb0)
        C:/Program Files/Go/src/net/http/transport.go:1467 +0x12a
created by net/http.(*Transport).queueForDial in goroutine 1924
        C:/Program Files/Go/src/net/http/transport.go:1436 +0x16b

goroutine 103219 [select, 1 minutes]:
google.golang.org/grpc/test/bufconn.(*Listener).DialContext(0xc00070e5c0, {0x1416a8118, 0xc00022f830})
        C:/Users/Andres/go/pkg/mod/google.golang.org/grpc@v1.60.1/test/bufconn/bufconn.go:98 +0x265
github.com/andrescosta/goico/pkg/service.(*BufConn).Dial.func1({0x1416a8118, 0xc00022f830}, {0xc0011c7eb0?, 0x1ffffffff?})
        C:/Users/Andres/projects/go/goico/pkg/service/conn.go:94 +0x3f
google.golang.org/grpc/internal/transport.dial({0x1416a8118, 0xc00022f830}, 0xc00185b080, {{0xc000042def, 0x7}, {0xc000042def, 0x7}, 0x0, 0x0, {0x0, ...}}, ...)
        C:/Users/Andres/go/pkg/mod/google.golang.org/grpc@v1.60.1/internal/transport/http2_client.go:172 +0x2f1
google.golang.org/grpc/internal/transport.newHTTP2Client({_, _}, {_, _}, {{0xc000042def, 0x7}, {0xc000042def, 0x7}, 0x0, 0x0, ...}, ...)
        C:/Users/Andres/go/pkg/mod/google.golang.org/grpc@v1.60.1/internal/transport/http2_client.go:217 +0x1c5
google.golang.org/grpc/internal/transport.NewClientTransport(...)
        C:/Users/Andres/go/pkg/mod/google.golang.org/grpc@v1.60.1/internal/transport/transport.go:615
google.golang.org/grpc.(*addrConn).createTransport(_, {_, _}, {{0xc000042def, 0x7}, {0xc000042def, 0x7}, 0x0, 0x0, {0x0, ...}}, ...)
        C:/Users/Andres/go/pkg/mod/google.golang.org/grpc@v1.60.1/clientconn.go:1393 +0x4d6
google.golang.org/grpc.(*addrConn).tryAllAddrs(0xc0015ff600, {0x1416a8150, 0xc001cc8140}, {0xc001820fc0, 0x1, 0x1416a8101?}, {0x14000af72?, 0xffffffff?, 0x141e969a0?})
        C:/Users/Andres/go/pkg/mod/google.golang.org/grpc@v1.60.1/clientconn.go:1340 +0x5a8
google.golang.org/grpc.(*addrConn).resetTransport(0xc0015ff600)
        C:/Users/Andres/go/pkg/mod/google.golang.org/grpc@v1.60.1/clientconn.go:1275 +0x23e
google.golang.org/grpc.(*addrConn).connect(0xc0015ff600)
        C:/Users/Andres/go/pkg/mod/google.golang.org/grpc@v1.60.1/clientconn.go:930 +0x235
created by google.golang.org/grpc.(*acBalancerWrapper).Connect in goroutine 1711
        C:/Users/Andres/go/pkg/mod/google.golang.org/grpc@v1.60.1/balancer_wrapper.go:315 +0xa7

goroutine 2140 [select, 10 minutes]:
google.golang.org/grpc/test/bufconn.(*Listener).DialContext(0xc000596400, {0x1416a7f20, 0x141eed400})
        C:/Users/Andres/go/pkg/mod/google.golang.org/grpc@v1.60.1/test/bufconn/bufconn.go:98 +0x265
github.com/andrescosta/goico/pkg/service.(*BufConn).Tranport.func1({0x140078d39?, 0x14007cdf1?}, {0x14007ce29?, 0xc00121f618?}, {0x1401a6125?, 0x0?})
        C:/Users/Andres/projects/go/goico/pkg/service/conn.go:119 +0x3d
net/http.(*Transport).dial(0xc001803180, {0x1416a81c0, 0xc0016cdce0}, {0x14147e8e2, 0x3}, {0xc001bb9576, 0xa})
        C:/Program Files/Go/src/net/http/transport.go:1183 +0xf0
net/http.(*Transport).dialConn(0xc001803180, {0x1416a81c0, 0xc0016cdce0}, {{}, 0x0, {0xc0002e46c0, 0x4}, {0xc001bb9576, 0xa}, 0x0})
        C:/Program Files/Go/src/net/http/transport.go:1625 +0xdc5
net/http.(*Transport).dialConnFor(0xaa4a00?, 0xc000e92420)
        C:/Program Files/Go/src/net/http/transport.go:1467 +0x12a
created by net/http.(*Transport).queueForDial in goroutine 1707
        C:/Program Files/Go/src/net/http/transport.go:1436 +0x16b

goroutine 3146 [select, 9 minutes]:
google.golang.org/grpc/test/bufconn.(*Listener).DialContext(0xc000596400, {0x1416a7f20, 0x141eed400})
        C:/Users/Andres/go/pkg/mod/google.golang.org/grpc@v1.60.1/test/bufconn/bufconn.go:98 +0x265
github.com/andrescosta/goico/pkg/service.(*BufConn).Tranport.func1({0x140078d39?, 0x14007cdf1?}, {0x14007ce29?, 0xc00025b618?}, {0x1401a6125?, 0x0?})
        C:/Users/Andres/projects/go/goico/pkg/service/conn.go:119 +0x3d
net/http.(*Transport).dial(0xc001934b40, {0x1416a81c0, 0xc0016cdea0}, {0x14147e8e2, 0x3}, {0xc0007034b6, 0xa})
        C:/Program Files/Go/src/net/http/transport.go:1183 +0xf0
net/http.(*Transport).dialConn(0xc001934b40, {0x1416a81c0, 0xc0016cdea0}, {{}, 0x0, {0xc001a787c8, 0x4}, {0xc0007034b6, 0xa}, 0x0})
        C:/Program Files/Go/src/net/http/transport.go:1625 +0xdc5
net/http.(*Transport).dialConnFor(0xc0017901a0?, 0xc001a7a160)
        C:/Program Files/Go/src/net/http/transport.go:1467 +0x12a
created by net/http.(*Transport).queueForDial in goroutine 1707
        C:/Program Files/Go/src/net/http/transport.go:1436 +0x16b

goroutine 2913 [select, 9 minutes]:
google.golang.org/grpc/test/bufconn.(*Listener).DialContext(0xc000596400, {0x1416a7f20, 0x141eed400})
        C:/Users/Andres/go/pkg/mod/google.golang.org/grpc@v1.60.1/test/bufconn/bufconn.go:98 +0x265
github.com/andrescosta/goico/pkg/service.(*BufConn).Tranport.func1({0x140078d39?, 0x14007cdf1?}, {0x14007ce29?, 0xc001d8f618?}, {0x1401a6125?, 0x0?})
        C:/Users/Andres/projects/go/goico/pkg/service/conn.go:119 +0x3d
net/http.(*Transport).dial(0xc0003c5e00, {0x1416a81c0, 0xc000db1960}, {0x14147e8e2, 0x3}, {0xc001976cb6, 0xa})
        C:/Program Files/Go/src/net/http/transport.go:1183 +0xf0
net/http.(*Transport).dialConn(0xc0003c5e00, {0x1416a81c0, 0xc000db1960}, {{}, 0x0, {0xc0000d9db8, 0x4}, {0xc001976cb6, 0xa}, 0x0})
        C:/Program Files/Go/src/net/http/transport.go:1625 +0xdc5
net/http.(*Transport).dialConnFor(0xaace00?, 0xc000e93130)
        C:/Program Files/Go/src/net/http/transport.go:1467 +0x12a
created by net/http.(*Transport).queueForDial in goroutine 1707
        C:/Program Files/Go/src/net/http/transport.go:1436 +0x16b

goroutine 3342 [select, 9 minutes]:
google.golang.org/grpc/test/bufconn.(*Listener).DialContext(0xc00051c520, {0x1416a7f20, 0x141eed400})
        C:/Users/Andres/go/pkg/mod/google.golang.org/grpc@v1.60.1/test/bufconn/bufconn.go:98 +0x265
github.com/andrescosta/goico/pkg/service.(*BufConn).Tranport.func1({0x140078d39?, 0x14007cdf1?}, {0x14007ce29?, 0xc000a53618?}, {0x1401a6125?, 0x0?})
        C:/Users/Andres/projects/go/goico/pkg/service/conn.go:119 +0x3d
net/http.(*Transport).dial(0xc0020a4780, {0x1416a81c0, 0xc00223de30}, {0x14147e8e2, 0x3}, {0xc001bbb486, 0xa})
        C:/Program Files/Go/src/net/http/transport.go:1183 +0xf0
net/http.(*Transport).dialConn(0xc0020a4780, {0x1416a81c0, 0xc00223de30}, {{}, 0x0, {0xc00068fec0, 0x4}, {0xc001bbb486, 0xa}, 0x0})
        C:/Program Files/Go/src/net/http/transport.go:1625 +0xdc5
net/http.(*Transport).dialConnFor(0xc0003691e0?, 0xc000015080)
        C:/Program Files/Go/src/net/http/transport.go:1467 +0x12a
created by net/http.(*Transport).queueForDial in goroutine 1924
        C:/Program Files/Go/src/net/http/transport.go:1436 +0x16b

goroutine 3656 [select]:
google.golang.org/grpc/internal/grpcsync.(*CallbackSerializer).run(0xc001987c20, {0x1416a8150, 0xc002310b40})
        C:/Users/Andres/go/pkg/mod/google.golang.org/grpc@v1.60.1/internal/grpcsync/callback_serializer.go:76 +0x1e9
created by google.golang.org/grpc/internal/grpcsync.NewCallbackSerializer in goroutine 3536
        C:/Users/Andres/go/pkg/mod/google.golang.org/grpc@v1.60.1/internal/grpcsync/callback_serializer.go:52 +0x20e

goroutine 3159 [select, 9 minutes]:
google.golang.org/grpc/test/bufconn.(*Listener).DialContext(0xc000596400, {0x1416a7f20, 0x141eed400})
        C:/Users/Andres/go/pkg/mod/google.golang.org/grpc@v1.60.1/test/bufconn/bufconn.go:98 +0x265
github.com/andrescosta/goico/pkg/service.(*BufConn).Tranport.func1({0x140078d39?, 0x14007cdf1?}, {0x14007ce29?, 0xc000ca7618?}, {0x1401a6125?, 0x0?})
        C:/Users/Andres/projects/go/goico/pkg/service/conn.go:119 +0x3d
net/http.(*Transport).dial(0xc001c2fe00, {0x1416a81c0, 0xc00023f730}, {0x14147e8e2, 0x3}, {0xc0003880b6, 0xa})
        C:/Program Files/Go/src/net/http/transport.go:1183 +0xf0
net/http.(*Transport).dialConn(0xc001c2fe00, {0x1416a81c0, 0xc00023f730}, {{}, 0x0, {0xc001e0c738, 0x4}, {0xc0003880b6, 0xa}, 0x0})
        C:/Program Files/Go/src/net/http/transport.go:1625 +0xdc5
net/http.(*Transport).dialConnFor(0xc001ff6ea0?, 0xc000f21130)
        C:/Program Files/Go/src/net/http/transport.go:1467 +0x12a
created by net/http.(*Transport).queueForDial in goroutine 1707
        C:/Program Files/Go/src/net/http/transport.go:1436 +0x16b

goroutine 1936 [select, 10 minutes]:
google.golang.org/grpc/internal/grpcsync.(*CallbackSerializer).run(0xc0017e50a0, {0x1416a8150, 0xc001bb1450})
        C:/Users/Andres/go/pkg/mod/google.golang.org/grpc@v1.60.1/internal/grpcsync/callback_serializer.go:76 +0x1e9
created by google.golang.org/grpc/internal/grpcsync.NewCallbackSerializer in goroutine 1923
        C:/Users/Andres/go/pkg/mod/google.golang.org/grpc@v1.60.1/internal/grpcsync/callback_serializer.go:52 +0x20e

goroutine 102538 [select]:
google.golang.org/grpc.(*addrConn).resetTransport(0xc001d14840)
        C:/Users/Andres/go/pkg/mod/google.golang.org/grpc@v1.60.1/clientconn.go:1292 +0x3ef
google.golang.org/grpc.(*addrConn).connect(0xc001d14840)
        C:/Users/Andres/go/pkg/mod/google.golang.org/grpc@v1.60.1/clientconn.go:930 +0x235
created by google.golang.org/grpc.(*acBalancerWrapper).Connect in goroutine 2114
        C:/Users/Andres/go/pkg/mod/google.golang.org/grpc@v1.60.1/balancer_wrapper.go:315 +0xa7

goroutine 3388 [select, 9 minutes]:
google.golang.org/grpc/test/bufconn.(*Listener).DialContext(0xc000596400, {0x1416a7f20, 0x141eed400})
        C:/Users/Andres/go/pkg/mod/google.golang.org/grpc@v1.60.1/test/bufconn/bufconn.go:98 +0x265
github.com/andrescosta/goico/pkg/service.(*BufConn).Tranport.func1({0x140078d39?, 0x14007cdf1?}, {0x14007ce29?, 0xc0022a9618?}, {0x1401a6125?, 0x0?})
        C:/Users/Andres/projects/go/goico/pkg/service/conn.go:119 +0x3d
net/http.(*Transport).dial(0xc0023b0000, {0x1416a81c0, 0xc001a573b0}, {0x14147e8e2, 0x3}, {0xc00191fe26, 0xa})
        C:/Program Files/Go/src/net/http/transport.go:1183 +0xf0
net/http.(*Transport).dialConn(0xc0023b0000, {0x1416a81c0, 0xc001a573b0}, {{}, 0x0, {0xc001e113b0, 0x4}, {0xc00191fe26, 0xa}, 0x0})
        C:/Program Files/Go/src/net/http/transport.go:1625 +0xdc5
net/http.(*Transport).dialConnFor(0xa91800?, 0xc001cbf1e0)
        C:/Program Files/Go/src/net/http/transport.go:1467 +0x12a
created by net/http.(*Transport).queueForDial in goroutine 1707
        C:/Program Files/Go/src/net/http/transport.go:1436 +0x16b

goroutine 1937 [select]:
google.golang.org/grpc/internal/grpcsync.(*CallbackSerializer).run(0xc0017e50d0, {0x1416a8150, 0xc001bb14a0})
        C:/Users/Andres/go/pkg/mod/google.golang.org/grpc@v1.60.1/internal/grpcsync/callback_serializer.go:76 +0x1e9
created by google.golang.org/grpc/internal/grpcsync.NewCallbackSerializer in goroutine 1923
        C:/Users/Andres/go/pkg/mod/google.golang.org/grpc@v1.60.1/internal/grpcsync/callback_serializer.go:52 +0x20e

goroutine 2114 [select]:
google.golang.org/grpc/internal/grpcsync.(*CallbackSerializer).run(0xc0017e5100, {0x1416a8150, 0xc001bb14f0})
        C:/Users/Andres/go/pkg/mod/google.golang.org/grpc@v1.60.1/internal/grpcsync/callback_serializer.go:76 +0x1e9
created by google.golang.org/grpc/internal/grpcsync.NewCallbackSerializer in goroutine 1923
        C:/Users/Andres/go/pkg/mod/google.golang.org/grpc@v1.60.1/internal/grpcsync/callback_serializer.go:52 +0x20e

goroutine 3005 [select, 9 minutes]:
google.golang.org/grpc/test/bufconn.(*Listener).DialContext(0xc000596400, {0x1416a7f20, 0x141eed400})
        C:/Users/Andres/go/pkg/mod/google.golang.org/grpc@v1.60.1/test/bufconn/bufconn.go:98 +0x265
github.com/andrescosta/goico/pkg/service.(*BufConn).Tranport.func1({0x140078d39?, 0x14007cdf1?}, {0x14007ce29?, 0xc0022ad618?}, {0x1401a6125?, 0x0?})
        C:/Users/Andres/projects/go/goico/pkg/service/conn.go:119 +0x3d
net/http.(*Transport).dial(0xc00185e640, {0x1416a81c0, 0xc0013822a0}, {0x14147e8e2, 0x3}, {0xc001977406, 0xa})
        C:/Program Files/Go/src/net/http/transport.go:1183 +0xf0
net/http.(*Transport).dialConn(0xc00185e640, {0x1416a81c0, 0xc0013822a0}, {{}, 0x0, {0xc000612030, 0x4}, {0xc001977406, 0xa}, 0x0})
        C:/Program Files/Go/src/net/http/transport.go:1625 +0xdc5
net/http.(*Transport).dialConnFor(0xc001a9a4e0?, 0xc000e93290)
        C:/Program Files/Go/src/net/http/transport.go:1467 +0x12a
created by net/http.(*Transport).queueForDial in goroutine 1707
        C:/Program Files/Go/src/net/http/transport.go:1436 +0x16b

goroutine 2124 [select, 10 minutes]:
google.golang.org/grpc/internal/grpcsync.(*CallbackSerializer).run(0xc0017e5fa0, {0x1416a8150, 0xc001bb1a40})
        C:/Users/Andres/go/pkg/mod/google.golang.org/grpc@v1.60.1/internal/grpcsync/callback_serializer.go:76 +0x1e9
created by google.golang.org/grpc/internal/grpcsync.NewCallbackSerializer in goroutine 1923
        C:/Users/Andres/go/pkg/mod/google.golang.org/grpc@v1.60.1/internal/grpcsync/callback_serializer.go:52 +0x20e

goroutine 3336 [select, 9 minutes]:
google.golang.org/grpc/test/bufconn.(*Listener).DialContext(0xc000596400, {0x1416a7f20, 0x141eed400})
        C:/Users/Andres/go/pkg/mod/google.golang.org/grpc@v1.60.1/test/bufconn/bufconn.go:98 +0x265
github.com/andrescosta/goico/pkg/service.(*BufConn).Tranport.func1({0x140078d39?, 0x14007cdf1?}, {0x14007ce29?, 0xc001dab618?}, {0x1401a6125?, 0x0?})
        C:/Users/Andres/projects/go/goico/pkg/service/conn.go:119 +0x3d
net/http.(*Transport).dial(0xc0020a4280, {0x1416a81c0, 0xc00223db90}, {0x14147e8e2, 0x3}, {0xc001bbb036, 0xa})
        C:/Program Files/Go/src/net/http/transport.go:1183 +0xf0
net/http.(*Transport).dialConn(0xc0020a4280, {0x1416a81c0, 0xc00223db90}, {{}, 0x0, {0xc00068fd40, 0x4}, {0xc001bbb036, 0xa}, 0x0})
        C:/Program Files/Go/src/net/http/transport.go:1625 +0xdc5
net/http.(*Transport).dialConnFor(0xc0017901a0?, 0xc000014fd0)
        C:/Program Files/Go/src/net/http/transport.go:1467 +0x12a
created by net/http.(*Transport).queueForDial in goroutine 1707
        C:/Program Files/Go/src/net/http/transport.go:1436 +0x16b

goroutine 2695 [select, 9 minutes]:
google.golang.org/grpc/test/bufconn.(*Listener).DialContext(0xc000596400, {0x1416a7f20, 0x141eed400})
        C:/Users/Andres/go/pkg/mod/google.golang.org/grpc@v1.60.1/test/bufconn/bufconn.go:98 +0x265
github.com/andrescosta/goico/pkg/service.(*BufConn).Tranport.func1({0x140078d39?, 0x14007cdf1?}, {0x14007ce29?, 0xc001d3b618?}, {0x1401a6125?, 0x0?})
        C:/Users/Andres/projects/go/goico/pkg/service/conn.go:119 +0x3d
net/http.(*Transport).dial(0xc000022f00, {0x1416a81c0, 0xc000251ab0}, {0x14147e8e2, 0x3}, {0xc002762e16, 0xa})
        C:/Program Files/Go/src/net/http/transport.go:1183 +0xf0
net/http.(*Transport).dialConn(0xc000022f00, {0x1416a81c0, 0xc000251ab0}, {{}, 0x0, {0xc0000d8cc0, 0x4}, {0xc002762e16, 0xa}, 0x0})
        C:/Program Files/Go/src/net/http/transport.go:1625 +0xdc5
net/http.(*Transport).dialConnFor(0xc0017ce960?, 0xc0013e3970)
        C:/Program Files/Go/src/net/http/transport.go:1467 +0x12a
created by net/http.(*Transport).queueForDial in goroutine 1707
        C:/Program Files/Go/src/net/http/transport.go:1436 +0x16b

goroutine 2474 [select, 9 minutes]:
google.golang.org/grpc/test/bufconn.(*Listener).DialContext(0xc000596400, {0x1416a7f20, 0x141eed400})
        C:/Users/Andres/go/pkg/mod/google.golang.org/grpc@v1.60.1/test/bufconn/bufconn.go:98 +0x265
github.com/andrescosta/goico/pkg/service.(*BufConn).Tranport.func1({0x140078d39?, 0x14007cdf1?}, {0x14007ce29?, 0xc002287618?}, {0x1401a6125?, 0x0?})
        C:/Users/Andres/projects/go/goico/pkg/service/conn.go:119 +0x3d
net/http.(*Transport).dial(0xc0013d9e00, {0x1416a81c0, 0xc0003c9ab0}, {0x14147e8e2, 0x3}, {0xc002358a06, 0xa})
        C:/Program Files/Go/src/net/http/transport.go:1183 +0xf0
net/http.(*Transport).dialConn(0xc0013d9e00, {0x1416a81c0, 0xc0003c9ab0}, {{}, 0x0, {0xc000517f80, 0x4}, {0xc002358a06, 0xa}, 0x0})
        C:/Program Files/Go/src/net/http/transport.go:1625 +0xdc5
net/http.(*Transport).dialConnFor(0xab1600?, 0xc0002e1810)
        C:/Program Files/Go/src/net/http/transport.go:1467 +0x12a
created by net/http.(*Transport).queueForDial in goroutine 1707
        C:/Program Files/Go/src/net/http/transport.go:1436 +0x16b

goroutine 3618 [select, 9 minutes]:
google.golang.org/grpc/test/bufconn.(*Listener).DialContext(0xc000596400, {0x1416a7f20, 0x141eed400})
        C:/Users/Andres/go/pkg/mod/google.golang.org/grpc@v1.60.1/test/bufconn/bufconn.go:98 +0x265
github.com/andrescosta/goico/pkg/service.(*BufConn).Tranport.func1({0x140078d39?, 0x14007cdf1?}, {0x14007ce29?, 0xc000cab618?}, {0x1401a6125?, 0x0?})
        C:/Users/Andres/projects/go/goico/pkg/service/conn.go:119 +0x3d
net/http.(*Transport).dial(0xc00246f680, {0x1416a81c0, 0xc00176b260}, {0x14147e8e2, 0x3}, {0xc00283a966, 0xa})
        C:/Program Files/Go/src/net/http/transport.go:1183 +0xf0
net/http.(*Transport).dialConn(0xc00246f680, {0x1416a81c0, 0xc00176b260}, {{}, 0x0, {0xc000613fe0, 0x4}, {0xc00283a966, 0xa}, 0x0})
        C:/Program Files/Go/src/net/http/transport.go:1625 +0xdc5
net/http.(*Transport).dialConnFor(0xc0003691e0?, 0xc000e93760)
        C:/Program Files/Go/src/net/http/transport.go:1467 +0x12a
created by net/http.(*Transport).queueForDial in goroutine 1707
        C:/Program Files/Go/src/net/http/transport.go:1436 +0x16b

goroutine 3533 [select, 9 minutes]:
google.golang.org/grpc/test/bufconn.(*Listener).DialContext(0xc00051c520, {0x1416a7f20, 0x141eed400})
        C:/Users/Andres/go/pkg/mod/google.golang.org/grpc@v1.60.1/test/bufconn/bufconn.go:98 +0x265
github.com/andrescosta/goico/pkg/service.(*BufConn).Tranport.func1({0x140078d39?, 0x14007cdf1?}, {0x14007ce29?, 0xc0006a7618?}, {0x1401a6125?, 0x0?})
        C:/Users/Andres/projects/go/goico/pkg/service/conn.go:119 +0x3d
net/http.(*Transport).dial(0xc0027ba140, {0x1416a81c0, 0xc0020151f0}, {0x14147e8e2, 0x3}, {0xc002019af6, 0xa})
        C:/Program Files/Go/src/net/http/transport.go:1183 +0xf0
net/http.(*Transport).dialConn(0xc0027ba140, {0x1416a81c0, 0xc0020151f0}, {{}, 0x0, {0xc00201ac00, 0x4}, {0xc002019af6, 0xa}, 0x0})
        C:/Program Files/Go/src/net/http/transport.go:1625 +0xdc5
net/http.(*Transport).dialConnFor(0xa90300?, 0xc000b9ee70)
        C:/Program Files/Go/src/net/http/transport.go:1467 +0x12a
created by net/http.(*Transport).queueForDial in goroutine 1924
        C:/Program Files/Go/src/net/http/transport.go:1436 +0x16b

goroutine 2125 [select, 9 minutes]:
google.golang.org/grpc/internal/grpcsync.(*CallbackSerializer).run(0xc0017e5fd0, {0x1416a8150, 0xc001bb1a90})
        C:/Users/Andres/go/pkg/mod/google.golang.org/grpc@v1.60.1/internal/grpcsync/callback_serializer.go:76 +0x1e9
created by google.golang.org/grpc/internal/grpcsync.NewCallbackSerializer in goroutine 1923
        C:/Users/Andres/go/pkg/mod/google.golang.org/grpc@v1.60.1/internal/grpcsync/callback_serializer.go:52 +0x20e

goroutine 2126 [select, 9 minutes]:
google.golang.org/grpc/internal/grpcsync.(*CallbackSerializer).run(0xc000050010, {0x1416a8150, 0xc001bb1ae0})
        C:/Users/Andres/go/pkg/mod/google.golang.org/grpc@v1.60.1/internal/grpcsync/callback_serializer.go:76 +0x1e9
created by google.golang.org/grpc/internal/grpcsync.NewCallbackSerializer in goroutine 1923
        C:/Users/Andres/go/pkg/mod/google.golang.org/grpc@v1.60.1/internal/grpcsync/callback_serializer.go:52 +0x20e

goroutine 3595 [select, 9 minutes]:
google.golang.org/grpc/test/bufconn.(*Listener).DialContext(0xc000596400, {0x1416a7f20, 0x141eed400})
        C:/Users/Andres/go/pkg/mod/google.golang.org/grpc@v1.60.1/test/bufconn/bufconn.go:98 +0x265
github.com/andrescosta/goico/pkg/service.(*BufConn).Tranport.func1({0x140078d39?, 0x14007cdf1?}, {0x14007ce29?, 0xc002857618?}, {0x1401a6125?, 0x0?})
        C:/Users/Andres/projects/go/goico/pkg/service/conn.go:119 +0x3d
net/http.(*Transport).dial(0xc00246f2c0, {0x1416a81c0, 0xc00176b0a0}, {0x14147e8e2, 0x3}, {0xc00283a766, 0xa})
        C:/Program Files/Go/src/net/http/transport.go:1183 +0xf0
net/http.(*Transport).dialConn(0xc00246f2c0, {0x1416a81c0, 0xc00176b0a0}, {{}, 0x0, {0xc000613f38, 0x4}, {0xc00283a766, 0xa}, 0x0})
        C:/Program Files/Go/src/net/http/transport.go:1625 +0xdc5
net/http.(*Transport).dialConnFor(0xc0017901a0?, 0xc000e936b0)
        C:/Program Files/Go/src/net/http/transport.go:1467 +0x12a
created by net/http.(*Transport).queueForDial in goroutine 1707
        C:/Program Files/Go/src/net/http/transport.go:1436 +0x16b

goroutine 3657 [select]:
google.golang.org/grpc/internal/grpcsync.(*CallbackSerializer).run(0xc001987c50, {0x1416a8150, 0xc002310b90})
        C:/Users/Andres/go/pkg/mod/google.golang.org/grpc@v1.60.1/internal/grpcsync/callback_serializer.go:76 +0x1e9
created by google.golang.org/grpc/internal/grpcsync.NewCallbackSerializer in goroutine 3536
        C:/Users/Andres/go/pkg/mod/google.golang.org/grpc@v1.60.1/internal/grpcsync/callback_serializer.go:52 +0x20e

goroutine 2392 [select, 10 minutes]:
google.golang.org/grpc/test/bufconn.(*Listener).DialContext(0xc000596400, {0x1416a7f20, 0x141eed400})
        C:/Users/Andres/go/pkg/mod/google.golang.org/grpc@v1.60.1/test/bufconn/bufconn.go:98 +0x265
github.com/andrescosta/goico/pkg/service.(*BufConn).Tranport.func1({0x140078d39?, 0x14007cdf1?}, {0x14007ce29?, 0xc002111618?}, {0x1401a6125?, 0x0?})
        C:/Users/Andres/projects/go/goico/pkg/service/conn.go:119 +0x3d
net/http.(*Transport).dial(0xc000302140, {0x1416a81c0, 0xc0004831f0}, {0x14147e8e2, 0x3}, {0xc00000a7d6, 0xa})
        C:/Program Files/Go/src/net/http/transport.go:1183 +0xf0
net/http.(*Transport).dialConn(0xc000302140, {0x1416a81c0, 0xc0004831f0}, {{}, 0x0, {0xc0002e4c48, 0x4}, {0xc00000a7d6, 0xa}, 0x0})
        C:/Program Files/Go/src/net/http/transport.go:1625 +0xdc5
net/http.(*Transport).dialConnFor(0xa10800?, 0xc000e92630)
        C:/Program Files/Go/src/net/http/transport.go:1467 +0x12a
created by net/http.(*Transport).queueForDial in goroutine 1707
        C:/Program Files/Go/src/net/http/transport.go:1436 +0x16b

goroutine 2517 [select, 10 minutes]:
google.golang.org/grpc/test/bufconn.(*Listener).DialContext(0xc000596400, {0x1416a7f20, 0x141eed400})
        C:/Users/Andres/go/pkg/mod/google.golang.org/grpc@v1.60.1/test/bufconn/bufconn.go:98 +0x265
github.com/andrescosta/goico/pkg/service.(*BufConn).Tranport.func1({0x140078d39?, 0x14007cdf1?}, {0x14007ce29?, 0xc00248f618?}, {0x1401a6125?, 0x0?})
        C:/Users/Andres/projects/go/goico/pkg/service/conn.go:119 +0x3d
net/http.(*Transport).dial(0xc0000bdcc0, {0x1416a81c0, 0xc0002513b0}, {0x14147e8e2, 0x3}, {0xc0005118d6, 0xa})
        C:/Program Files/Go/src/net/http/transport.go:1183 +0xf0
net/http.(*Transport).dialConn(0xc0000bdcc0, {0x1416a81c0, 0xc0002513b0}, {{}, 0x0, {0xc0000433c8, 0x4}, {0xc0005118d6, 0xa}, 0x0})
        C:/Program Files/Go/src/net/http/transport.go:1625 +0xdc5
net/http.(*Transport).dialConnFor(0xa21900?, 0xc001cbe6e0)
        C:/Program Files/Go/src/net/http/transport.go:1467 +0x12a
created by net/http.(*Transport).queueForDial in goroutine 1707
        C:/Program Files/Go/src/net/http/transport.go:1436 +0x16b

goroutine 3118 [select, 9 minutes]:
google.golang.org/grpc/test/bufconn.(*Listener).DialContext(0xc000596400, {0x1416a7f20, 0x141eed400})
        C:/Users/Andres/go/pkg/mod/google.golang.org/grpc@v1.60.1/test/bufconn/bufconn.go:98 +0x265
github.com/andrescosta/goico/pkg/service.(*BufConn).Tranport.func1({0x140078d39?, 0x14007cdf1?}, {0x14007ce29?, 0xc000a73618?}, {0x1401a6125?, 0x0?})
        C:/Users/Andres/projects/go/goico/pkg/service/conn.go:119 +0x3d
net/http.(*Transport).dial(0xc0008a4a00, {0x1416a81c0, 0xc000275b90}, {0x14147e8e2, 0x3}, {0xc000511256, 0xa})
        C:/Program Files/Go/src/net/http/transport.go:1183 +0xf0
net/http.(*Transport).dialConn(0xc0008a4a00, {0x1416a81c0, 0xc000275b90}, {{}, 0x0, {0xc0006c8090, 0x4}, {0xc000511256, 0xa}, 0x0})
        C:/Program Files/Go/src/net/http/transport.go:1625 +0xdc5
net/http.(*Transport).dialConnFor(0xa8d600?, 0xc00058cb00)
        C:/Program Files/Go/src/net/http/transport.go:1467 +0x12a
created by net/http.(*Transport).queueForDial in goroutine 1707
        C:/Program Files/Go/src/net/http/transport.go:1436 +0x16b

goroutine 3328 [select, 9 minutes]:
google.golang.org/grpc/test/bufconn.(*Listener).DialContext(0xc000596400, {0x1416a7f20, 0x141eed400})
        C:/Users/Andres/go/pkg/mod/google.golang.org/grpc@v1.60.1/test/bufconn/bufconn.go:98 +0x265
github.com/andrescosta/goico/pkg/service.(*BufConn).Tranport.func1({0x140078d39?, 0x14007cdf1?}, {0x14007ce29?, 0xc000b3b618?}, {0x1401a6125?, 0x0?})
        C:/Users/Andres/projects/go/goico/pkg/service/conn.go:119 +0x3d
net/http.(*Transport).dial(0xc00246e3c0, {0x1416a81c0, 0xc00176a850}, {0x14147e8e2, 0x3}, {0xc001ddd796, 0xa})
        C:/Program Files/Go/src/net/http/transport.go:1183 +0xf0
net/http.(*Transport).dialConn(0xc00246e3c0, {0x1416a81c0, 0xc00176a850}, {{}, 0x0, {0xc000613968, 0x4}, {0xc001ddd796, 0xa}, 0x0})
        C:/Program Files/Go/src/net/http/transport.go:1625 +0xdc5
net/http.(*Transport).dialConnFor(0xc0017901a0?, 0xc000e934a0)
        C:/Program Files/Go/src/net/http/transport.go:1467 +0x12a
created by net/http.(*Transport).queueForDial in goroutine 1707
        C:/Program Files/Go/src/net/http/transport.go:1436 +0x16b

goroutine 3018 [select, 9 minutes]:
google.golang.org/grpc/test/bufconn.(*Listener).DialContext(0xc000596400, {0x1416a7f20, 0x141eed400})
        C:/Users/Andres/go/pkg/mod/google.golang.org/grpc@v1.60.1/test/bufconn/bufconn.go:98 +0x265
github.com/andrescosta/goico/pkg/service.(*BufConn).Tranport.func1({0x140078d39?, 0x14007cdf1?}, {0x14007ce29?, 0xc0005cf618?}, {0x1401a6125?, 0x0?})
        C:/Users/Andres/projects/go/goico/pkg/service/conn.go:119 +0x3d
net/http.(*Transport).dial(0xc001c132c0, {0x1416a81c0, 0xc00223d490}, {0x14147e8e2, 0x3}, {0xc001bba356, 0xa})
        C:/Program Files/Go/src/net/http/transport.go:1183 +0xf0
net/http.(*Transport).dialConn(0xc001c132c0, {0x1416a81c0, 0xc00223d490}, {{}, 0x0, {0xc00068f5a8, 0x4}, {0xc001bba356, 0xa}, 0x0})
        C:/Program Files/Go/src/net/http/transport.go:1625 +0xdc5
net/http.(*Transport).dialConnFor(0xc000fcb3e0?, 0xc000014b00)
        C:/Program Files/Go/src/net/http/transport.go:1467 +0x12a
created by net/http.(*Transport).queueForDial in goroutine 1707
        C:/Program Files/Go/src/net/http/transport.go:1436 +0x16b

goroutine 3464 [select, 9 minutes]:
google.golang.org/grpc/test/bufconn.(*Listener).DialContext(0xc000596400, {0x1416a7f20, 0x141eed400})
        C:/Users/Andres/go/pkg/mod/google.golang.org/grpc@v1.60.1/test/bufconn/bufconn.go:98 +0x265
github.com/andrescosta/goico/pkg/service.(*BufConn).Tranport.func1({0x140078d39?, 0x14007cdf1?}, {0x14007ce29?, 0xc001ae1618?}, {0x1401a6125?, 0x0?})
        C:/Users/Andres/projects/go/goico/pkg/service/conn.go:119 +0x3d
net/http.(*Transport).dial(0xc0020a4c80, {0x1416a81c0, 0xc00258e1c0}, {0x14147e8e2, 0x3}, {0xc001bbb976, 0xa})
        C:/Program Files/Go/src/net/http/transport.go:1183 +0xf0
net/http.(*Transport).dialConn(0xc0020a4c80, {0x1416a81c0, 0xc00258e1c0}, {{}, 0x0, {0xc002592078, 0x4}, {0xc001bbb976, 0xa}, 0x0})
        C:/Program Files/Go/src/net/http/transport.go:1625 +0xdc5
net/http.(*Transport).dialConnFor(0xc0017901a0?, 0xc000015130)
        C:/Program Files/Go/src/net/http/transport.go:1467 +0x12a
created by net/http.(*Transport).queueForDial in goroutine 1707
        C:/Program Files/Go/src/net/http/transport.go:1436 +0x16b

goroutine 3296 [select, 9 minutes]:
google.golang.org/grpc/test/bufconn.(*Listener).DialContext(0xc000596400, {0x1416a7f20, 0x141eed400})
        C:/Users/Andres/go/pkg/mod/google.golang.org/grpc@v1.60.1/test/bufconn/bufconn.go:98 +0x265
github.com/andrescosta/goico/pkg/service.(*BufConn).Tranport.func1({0x140078d39?, 0x14007cdf1?}, {0x14007ce29?, 0xc002173618?}, {0x1401a6125?, 0x0?})
        C:/Users/Andres/projects/go/goico/pkg/service/conn.go:119 +0x3d
net/http.(*Transport).dial(0xc001a53900, {0x1416a81c0, 0xc001a56e00}, {0x14147e8e2, 0x3}, {0xc00191f3b6, 0xa})
        C:/Program Files/Go/src/net/http/transport.go:1183 +0xf0
net/http.(*Transport).dialConn(0xc001a53900, {0x1416a81c0, 0xc001a56e00}, {{}, 0x0, {0xc001e10f30, 0x4}, {0xc00191f3b6, 0xa}, 0x0})
        C:/Program Files/Go/src/net/http/transport.go:1625 +0xdc5
net/http.(*Transport).dialConnFor(0xc0017901a0?, 0xc001cbf080)
        C:/Program Files/Go/src/net/http/transport.go:1467 +0x12a
created by net/http.(*Transport).queueForDial in goroutine 1707
        C:/Program Files/Go/src/net/http/transport.go:1436 +0x16b

goroutine 3635 [select, 9 minutes]:
google.golang.org/grpc/test/bufconn.(*Listener).DialContext(0xc00051c520, {0x1416a7f20, 0x141eed400})
        C:/Users/Andres/go/pkg/mod/google.golang.org/grpc@v1.60.1/test/bufconn/bufconn.go:98 +0x265
github.com/andrescosta/goico/pkg/service.(*BufConn).Tranport.func1({0x140078d39?, 0x14007cdf1?}, {0x14007ce29?, 0xc00288f618?}, {0x1401a6125?, 0x0?})
        C:/Users/Andres/projects/go/goico/pkg/service/conn.go:119 +0x3d
net/http.(*Transport).dial(0xc00288a140, {0x1416a81c0, 0xc001cd09a0}, {0x14147e8e2, 0x3}, {0xc001cc3336, 0xa})
        C:/Program Files/Go/src/net/http/transport.go:1183 +0xf0
net/http.(*Transport).dialConn(0xc00288a140, {0x1416a81c0, 0xc001cd09a0}, {{}, 0x0, {0xc001c76ae0, 0x4}, {0xc001cc3336, 0xa}, 0x0})
        C:/Program Files/Go/src/net/http/transport.go:1625 +0xdc5
net/http.(*Transport).dialConnFor(0xa95100?, 0xc0002e1d90)
        C:/Program Files/Go/src/net/http/transport.go:1467 +0x12a
created by net/http.(*Transport).queueForDial in goroutine 1924
        C:/Program Files/Go/src/net/http/transport.go:1436 +0x16b

goroutine 2809 [select, 9 minutes]:
google.golang.org/grpc/test/bufconn.(*Listener).DialContext(0xc000596400, {0x1416a7f20, 0x141eed400})
        C:/Users/Andres/go/pkg/mod/google.golang.org/grpc@v1.60.1/test/bufconn/bufconn.go:98 +0x265
github.com/andrescosta/goico/pkg/service.(*BufConn).Tranport.func1({0x140078d39?, 0x14007cdf1?}, {0x14007ce29?, 0xc001d87618?}, {0x1401a6125?, 0x0?})
        C:/Users/Andres/projects/go/goico/pkg/service/conn.go:119 +0x3d
net/http.(*Transport).dial(0xc000178a00, {0x1416a81c0, 0xc00223cb60}, {0x14147e8e2, 0x3}, {0xc00034b4d6, 0xa})
        C:/Program Files/Go/src/net/http/transport.go:1183 +0xf0
net/http.(*Transport).dialConn(0xc000178a00, {0x1416a81c0, 0xc00223cb60}, {{}, 0x0, {0xc00068e480, 0x4}, {0xc00034b4d6, 0xa}, 0x0})
        C:/Program Files/Go/src/net/http/transport.go:1625 +0xdc5
net/http.(*Transport).dialConnFor(0xa91e00?, 0xc0000148f0)
        C:/Program Files/Go/src/net/http/transport.go:1467 +0x12a
created by net/http.(*Transport).queueForDial in goroutine 1707
        C:/Program Files/Go/src/net/http/transport.go:1436 +0x16b

goroutine 3221 [select, 9 minutes]:
google.golang.org/grpc/test/bufconn.(*Listener).DialContext(0xc00051c520, {0x1416a7f20, 0x141eed400})
        C:/Users/Andres/go/pkg/mod/google.golang.org/grpc@v1.60.1/test/bufconn/bufconn.go:98 +0x265
github.com/andrescosta/goico/pkg/service.(*BufConn).Tranport.func1({0x140078d39?, 0x14007cdf1?}, {0x14007ce29?, 0xc0020d1618?}, {0x1401a6125?, 0x0?})
        C:/Users/Andres/projects/go/goico/pkg/service/conn.go:119 +0x3d
net/http.(*Transport).dial(0xc002016140, {0x1416a81c0, 0xc0020140e0}, {0x14147e8e2, 0x3}, {0xc00174ff46, 0xa})
        C:/Program Files/Go/src/net/http/transport.go:1183 +0xf0
net/http.(*Transport).dialConn(0xc002016140, {0x1416a81c0, 0xc0020140e0}, {{}, 0x0, {0xc00041ff68, 0x4}, {0xc00174ff46, 0xa}, 0x0})
        C:/Program Files/Go/src/net/http/transport.go:1625 +0xdc5
net/http.(*Transport).dialConnFor(0xa1a400?, 0xc000b9e840)
        C:/Program Files/Go/src/net/http/transport.go:1467 +0x12a
created by net/http.(*Transport).queueForDial in goroutine 1924
        C:/Program Files/Go/src/net/http/transport.go:1436 +0x16b

goroutine 3606 [select, 9 minutes]:
google.golang.org/grpc/test/bufconn.(*Listener).DialContext(0xc000596400, {0x1416a7f20, 0x141eed400})
        C:/Users/Andres/go/pkg/mod/google.golang.org/grpc@v1.60.1/test/bufconn/bufconn.go:98 +0x265
github.com/andrescosta/goico/pkg/service.(*BufConn).Tranport.func1({0x140078d39?, 0x14007cdf1?}, {0x14007ce29?, 0xc002915618?}, {0x1401a6125?, 0x0?})
        C:/Users/Andres/projects/go/goico/pkg/service/conn.go:119 +0x3d
net/http.(*Transport).dial(0xc001e69900, {0x1416a81c0, 0xc001e6ef50}, {0x14147e8e2, 0x3}, {0xc0022c3226, 0xa})
        C:/Program Files/Go/src/net/http/transport.go:1183 +0xf0
net/http.(*Transport).dialConn(0xc001e69900, {0x1416a81c0, 0xc001e6ef50}, {{}, 0x0, {0xc001e0d308, 0x4}, {0xc0022c3226, 0xa}, 0x0})
        C:/Program Files/Go/src/net/http/transport.go:1625 +0xdc5
net/http.(*Transport).dialConnFor(0xab9100?, 0xc000f21550)
        C:/Program Files/Go/src/net/http/transport.go:1467 +0x12a
created by net/http.(*Transport).queueForDial in goroutine 1707
        C:/Program Files/Go/src/net/http/transport.go:1436 +0x16b

goroutine 2648 [select, 9 minutes]:
google.golang.org/grpc/test/bufconn.(*Listener).DialContext(0xc000596400, {0x1416a7f20, 0x141eed400})
        C:/Users/Andres/go/pkg/mod/google.golang.org/grpc@v1.60.1/test/bufconn/bufconn.go:98 +0x265
github.com/andrescosta/goico/pkg/service.(*BufConn).Tranport.func1({0x140078d39?, 0x14007cdf1?}, {0x14007ce29?, 0xc0010f5618?}, {0x1401a6125?, 0x0?})
        C:/Users/Andres/projects/go/goico/pkg/service/conn.go:119 +0x3d
net/http.(*Transport).dial(0xc000022280, {0x1416a81c0, 0xc0002507e0}, {0x14147e8e2, 0x3}, {0xc002762726, 0xa})
        C:/Program Files/Go/src/net/http/transport.go:1183 +0xf0
net/http.(*Transport).dialConn(0xc000022280, {0x1416a81c0, 0xc0002507e0}, {{}, 0x0, {0xc0000d84e0, 0x4}, {0xc002762726, 0xa}, 0x0})
        C:/Program Files/Go/src/net/http/transport.go:1625 +0xdc5
net/http.(*Transport).dialConnFor(0xac9f00?, 0xc0013e3760)
        C:/Program Files/Go/src/net/http/transport.go:1467 +0x12a
created by net/http.(*Transport).queueForDial in goroutine 1707
        C:/Program Files/Go/src/net/http/transport.go:1436 +0x16b

goroutine 2748 [select, 9 minutes]:
google.golang.org/grpc/test/bufconn.(*Listener).DialContext(0xc000596400, {0x1416a7f20, 0x141eed400})
        C:/Users/Andres/go/pkg/mod/google.golang.org/grpc@v1.60.1/test/bufconn/bufconn.go:98 +0x265
github.com/andrescosta/goico/pkg/service.(*BufConn).Tranport.func1({0x140078d39?, 0x14007cdf1?}, {0x14007ce29?, 0xc001abb618?}, {0x1401a6125?, 0x0?})
        C:/Users/Andres/projects/go/goico/pkg/service/conn.go:119 +0x3d
net/http.(*Transport).dial(0xc000023400, {0x1416a81c0, 0xc0003c88c0}, {0x14147e8e2, 0x3}, {0xc0027630b6, 0xa})
        C:/Program Files/Go/src/net/http/transport.go:1183 +0xf0
net/http.(*Transport).dialConn(0xc000023400, {0x1416a81c0, 0xc0003c88c0}, {{}, 0x0, {0xc0000d8e10, 0x4}, {0xc0027630b6, 0xa}, 0x0})
        C:/Program Files/Go/src/net/http/transport.go:1625 +0xdc5
net/http.(*Transport).dialConnFor(0xab4c00?, 0xc0013e3b80)
        C:/Program Files/Go/src/net/http/transport.go:1467 +0x12a
created by net/http.(*Transport).queueForDial in goroutine 1707
        C:/Program Files/Go/src/net/http/transport.go:1436 +0x16b

goroutine 2704 [select, 9 minutes]:
google.golang.org/grpc/test/bufconn.(*Listener).DialContext(0xc000596400, {0x1416a7f20, 0x141eed400})
        C:/Users/Andres/go/pkg/mod/google.golang.org/grpc@v1.60.1/test/bufconn/bufconn.go:98 +0x265
github.com/andrescosta/goico/pkg/service.(*BufConn).Tranport.func1({0x140078d39?, 0x14007cdf1?}, {0x14007ce29?, 0xc000c0f618?}, {0x1401a6125?, 0x0?})
        C:/Users/Andres/projects/go/goico/pkg/service/conn.go:119 +0x3d
net/http.(*Transport).dial(0xc000023040, {0x1416a81c0, 0xc000251e30}, {0x14147e8e2, 0x3}, {0xc002763026, 0xa})
        C:/Program Files/Go/src/net/http/transport.go:1183 +0xf0
net/http.(*Transport).dialConn(0xc000023040, {0x1416a81c0, 0xc000251e30}, {{}, 0x0, {0xc0000d8de0, 0x4}, {0xc002763026, 0xa}, 0x0})
        C:/Program Files/Go/src/net/http/transport.go:1625 +0xdc5
net/http.(*Transport).dialConnFor(0xc001ae4280?, 0xc0013e3a20)
        C:/Program Files/Go/src/net/http/transport.go:1467 +0x12a
created by net/http.(*Transport).queueForDial in goroutine 1707
        C:/Program Files/Go/src/net/http/transport.go:1436 +0x16b

goroutine 101791 [select]:
google.golang.org/grpc.(*addrConn).resetTransport(0xc00230e840)
        C:/Users/Andres/go/pkg/mod/google.golang.org/grpc@v1.60.1/clientconn.go:1292 +0x3ef
google.golang.org/grpc.(*addrConn).connect(0xc00230e840)
        C:/Users/Andres/go/pkg/mod/google.golang.org/grpc@v1.60.1/clientconn.go:930 +0x235
created by google.golang.org/grpc.(*acBalancerWrapper).Connect in goroutine 3657
        C:/Users/Andres/go/pkg/mod/google.golang.org/grpc@v1.60.1/balancer_wrapper.go:315 +0xa7

goroutine 2900 [select, 9 minutes]:
google.golang.org/grpc/test/bufconn.(*Listener).DialContext(0xc000596400, {0x1416a7f20, 0x141eed400})
        C:/Users/Andres/go/pkg/mod/google.golang.org/grpc@v1.60.1/test/bufconn/bufconn.go:98 +0x265
github.com/andrescosta/goico/pkg/service.(*BufConn).Tranport.func1({0x140078d39?, 0x14007cdf1?}, {0x14007ce29?, 0xc0004df618?}, {0x1401a6125?, 0x0?})
        C:/Users/Andres/projects/go/goico/pkg/service/conn.go:119 +0x3d
net/http.(*Transport).dial(0xc0003c5680, {0x1416a81c0, 0xc000db0bd0}, {0x14147e8e2, 0x3}, {0xc0019761d6, 0xa})
        C:/Program Files/Go/src/net/http/transport.go:1183 +0xf0
net/http.(*Transport).dialConn(0xc0003c5680, {0x1416a81c0, 0xc000db0bd0}, {{}, 0x0, {0xc0000d9a58, 0x4}, {0xc0019761d6, 0xa}, 0x0})
        C:/Program Files/Go/src/net/http/transport.go:1625 +0xdc5
net/http.(*Transport).dialConnFor(0xaa1100?, 0xc0013e3ef0)
        C:/Program Files/Go/src/net/http/transport.go:1467 +0x12a
created by net/http.(*Transport).queueForDial in goroutine 1707
        C:/Program Files/Go/src/net/http/transport.go:1436 +0x16b
FAIL    github.com/andrescosta/jobico/internal/test     600.214s
FAIL
make: *** [Makefile:22: test] Error 1
PS C:\Users\Andres\projects\go\jobico> exit